PDFs total: 5085; already have raw: 2; already have md: 958; to extract: 4125
targets: R106/1997/r106-1997-gb1-2007-01-rev1, R106/1997/r106-1997-gb1-2007-01-rev2, R106/1997/r106-1997-gb1-2007-01-rev3 ...
[00006/04125] R106/1997/r106-1997-gb1-2007-01-rev1 (39.3s, 2 pages)
[00007/04125] R106/1997/r106-1997-gb1-2007-01-rev2 (65.2s, 3 pages)
[00008/04125] R106/1997/r106-1997-gb1-2007-01-rev3 (75.4s, 3 pages)
[00009/04125] R107/1997/r107-1997-de1-2004-02-rev2 (38.5s, 2 pages)
[00010/04125] R106/1997/r106-1997-gb1-2007-01-rev4 (95.3s, 4 pages)
[00011/04125] R107/1997/r107-1997-de1-2005-01 (54.1s, 2 pages)
[00012/04125] R107/1997/r107-1997-de1-2005-02 (63.1s, 2 pages)
[00013/04125] R107/1997/r107-1997-nl1-2009-01 (20.7s, 2 pages)
[00014/04125] R107/1997/r107-1997-nl1-2005-01 (50.6s, 2 pages)
[00015/04125] R106/1997/r106-1997-gb1-2007-01 (151.8s, 2 pages)
[00016/04125] R106/1997/r106-1997-ru1-2006-01 (196.8s, 2 pages)
[00017/04125] R117/1995/r117-1995-cn1-2008-02 (60.8s, 2 pages)
[00018/04125] R117/1995/r117-1995-cn1-2008-03 (58.4s, 2 pages)
[00019/04125] R117/1995/r117-1995-cn1-2008-01 (85.8s, 2 pages)
[00020/04125] R117/1995/r117-1995-cn1-2009-01 (43.5s, 2 pages)
[00021/04125] R117/1995/r117-1995-cn1-2008-06 (73.2s, 2 pages)
[00022/04125] R117/1995/r117-1995-cn1-2008-04 (122.6s, 2 pages)
[00023/04125] R117/1995/r117-1995-cn1-2010-01 (83.1s, 2 pages)
[00024/04125] R117/1995/r117-1995-cn1-2011-01 (69.0s, 2 pages)
[00025/04125] R117/1995/r117-1995-cn1-2015-01 (31.7s, 2 pages)
[00026/04125] R117/1995/r117-1995-cn1-2013-01 (84.3s, 2 pages)
[00027/04125] R107/1997/r107-1997-fr2-2005-01 (288.9s, 2 pages)
[00028/04125] R117/1995/r117-1995-cz1-2007-01 (56.2s, 2 pages)
[00029/04125] R117/1995/r117-1995-cn1-2016-01 (106.3s, 2 pages)
[00030/04125] R117/1995/r117-1995-cn1-2013-01-rev1 (153.5s, 2 pages)
[00031/04125] R117/1995/r117-1995-cz1-2005-01 (89.0s, 2 pages)
[00032/04125] R117/1995/r117-1995-cz1-2005-02 (105.0s, 3 pages)
[00033/04125] R117/1995/r117-1995-cn1-2008-05 (269.6s, 2 pages)
[00034/04125] R117/1995/r117-1995-cz1-2007-02 (51.5s, 2 pages)
[00035/04125] R117/1995/r117-1995-gb1-2005-01-rev1 (57.7s, 2 pages)
[00036/04125] R117/1995/r117-1995-gb1-2010-01 (72.1s, 3 pages)
[00037/04125] R117/1995/r117-1995-gb1-2010-02 (47.8s, 3 pages)
[00038/04125] R117/1995/r117-1995-gb1-2011-01 (40.1s, 3 pages)
[00039/04125] R117/1995/r117-1995-gb1-2010-01-rev1 (94.5s, 3 pages)
[00040/04125] R117/1995/r117-1995-gb1-2013-01-annex02 (39.6s, 1 pages)
[00041/04125] R117/1995/r117-1995-gb1-2014-01 (50.6s, 3 pages)
[00042/04125] R117/1995/r117-1995-gb1-2010-03 (105.2s, 3 pages)
[00043/04125] R117/1995/r117-1995-gb1-2013-01 (75.2s, 3 pages)
[00044/04125] R117/1995/r117-1995-gb1-2013-02 (91.1s, 3 pages)
[00045/04125] R117/1995/r117-1995-jp1-2006-01 (58.3s, 4 pages)
[00046/04125] R117/1995/r117-1995-gb1-2010-02-rev1 (177.3s, 3 pages)
[00047/04125] R117/1995/r117-1995-jp1-2002-01-rev1 (126.7s, 4 pages)
[00048/04125] R117/1995/r117-1995-jp1-2011-01-rev3 (42.5s, 4 pages)
[00049/04125] R117/1995/r117-1995-jp1-2011-01-rev2 (73.8s, 4 pages)
[00050/04125] R117/1995/r117-1995-jp1-2009-01-rev2 (112.2s, 4 pages)
[00051/04125] R117/1995/r117-1995-jp1-2009-01-rev1 (156.1s, 4 pages)
[00052/04125] R117/1995/r117-1995-jp1-2009-01 (148.4s, 4 pages)
[00053/04125] R117/1995/r117-1995-jp1-2011-01-rev5 (91.2s, 4 pages)
[00054/04125] R117/1995/r117-1995-jp1-2008-01 (259.1s, 3 pages)
[00055/04125] R117/1995/r117-1995-jp1-2011-01-rev4 (151.4s, 4 pages)
[00056/04125] R117/1995/r117-1995-jp1-2013-01-rev1 (198.0s, 3 pages)
[00057/04125] R117/1995/r117-1995-jp1-2011-02 (245.2s, 4 pages)
[00058/04125] R117/1995/r117-1995-jp1-2011-01 (290.3s, 4 pages)
[00059/04125] R117/1995/r117-1995-jp1-2013-01 (195.8s, 3 pages)
[00060/04125] R117/1995/r117-1995-jp1-2011-01-rev5-annex1 (369.5s, 1 pages)
[00061/04125] R117/1995/r117-1995-jp1-2021-01 (39.0s, 4 pages)
[00062/04125] R117/1995/r117-1995-jp1-2014-01 (160.9s, 3 pages)
[00063/04125] R117/1995/r117-1995-nl1-2005-01 (79.4s, 3 pages)
[00064/04125] R117/1995/r117-1995-jp1-2016-01-rev1 (170.8s, 4 pages)
[00065/04125] R117/1995/r117-1995-jp1-2013-01-rev2 (362.4s, 4 pages)
[00066/04125] R117/1995/r117-1995-nl1-2004-04 (125.0s, 4 pages)
[00067/04125] R117/1995/r117-1995-jp1-2016-01 (185.8s, 4 pages)
[00068/04125] R117/1995/r117-1995-nl1-2005-04-rev2 (93.9s, 4 pages)
[00069/04125] R117/1995/r117-1995-nl1-2005-04-rev1 (115.2s, 4 pages)
[00070/04125] R117/1995/r117-1995-nl1-2005-07 (146.4s, 3 pages)
[00071/04125] R117/1995/r117-1995-nl1-2006-01 (109.6s, 4 pages)
[00072/04125] R117/1995/r117-1995-nl1-2005-02 (226.2s, 3 pages)
[00073/04125] R117/1995/r117-1995-nl1-2005-08 (147.4s, 3 pages)
[00074/04125] R117/1995/r117-1995-nl1-2006-02 (92.6s, 3 pages)
[00075/04125] R117/1995/r117-1995-nl1-2006-03 (107.3s, 3 pages)
[00076/04125] R117/1995/r117-1995-nl1-2005-06 (347.9s, 4 pages)
[00077/04125] R117/1995/r117-1995-nl1-2007-01 (127.2s, 3 pages)
[00078/04125] R117/1995/r117-1995-nl1-2008-02 (79.2s, 5 pages)
[00079/04125] R117/1995/r117-1995-nl1-2006-03-rev1 (189.0s, 3 pages)
[00080/04125] R117/1995/r117-1995-nl1-2009-01-rev1 (37.5s, 2 pages)
[00081/04125] R117/1995/r117-1995-nl1-2007-02 (169.5s, 4 pages)
[00082/04125] R117/1995/r117-1995-nl1-2009-01-rev2 (77.6s, 3 pages)
[00083/04125] R117/1995/r117-1995-nl1-2005-04 (454.5s, 4 pages)
[00084/04125] R117/1995/r117-1995-nl1-2009-01-rev4 (76.0s, 3 pages)
[00085/04125] R117/1995/r117-1995-nl1-2009-02-rev2 (30.2s, 3 pages)
[00086/04125] R117/1995/r117-1995-nl1-2009-01-rev3 (87.4s, 3 pages)
[00087/04125] R117/1995/r117-1995-nl1-2009-01 (110.6s, 3 pages)
[00088/04125] R117/1995/r117-1995-nl1-2009-02 (36.6s, 2 pages)
[00089/04125] R117/1995/r117-1995-nl1-2009-03-rev1 (43.1s, 2 pages)
[00090/04125] R117/1995/r117-1995-nl1-2009-02-rev4 (74.9s, 4 pages)
[00091/04125] R117/1995/r117-1995-nl1-2009-03 (37.6s, 2 pages)
[00092/04125] R117/1995/r117-1995-nl1-2009-02-rev1 (124.8s, 2 pages)
[00093/04125] R117/1995/r117-1995-nl1-2010-01-rev1 (59.5s, 2 pages)
[00094/04125] R117/1995/r117-1995-nl1-2010-01 (97.4s, 2 pages)
[00095/04125] R117/1995/r117-1995-nl1-2011-01-rev0 (153.6s, 3 pages)
[00096/04125] R117/1995/r117-1995-nl1-2015-01 (77.3s, 2 pages)
[00097/04125] R117/1995/r117-1995-nl1-2009-02-rev3 (262.4s, 4 pages)
[00098/04125] R117/1995/r117-1995-nl1-2012-01-rev2 (174.6s, 4 pages)
[00099/04125] R117/1995/r117-1995-nl1-2009-03-rev3 (225.7s, 2 pages)
[00100/04125] R117/1995/r117-1995-nl1-2012-01 (185.2s, 3 pages)
[00101/04125] R117/1995/r117-1995-ru1-2003-01-rev4-annex01 (87.1s, 1 pages)
[00102/04125] R117/1995/r117-1995-ru1-2003-01-rev3 (98.5s, 2 pages)
[00103/04125] R117/1995/r117-1995-ru1-2005-01-rev1 (55.6s, 2 pages)
[00104/04125] R117/1995/r117-1995-ru1-2004-01-rev2 (111.9s, 2 pages)
[00105/04125] R117/1995/r117-1995-nl1-2016-03-rev2 (202.3s, 3 pages)
[00106/04125] R117/1995/r117-1995-ru1-2004-01-rev1 (180.4s, 2 pages)
[00107/04125] R117/1995/r117-1995-ru1-2005-01-rev2 (143.1s, 2 pages)
[00108/04125] R117/1995/r117-1995-ru1-2003-01-rev4 (237.3s, 2 pages)
[00109/04125] R117/1995/r117-1995-ru1-2005-01 (119.0s, 2 pages)
[00110/04125] R117/1995/r117-1995-ru1-2005-02 (98.6s, 2 pages)
[00111/04125] R117/1995/r117-1995-ru1-2005-03-rev1 (60.1s, 2 pages)
[00112/04125] R117/1995/r117-1995-ru1-2005-01-rev3 (157.6s, 2 pages)
[00113/04125] R117/1995/r117-1995-ru1-2005-03 (59.2s, 3 pages)
[00114/04125] R117/1995/r117-1995-ru1-2005-04 (80.9s, 2 pages)
[00115/04125] R117/1995/r117-1995-ru1-2006-01 (78.3s, 2 pages)
[00116/04125] R117/1995/r117-1995-ru1-2005-02-rev1 (191.4s, 2 pages)
[00117/04125] R117/1995/r117-1995-ru1-2006-03 (86.7s, 2 pages)
[00118/04125] R117/1995/r117-1995-ru1-2006-04 (104.3s, 2 pages)
[00119/04125] R117/1995/r117-1995-ru1-2006-08 (51.1s, 2 pages)
[00120/04125] R117/1995/r117-1995-ru1-2006-07 (94.6s, 2 pages)
[00121/04125] R117/1995/r117-1995-ru1-2006-05 (127.9s, 2 pages)
[00122/04125] R117/1995/r117-1995-ru1-2006-08-rev1 (121.6s, 2 pages)
[00123/04125] R117/1995/r117-1995-ru1-2009-01 (59.4s, 2 pages)
[00124/04125] R117/1995/r117-1995-ru1-2008-01 (70.3s, 2 pages)
[00125/04125] R117/1995/r117-1995-ru1-2009-03 (57.4s, 2 pages)
[00126/04125] R117/1995/r117-1995-ru1-2010-01 (71.3s, 2 pages)
[00127/04125] R117/1995/r117-1995-ru1-2010-02 (53.3s, 2 pages)
[00128/04125] R117/1995/r117-1995-ru1-2013-01 (96.5s, 2 pages)
[00129/04125] R117/1995/r117-1995-ru1-2013-02 (101.2s, 2 pages)
[00130/04125] R117/1995/r117-1995-ru1-2014-02 (86.3s, 2 pages)
[00131/04125] R117/1995/r117-1995-ru1-2006-06 (325.5s, 2 pages)
[00132/04125] R117/1995/r117-1995-ru1-2017-01-rev1 (77.7s, 3 pages)
[00133/04125] R117/1995/r117-1995-ru1-2014-01 (162.8s, 3 pages)
[00134/04125] R117/1995/r117-1995-ru1-2006-02 (453.5s, 2 pages)
[00135/04125] R117/1995/r117-1995-ru1-2017-02 (88.6s, 2 pages)
[00136/04125] R117/1995/r117-1995-se1-2001-01-rev1 (82.0s, 2 pages)
[00137/04125] R117/1995/r117-1995-se1-2005-01-rev2 (65.6s, 2 pages)
[00138/04125] R117/1995/r117-1995-se1-2013-01-rev1-annex1 (14.0s, 1 pages)
[00139/04125] R117/1995/r117-1995-ru1-2017-03 (152.6s, 2 pages)
[00140/04125] R117/1995/r117-1995-se1-2005-01-rev3 (100.3s, 2 pages)
[00141/04125] R117/1995/r117-1995-se1-2005-01-rev4 (135.8s, 2 pages)
[00142/04125] R117/1995/r117-1995-ru1-2016-01 (284.1s, 3 pages)
[00143/04125] R117/1995/r117-1995-sk1-2011-01-rev1 (84.3s, 2 pages)
[00144/04125] R117/1995/r117-1995-sk1-2011-01 (95.3s, 2 pages)
[00145/04125] R117/2007/r117-2007-au1-2016-01 (35.2s, 2 pages)
[00146/04125] R117/2007/r117-2007-cn2-2019-01 (48.5s, 2 pages)
[00147/04125] R117/2007/r117-2007-au1-2016-1-annex1 (75.8s, 2 pages)
[00148/04125] R117/2007/r117-2007-cn1-2017-01 (64.3s, 2 pages)
[00149/04125] R117/2007/r117-2007-cz1-2016-01 (102.7s, 9 pages)
[00150/04125] R117/2007/r117-2007-au1-2016-01-annex2 (228.9s, 2 pages)
[00151/04125] R117/2007/r117-2007-cz1-2019-02 (134.4s, 3 pages)
[00152/04125] R117/2007/r117-2007-cz1-2019-01 (164.1s, 3 pages)
[00153/04125] R117/1995/r117-1995-se1-2013-01 (382.1s, 4 pages)
[00154/04125] R117/2007/r117-2007-cz1-2019-03 (111.4s, 3 pages)
[00155/04125] R117/1995/r117-1995-se1-2013-01-rev1 (459.8s, 5 pages)
[00156/04125] R117/2007/r117-2007-fr2-2017-02 (139.2s, 4 pages)
[00157/04125] R117/2007/r117-2007-gb1-2017-01-rev0-annex01 (42.1s, 1 pages)
[00158/04125] R117/2007/r117-2007-gb1-2016-05 (139.8s, 5 pages)
[00159/04125] R117/2007/r117-2007-gb1-2016-04 (155.9s, 3 pages)
[00160/04125] R117/2007/r117-2007-gb1-2017-02-rev0-annex01 (29.6s, 1 pages)
[00161/04125] R117/2007/r117-2007-gb1-2017-02 (87.7s, 3 pages)
[00162/04125] R117/2007/r117-2007-gb1-2016-03 (316.0s, 3 pages)
[00163/04125] R117/2007/r117-2007-gb1-2017-04 (52.9s, 3 pages)
[00164/04125] R117/2007/r117-2007-gb1-2017-03 (122.0s, 3 pages)
[00165/04125] R117/2007/r117-2007-gb1-2016-06 (290.1s, 7 pages)
[00166/04125] R117/2007/r117-2007-gb1-2017-01 (335.3s, 3 pages)
[00167/04125] R117/2007/r117-2007-gb1-2018-01 (183.9s, 4 pages)
[00168/04125] R117/2007/r117-2007-gb1-2019-01-rev1 (183.5s, 4 pages)
[00169/04125] R117/2007/r117-2007-jp1-2017-01-rev1 (55.0s, 4 pages)
[00170/04125] R117/2007/r117-2007-gb1-2019-01 (251.2s, 5 pages)
[00171/04125] R117/2007/r117-2007-gb1-2019-03 (120.0s, 5 pages)
[00172/04125] R117/2007/r117-2007-gb1-2019-02-rev1 (236.7s, 5 pages)
[00173/04125] R117/2007/r117-2007-nl1-2015-01-rev1 (57.5s, 2 pages)
[00174/04125] R117/2007/r117-2007-nl1-2015-01 (80.7s, 2 pages)
[00175/04125] R117/2007/r117-2007-nl1-2015-02 (78.5s, 2 pages)
[00176/04125] R117/2007/r117-2007-gb1-2019-02 (229.8s, 5 pages)
[00177/04125] R117/2007/r117-2007-nl1-2015-01-rev2 (101.5s, 2 pages)
[00178/04125] R117/2007/r117-2007-nl1-2016-01 (71.2s, 3 pages)
[00179/04125] R117/2007/r117-2007-nl1-2016-01-rev1 (92.7s, 3 pages)
[00180/04125] R117/2007/r117-2007-nl1-2016-02 (52.7s, 5 pages)
[00181/04125] R117/2007/r117-2007-nl1-2015-03-rev1 (142.8s, 3 pages)
[00182/04125] R117/2007/r117-2007-nl1-2016-02-rev1 (151.4s, 5 pages)
[00183/04125] R117/2007/r117-2007-nl1-2016-03-rev1 (120.3s, 6 pages)
[00184/04125] R117/2007/r117-2007-nl1-2016-03 (138.3s, 5 pages)
[00185/04125] R117/2007/r117-2007-nl1-2016-04 (117.2s, 6 pages)
[00186/04125] R117/2007/r117-2007-jp1-2017-01 (479.2s, 4 pages)
[00187/04125] R117/2007/r117-2007-nl1-2016-05 (95.9s, 2 pages)
[00188/04125] R117/2007/r117-2007-nl1-2017-02 (30.0s, 2 pages)
[00189/04125] R117/2007/r117-2007-nl1-2016-04-rev1 (286.8s, 6 pages)
[00190/04125] R117/2007/r117-2007-nl1-2016-05-rev2 (163.7s, 3 pages)
[00191/04125] R117/2007/r117-2007-nl1-2017-03 (41.8s, 2 pages)
[00192/04125] R117/2007/r117-2007-nl1-2016-05-rev1 (229.6s, 3 pages)
[00193/04125] R117/2007/r117-2007-nl1-2017-01 (227.3s, 5 pages)
[00194/04125] R117/2007/r117-2007-nl1-2017-04 (208.4s, 3 pages)
[00195/04125] R117/2007/r117-2007-nl1-2018-01 (201.5s, 3 pages)
[00196/04125] R117/2007/r117-2007-nl1-2018-02-rev0 (273.2s, 4 pages)
[00197/04125] R117/2007/r117-2007-nl1-2017-04-rev1 (312.7s, 3 pages)
[00198/04125] R117/2007/r117-2007-nl1-2018-03 (118.7s, 3 pages)
[00199/04125] R117/2007/r117-2007-nl1-2018-05-rev1 (51.3s, 3 pages)
[00200/04125] R117/2007/r117-2007-nl1-2018-03-rev1 (254.7s, 3 pages)
[00201/04125] R117/2007/r117-2007-nl1-2018-04 (91.2s, 5 pages)
[00202/04125] R117/2007/r117-2007-nl1-2018-03-rev2 (190.0s, 3 pages)
[00203/04125] R117/2007/r117-2007-nl1-2019-04 (137.2s, 2 pages)
[00204/04125] R117/2007/r117-2007-fr2-2017-01 (1723.9s, 2 pages)
[00205/04125] R117/2007/r117-2007-nl1-2019-02 (178.0s, 4 pages)
[00206/04125] R117/2007/r117-2007-nl1-2019-03 (169.4s, 3 pages)
[00207/04125] R117/2007/r117-2007-nl1-2018-05 (221.7s, 3 pages)
[00208/04125] R117/2007/r117-2007-nl1-2019-05 (156.5s, 2 pages)
[00209/04125] R117/2007/r117-2007-nl1-2019-06 (51.0s, 3 pages)
[00210/04125] R117/2007/r117-2007-nl1-2020-03 (15.0s, 2 pages)
[00211/04125] R117/2007/r117-2007-nl1-2019-10 (132.6s, 3 pages)
[00212/04125] R117/2007/r117-2007-nl1-2020-02 (152.2s, 2 pages)
[00213/04125] R117/2007/r117-2007-nl1-2019-07 (200.6s, 3 pages)
[00214/04125] R117/2007/r117-2007-nl1-2020-04-rev3 (70.5s, 5 pages)
[00215/04125] R117/2007/r117-2007-nl1-2020-04-rev2 (215.7s, 5 pages)
[00216/04125] R117/2007/r117-2007-nl1-2020-04-rev1 (218.0s, 5 pages)
[00217/04125] R117/2007/r117-2007-nl1-2020-04 (207.5s, 5 pages)
[00218/04125] R117/2007/r117-2007-nl1-2020-05 (183.3s, 5 pages)
[00219/04125] R117/2007/r117-2007-nl1-2020-05-rev2 (247.1s, 5 pages)
[00220/04125] R117/2007/r117-2007-nl1-2020-06 (225.8s, 2 pages)
[00221/04125] R117/2007/r117-2007-nl1-2020-05-rev1 (285.2s, 6 pages)
[00222/04125] R117/2007/r117-2007-nl1-2020-07-rev2 (49.5s, 4 pages)
[00223/04125] R117/2007/r117-2007-nl1-2020-07-rev3 (167.2s, 4 pages)
[00224/04125] R117/2007/r117-2007-nl1-2020-07-rev1 (269.3s, 4 pages)
[00225/04125] R117/2007/r117-2007-nl1-2020-08 (229.6s, 7 pages)
[00226/04125] R117/2007/r117-2007-nl1-2020-07 (261.6s, 4 pages)
[00227/04125] R117/2007/r117-2007-nl1-2020-07-rev4 (334.9s, 4 pages)
[00228/04125] R117/2007/r117-2007-nl1-2020-10-rev1 (110.2s, 3 pages)
[00229/04125] R117/2007/r117-2007-nl1-2020-09-rev1 (296.5s, 3 pages)
[00230/04125] R117/2007/r117-2007-nl1-2020-10-rev2 (123.9s, 3 pages)
[00231/04125] R117/2007/r117-2007-nl1-2020-09 (388.5s, 3 pages)
[00232/04125] R117/2007/r117-2007-nl1-2020-10-rev3 (136.8s, 3 pages)
[00233/04125] R117/2007/r117-2007-nl1-2020-10-rev5 (131.7s, 3 pages)
[00234/04125] R117/2007/r117-2007-nl1-2020-10-rev12 (365.0s, 4 pages)
[00235/04125] R117/2007/r117-2007-nl1-2020-10-rev6 (133.6s, 3 pages)
[00236/04125] R117/2007/r117-2007-nl1-2020-10-rev4 (305.0s, 3 pages)
[00237/04125] R117/2007/r117-2007-nl1-2020-10-rev7 (127.8s, 3 pages)
[00238/04125] R117/2007/r117-2007-nl1-2020-10-rev8 (232.0s, 4 pages)
[00239/04125] R117/2007/r117-2007-nl1-2020-10-rev9 (235.2s, 4 pages)
[00240/04125] R117/2007/r117-2007-nl1-2020-10 (210.2s, 4 pages)
[00241/04125] R117/2007/r117-2007-nl1-2020-11 (195.2s, 3 pages)
[00242/04125] R117/2007/r117-2007-nl1-2020-10-rev11 (791.0s, 4 pages)
[00243/04125] R117/2007/r117-2007-nl1-2021-01-rev1 (261.3s, 6 pages)
[00244/04125] R117/2007/r117-2007-nl1-2021-01 (289.4s, 6 pages)
[00245/04125] R117/2007/r117-2007-nl1-2021-02-rev2 (248.2s, 8 pages)
[00246/04125] R117/2007/r117-2007-nl1-2021-02 (187.6s, 7 pages)
[00247/04125] R117/2007/r117-2007-nl1-2021-02-rev1 (413.8s, 8 pages)
[00248/04125] R117/2007/r117-2007-nl1-2021-04-rev1 (104.8s, 3 pages)
[00249/04125] R117/2007/r117-2007-nl1-2021-03-rev1 (445.1s, 7 pages)
[00250/04125] R117/2007/r117-2007-nl1-2021-03-rev2 (504.8s, 7 pages)
[00251/04125] R117/2007/r117-2007-nl1-2021-04 (393.3s, 3 pages)
[00252/04125] R117/2007/r117-2007-nl1-2021-05 (226.1s, 3 pages)
[00253/04125] R117/2007/r117-2007-nl1-2021-03 (594.3s, 6 pages)
FAIL R117/2007/r117-2007-nl1-2019-08: API error for R117/2007/r117-2007-nl1-2019-08: {"error" => "Net::ReadTimeout with #<TCPSocket:(closed)>"}
[00255/04125] R117/2007/r117-2007-nl1-2022-05-rev0 (106.6s, 4 pages)
[00256/04125] R117/2007/r117-2007-nl1-2022-05-rev2 (41.1s, 4 pages)
[00257/04125] R117/2007/r117-2007-nl1-2022-12-rev0 (30.1s, 2 pages)
[00258/04125] R117/2007/r117-2007-nl1-2022-12-rev1 (32.1s, 2 pages)
[00259/04125] R117/2007/r117-2007-nl1-2022-05-rev1 (221.3s, 4 pages)
[00260/04125] R117/2007/r117-2007-nl1-2022-05-rev3 (151.8s, 4 pages)
[00261/04125] R117/2007/r117-2007-nl1-2021-02-rev3 (1106.0s, 9 pages)
[00262/04125] R117/2007/r117-2007-nl1-2024-01-rev0 (157.7s, 5 pages)
[00263/04125] R117/2007/r117-2007-nl1-2023-09-rev0 (230.6s, 5 pages)
[00264/04125] R117/2007/r117-2007-nl1-2025-06-rev0 (91.4s, 3 pages)
[00265/04125] R117/2007/r117-2007-nl1-2025-02-rev1 (139.7s, 4 pages)
[00266/04125] R117/2007/r117-2007-nl1-2025-02-rev0 (182.4s, 3 pages)
[00267/04125] R117/2007/r117-2007-nl1-2024-01-rev1 (283.5s, 3 pages)
[00268/04125] R117/2007/r117-2007-nl1-2026-03-rev0 (118.9s, 3 pages)
[00269/04125] R117/2007/r117-2007-nl1-2026-02-rev0 (170.1s, 3 pages)
[00270/04125] R117/2007/r117-2007-nl1-2026-01-rev0 (236.8s, 5 pages)
[00271/04125] R117/2007/r117-2007-ru1-2017-01 (95.3s, 3 pages)
[00272/04125] R117/2007/r117-2007-ru1-2017-05-annex01 (45.9s, 1 pages)
[00273/04125] R117/2007/r117-2007-nl1-2026-02-rev1 (289.3s, 3 pages)
[00274/04125] R117/2007/r117-2007-ru1-2016-02 (179.0s, 2 pages)
[00275/04125] R129/2000/r129-2000-de1-2005-01 (20.7s, 2 pages)
[00276/04125] R129/2000/r129-2000-de1-2005-01-rev1 (91.0s, 2 pages)
[00277/04125] R129/2000/r129-2000-de1-2008-01 (32.8s, 2 pages)
[00278/04125] R117/2007/r117-2007-ru1-2017-04 (189.8s, 2 pages)
[00279/04125] R129/2000/r129-2000-de1-2008-02 (42.4s, 2 pages)
[00280/04125] R129/2000/r129-2000-de1-2009-02 (32.3s, 2 pages)
[00281/04125] R129/2000/r129-2000-de1-2007-01 (97.0s, 2 pages)
[00282/04125] R129/2000/r129-2000-dk1-2005-01 (50.5s, 2 pages)
[00283/04125] R129/2000/r129-2000-de1-2009-04 (65.4s, 2 pages)
[00284/04125] R129/2000/r129-2000-de1-2009-01 (125.4s, 2 pages)
[00285/04125] R129/2000/r129-2000-dk2-2022-01 (111.2s, 5 pages)
[00286/04125] R117/2007/r117-2007-ru1-2017-05 (326.5s, 3 pages)
[00287/04125] R129/2000/r129-2000-fr2-2017-01-rev0 (104.5s, 2 pages)
[00288/04125] R129/2000/r129-2000-gb1-2012-01 (24.4s, 2 pages)
[00289/04125] R129/2000/r129-2000-fr2-2017-01-rev2 (45.4s, 2 pages)
[00290/04125] R129/2000/r129-2000-gb1-2013-01 (24.1s, 3 pages)
[00291/04125] R129/2000/r129-2000-gb1-2013-01-rev2 (73.4s, 4 pages)
[00292/04125] R129/2000/r129-2000-nl1-2004-03-rev1 (56.5s, 2 pages)
[00293/04125] R129/2000/r129-2000-de1-2009-03 (312.4s, 2 pages)
[00294/04125] R129/2000/r129-2000-dk2-2020-01 (257.0s, 3 pages)
[00295/04125] R129/2000/r129-2000-nl1-2006-01 (50.4s, 2 pages)
[00296/04125] R129/2000/r129-2000-nl1-2007-01-rev1 (38.0s, 2 pages)
[00297/04125] R129/2000/r129-2000-nl1-2007-01 (23.6s, 2 pages)
[00298/04125] R129/2000/r129-2000-nl1-2007-02 (15.7s, 2 pages)
[00299/04125] R129/2000/r129-2000-nl1-2009-01 (20.0s, 2 pages)
[00300/04125] R129/2000/r129-2000-nl1-2010-01-rev1 (33.8s, 2 pages)
[00301/04125] R129/2000/r129-2000-nl1-2010-01 (31.2s, 2 pages)
[00302/04125] R129/2000/r129-2000-nl1-2006-01-rev1 (197.7s, 7 pages)
[00303/04125] R129/2000/r129-2000-nl1-2006-01-rev2 (180.8s, 6 pages)
[00304/04125] R129/2000/r129-2000-nl1-2007-01-rev2 (130.2s, 2 pages)
[00305/04125] R129/2000/r129-2000-nl1-2016-02 (61.4s, 2 pages)
[00306/04125] R129/2000/r129-2000-nl1-2014-02 (101.7s, 2 pages)
[00307/04125] R129/2000/r129-2000-nl1-2016-04 (75.6s, 4 pages)
[00308/04125] R129/2000/r129-2000-nl1-2014-01 (200.0s, 3 pages)
[00309/04125] R129/2000/r129-2000-nl1-2016-01 (163.4s, 3 pages)
[00310/04125] R129/2000/r129-2000-nl1-2016-03 (135.7s, 2 pages)
[00311/04125] R129/2000/r129-2000-nl1-2016-05 (71.0s, 3 pages)
[00312/04125] R129/2000/r129-2000-nl1-2017-02 (27.0s, 2 pages)
[00313/04125] R129/2000/r129-2000-nl1-2015-06 (259.5s, 5 pages)
[00314/04125] R129/2000/r129-2000-nl1-2017-03 (48.2s, 2 pages)
[00315/04125] R129/2000/r129-2000-nl1-2016-06 (144.5s, 2 pages)
[00316/04125] R129/2000/r129-2000-nl1-2018-02 (72.4s, 2 pages)
[00317/04125] R129/2000/r129-2000-nl1-2019-02 (56.0s, 2 pages)
[00318/04125] R129/2000/r129-2000-nl1-2018-01 (128.9s, 3 pages)
[00319/04125] R129/2000/r129-2000-nl1-2019-01 (102.0s, 2 pages)
[00320/04125] R129/2000/r129-2000-nl1-2020-01 (61.8s, 2 pages)
[00321/04125] R129/2000/r129-2000-nl1-2020-01-rev1 (94.7s, 3 pages)
[00322/04125] R129/2000/r129-2000-nl1-2020-03-rev1 (134.1s, 4 pages)
[00323/04125] R129/2000/r129-2000-nl1-2016-07 (354.3s, 2 pages)
[00324/04125] R129/2000/r129-2000-nl1-2020-03 (115.1s, 2 pages)
[00325/04125] R129/2000/r129-2000-nl1-2020-02 (255.1s, 5 pages)
[00326/04125] R129/2000/r129-2000-nl1-2020-04-rev1 (218.7s, 4 pages)
[00327/04125] R129/2000/r129-2000-nl1-2020-04-rev2 (201.0s, 4 pages)
[00328/04125] R129/2000/r129-2000-nl1-2020-03-rev2 (306.4s, 4 pages)
[00329/04125] R129/2000/r129-2000-nl1-2020-04 (110.0s, 2 pages)
[00330/04125] R129/2000/r129-2000-nl1-2020-05-rev1 (57.9s, 2 pages)
[00331/04125] R129/2000/r129-2000-nl1-2020-05 (58.0s, 2 pages)
[00332/04125] R129/2000/r129-2000-nl1-2020-04-rev3 (255.0s, 4 pages)
[00333/04125] R129/2000/r129-2000-nl1-2021-01 (91.9s, 2 pages)
[00334/04125] R129/2000/r129-2000-nl1-2021-04 (86.7s, 2 pages)
[00335/04125] R129/2000/r129-2000-nl1-2021-06 (39.1s, 2 pages)
[00336/04125] R129/2000/r129-2000-nl1-2022-01-rev0 (18.1s, 2 pages)
[00337/04125] R129/2000/r129-2000-nl1-2021-05 (143.0s, 2 pages)
[00338/04125] R129/2000/r129-2000-nl1-2021-03 (247.0s, 2 pages)
[00339/04125] R129/2000/r129-2000-nl1-2021-02-rev1 (311.1s, 6 pages)
[00340/04125] R129/2000/r129-2000-nl1-2023-02-rev0 (131.3s, 2 pages)
[00341/04125] R129/2000/r129-2000-nl1-2023-03-rev0 (80.7s, 3 pages)
[00342/04125] R129/2000/r129-2000-nl1-2023-02-rev1 (126.4s, 2 pages)
[00343/04125] R129/2000/r129-2000-nl1-2023-01-rev0 (223.8s, 3 pages)
[00344/04125] R129/2000/r129-2000-nl1-2024-01-rev0 (81.1s, 3 pages)
[00345/04125] R129/2000/r129-2000-nl1-2024-01-rev1 (48.3s, 3 pages)
[00346/04125] R129/2000/r129-2000-nl1-2021-02 (434.1s, 5 pages)
[00347/04125] R129/2000/r129-2000-no1-2006-02 (30.8s, 2 pages)
[00348/04125] R129/2000/r129-2000-nl1-2024-02-rev1 (94.9s, 3 pages)
[00349/04125] R129/2000/r129-2000-nl1-2024-04-rev0 (61.5s, 3 pages)
[00350/04125] R129/2000/r129-2000-nl1-2023-04-rev0 (211.4s, 2 pages)
[00351/04125] R129/2000/r129-2000-nl1-2024-04-rev1 (129.8s, 3 pages)
[00352/04125] R129/2000/r129-2000-no1-2007-02 (81.7s, 2 pages)
[00353/04125] R129/2000/r129-2000-no1-2006-03 (113.3s, 2 pages)
[00354/04125] R129/2000/r129-2000-no1-2007-01 (116.7s, 2 pages)
[00355/04125] R129/2000/r129-2000-no1-2007-03 (89.3s, 2 pages)
[00356/04125] R134/2003/r134-2003-dk1-2009-01 (82.3s, 2 pages)
[00357/04125] R137/2012/r137-2012-cn2-2018-02 (42.1s, 2 pages)
[00358/04125] R134/2003/r134-2003-dk3-2011-01 (99.8s, 2 pages)
[00359/04125] R134/2003/r134-2003-nl1-2008-01-rev1 (87.3s, 4 pages)
[00360/04125] R134/2003/r134-2003-nl1-2008-01 (122.2s, 4 pages)
[00361/04125] R137/2012/r137-2012-cz1-2022-01-rev1 (193.3s, 5 pages)
FAIL R117/2007/r117-2007-nl1-2022-02-rev0: API error for R117/2007/r117-2007-nl1-2022-02-rev0: {"error" => "Net::ReadTimeout with #<TCPSocket:(closed)>"}
[00363/04125] R137/2012/r137-2012-cz1-2024-03 (302.8s, 6 pages)
[00364/04125] R137/2012/r137-2012-cz1-2023-02 (381.3s, 6 pages)
[00365/04125] R137/2012/r137-2012-cz1-2024-02 (388.3s, 6 pages)
[00366/04125] R137/2012/r137-2012-cz1-2023-03 (558.4s, 6 pages)
[00367/04125] R137/2012/r137-2012-it2-2025-01-rev1 (315.7s, 6 pages)
[00368/04125] R137/2012/r137-2012-it2-2024-01-rev02 (457.3s, 6 pages)
[00369/04125] R137/2012/r137-2012-cz1-2024-04 (538.3s, 7 pages)
[00370/04125] R137/2012/r137-2012-it2-2024-01-rev1 (476.1s, 6 pages)
[00371/04125] R137/2012/r137-2012-nl1-2015-03 (175.8s, 3 pages)
[00372/04125] R137/2012/r137-2012-it2-2025-02 (495.2s, 7 pages)
[00373/04125] R137/2012/r137-2012-nl1-2015-01 (250.5s, 4 pages)
[00374/04125] R137/2012/r137-2012-nl1-2015-04 (145.0s, 5 pages)
[00375/04125] R137/2012/r137-2012-it2-2025-03 (431.6s, 7 pages)
[00376/04125] R137/2012/r137-2012-nl1-2015-06 (137.4s, 3 pages)
[00377/04125] R137/2012/r137-2012-nl1-2015-05 (181.5s, 3 pages)
[00378/04125] R137/2012/r137-2012-nl1-2015-10 (75.0s, 2 pages)
[00379/04125] R137/2012/r137-2012-nl1-2016-01-rev1 (110.9s, 4 pages)
[00380/04125] R137/2012/r137-2012-nl1-2015-09-rev3 (179.5s, 4 pages)
[00381/04125] R137/2012/r137-2012-nl1-2015-08 (234.9s, 5 pages)
[00382/04125] R137/2012/r137-2012-nl1-2016-09-rev2 (55.6s, 3 pages)
[00383/04125] R137/2012/r137-2012-nl1-2016-06 (157.6s, 4 pages)
[00384/04125] R137/2012/r137-2012-nl1-2016-09 (73.0s, 2 pages)
[00385/04125] R137/2012/r137-2012-nl1-2016-13 (66.6s, 3 pages)
[00386/04125] R137/2012/r137-2012-nl1-2016-15-annex1 (32.1s, 1 pages)
[00387/04125] R137/2012/r137-2012-nl1-2016-14 (50.4s, 3 pages)
[00388/04125] R137/2012/r137-2012-nl1-2016-10 (118.1s, 4 pages)
[00389/04125] R137/2012/r137-2012-nl1-2016-07 (240.8s, 5 pages)
[00390/04125] R137/2012/r137-2012-nl1-2017-04 (115.0s, 4 pages)
[00391/04125] R137/2012/r137-2012-nl1-2017-05 (105.2s, 2 pages)
[00392/04125] R137/2012/r137-2012-nl1-2016-18 (147.7s, 3 pages)
[00393/04125] R137/2012/r137-2012-nl1-2017-08-rev1 (32.3s, 2 pages)
[00394/04125] R137/2012/r137-2012-nl1-2017-08 (23.0s, 2 pages)
[00395/04125] R137/2012/r137-2012-nl1-2018-02-rev1 (43.7s, 3 pages)
[00396/04125] R137/2012/r137-2012-nl1-2017-06 (164.0s, 4 pages)
[00397/04125] R137/2012/r137-2012-nl1-2018-02 (77.5s, 2 pages)
[00398/04125] R137/2012/r137-2012-nl1-2018-06 (31.5s, 2 pages)
[00399/04125] R137/2012/r137-2012-nl1-2017-08-rev2 (135.5s, 3 pages)
[00400/04125] R137/2012/r137-2012-nl1-2018-08 (34.2s, 2 pages)
[00401/04125] R137/2012/r137-2012-nl1-2018-12 (172.7s, 4 pages)
[00402/04125] R137/2012/r137-2012-nl1-2014-03-rev1 (1058.2s, 5 pages)
[00403/04125] R137/2012/r137-2012-nl1-2018-09-rev1 (248.1s, 4 pages)
[00404/04125] R137/2012/r137-2012-nl1-2018-15 (56.1s, 2 pages)
[00405/04125] R137/2012/r137-2012-nl1-2018-14 (63.7s, 2 pages)
[00406/04125] R137/2012/r137-2012-nl1-2017-01 (576.6s, 5 pages)
[00407/04125] R137/2012/r137-2012-nl1-2018-04 (394.7s, 5 pages)
[00408/04125] R137/2012/r137-2012-nl1-2019-06 (84.7s, 2 pages)
[00409/04125] R137/2012/r137-2012-nl1-2019-08 (48.7s, 4 pages)
[00410/04125] R137/2012/r137-2012-nl1-2018-17 (229.4s, 4 pages)
[00411/04125] R137/2012/r137-2012-nl1-2019-01 (228.6s, 4 pages)
[00412/04125] R137/2012/r137-2012-nl1-2019-09 (46.3s, 4 pages)
[00413/04125] R137/2012/r137-2012-nl1-2019-02 (279.1s, 6 pages)
[00414/04125] R137/2012/r137-2012-nl1-2019-14-rev1 (65.6s, 3 pages)
[00415/04125] R137/2012/r137-2012-nl1-2019-12 (111.9s, 3 pages)
[00416/04125] R137/2012/r137-2012-nl1-2019-14 (185.3s, 2 pages)
[00417/04125] R137/2012/r137-2012-nl1-2020-01 (136.2s, 2 pages)
[00418/04125] R137/2012/r137-2012-nl1-2020-03 (250.7s, 4 pages)
[00419/04125] R137/2012/r137-2012-nl1-2020-04-rev4 (144.6s, 5 pages)
[00420/04125] R137/2012/r137-2012-nl1-2019-04 (552.6s, 5 pages)
[00421/04125] R137/2012/r137-2012-nl1-2020-04-rev2 (272.5s, 5 pages)
[00422/04125] R137/2012/r137-2012-nl1-2020-04-rev6 (108.3s, 5 pages)
[00423/04125] R137/2012/r137-2012-nl1-2020-04-rev3 (277.7s, 5 pages)
[00424/04125] R137/2012/r137-2012-nl1-2020-04 (69.9s, 4 pages)
[00425/04125] R137/2012/r137-2012-nl1-2020-04-rev5 (246.8s, 5 pages)
[00426/04125] R137/2012/r137-2012-nl1-2020-05 (119.1s, 4 pages)
[00427/04125] R137/2012/r137-2012-nl1-2020-04-rev7 (264.5s, 5 pages)
[00428/04125] R137/2012/r137-2012-nl1-2020-04-rev9 (313.0s, 6 pages)
[00429/04125] R137/2012/r137-2012-nl1-2020-07-rev4 (266.6s, 6 pages)
[00430/04125] R137/2012/r137-2012-nl1-2020-07-rev3 (338.6s, 6 pages)
[00431/04125] R137/2012/r137-2012-nl1-2020-09-rev1 (203.3s, 4 pages)
[00432/04125] R137/2012/r137-2012-nl1-2020-07 (289.6s, 5 pages)
[00433/04125] R137/2012/r137-2012-nl1-2020-09 (88.5s, 3 pages)
[00434/04125] R137/2012/r137-2012-nl1-2020-07-rev6 (484.9s, 6 pages)
[00435/04125] R137/2012/r137-2012-nl1-2018-05 (1674.4s, 5 pages)
[00436/04125] R137/2012/r137-2012-nl1-2020-10-rev14 (223.2s, 7 pages)
[00437/04125] R137/2012/r137-2012-nl1-2020-10-rev12 (281.4s, 7 pages)
[00438/04125] R137/2012/r137-2012-nl1-2020-10-rev11 (415.3s, 7 pages)
[00439/04125] R137/2012/r137-2012-nl1-2020-10-rev8 (183.5s, 6 pages)
[00440/04125] R137/2012/r137-2012-nl1-2020-10-rev13 (429.1s, 7 pages)
[00441/04125] R137/2012/r137-2012-nl1-2020-10-rev9 (193.3s, 7 pages)
[00442/04125] R137/2012/r137-2012-nl1-2020-10-rev5 (291.1s, 6 pages)
[00443/04125] R137/2012/r137-2012-nl1-2020-10-rev7 (296.6s, 7 pages)
[00444/04125] R137/2012/r137-2012-nl1-2020-12-rev1 (69.8s, 3 pages)
[00445/04125] R137/2012/r137-2012-nl1-2020-11-rev1 (150.4s, 5 pages)
[00446/04125] R137/2012/r137-2012-nl1-2020-12-rev2 (79.9s, 3 pages)
[00447/04125] R137/2012/r137-2012-nl1-2020-12-rev3 (74.1s, 3 pages)
[00448/04125] R137/2012/r137-2012-nl1-2020-12 (41.4s, 2 pages)
[00449/04125] R137/2012/r137-2012-nl1-2020-10 (314.1s, 4 pages)
[00450/04125] R137/2012/r137-2012-nl1-2020-11-rev10 (285.8s, 6 pages)
[00451/04125] R137/2012/r137-2012-nl1-2020-13-rev2 (202.0s, 3 pages)
[00452/04125] R137/2012/r137-2012-nl1-2020-14-rev3 (192.6s, 5 pages)
[00453/04125] R137/2012/r137-2012-nl1-2020-14-rev8 (85.7s, 5 pages)
[00454/04125] R137/2012/r137-2012-nl1-2020-14-rev4 (215.8s, 5 pages)
[00455/04125] R137/2012/r137-2012-nl1-2020-14-rev2 (292.5s, 5 pages)
[00456/04125] R137/2012/r137-2012-nl1-2020-14-rev7 (176.4s, 5 pages)
[00457/04125] R137/2012/r137-2012-nl1-2020-11-rev5 (461.2s, 5 pages)
[00458/04125] R137/2012/r137-2012-nl1-2021-01 (72.8s, 2 pages)
[00459/04125] R137/2012/r137-2012-nl1-2020-14 (192.4s, 4 pages)
[00460/04125] R137/2012/r137-2012-nl1-2020-15-rev1 (133.4s, 4 pages)
[00461/04125] R137/2012/r137-2012-nl1-2021-04 (47.2s, 2 pages)
[00462/04125] R137/2012/r137-2012-nl1-2020-16 (160.6s, 6 pages)
[00463/04125] R137/2012/r137-2012-nl1-2022-01 (79.4s, 2 pages)
[00464/04125] R137/2012/r137-2012-nl1-2020-15-rev3 (308.8s, 5 pages)
[00465/04125] R137/2012/r137-2012-nl1-2021-02 (229.8s, 5 pages)
[00466/04125] R137/2012/r137-2012-nl1-2022-02 (125.9s, 3 pages)
[00467/04125] R137/2012/r137-2012-nl1-2021-06-rev1 (259.8s, 5 pages)
[00468/04125] R137/2012/r137-2012-nl1-2022-03-rev2 (69.2s, 4 pages)
[00469/04125] R137/2012/r137-2012-nl1-2021-06 (249.1s, 5 pages)
[00470/04125] R137/2012/r137-2012-nl1-2022-04-rev0 (32.1s, 2 pages)
[00471/04125] R137/2012/r137-2012-nl1-2022-03-rev0 (112.5s, 4 pages)
[00472/04125] R137/2012/r137-2012-nl1-2020-16-rev3 (434.8s, 9 pages)
[00473/04125] R137/2012/r137-2012-nl1-2023-01-rev0 (61.3s, 4 pages)
[00474/04125] R137/2012/r137-2012-nl1-2023-05-rev0 (14.6s, 2 pages)
[00475/04125] R137/2012/r137-2012-nl1-2023-02-rev1 (163.2s, 3 pages)
[00476/04125] R137/2012/r137-2012-nl1-2024-01-rev0 (24.1s, 3 pages)
[00477/04125] R137/2012/r137-2012-nl1-2023-06-rev0 (148.5s, 5 pages)
[00478/04125] R137/2012/r137-2012-nl1-2023-01-rev1 (231.4s, 4 pages)
[00479/04125] R137/2012/r137-2012-nl1-2024-04-rev0 (59.8s, 3 pages)
[00480/04125] R137/2012/r137-2012-nl1-2024-07-rev0 (65.8s, 4 pages)
[00481/04125] R137/2012/r137-2012-nl1-2023-04-rev0 (252.1s, 5 pages)
[00482/04125] R137/2012/r137-2012-nl1-2023-01-rev2 (280.8s, 4 pages)
[00483/04125] R137/2012/r137-2012-nl1-2024-08-rev0 (168.0s, 4 pages)
[00484/04125] R137/2012/r137-2012-nl1-2023-04-rev3 (358.5s, 5 pages)
[00485/04125] R137/2012/r137-2012-nl1-2025-01-rev0 (111.2s, 4 pages)
[00486/04125] R137/2012/r137-2012-nl1-2024-10-rev1 (152.6s, 5 pages)
[00487/04125] R137/2012/r137-2012-nl1-2025-05-rev0 (47.4s, 4 pages)
[00488/04125] R137/2012/r137-2012-nl1-2025-04-rev1 (50.1s, 3 pages)
[00489/04125] R137/2012/r137-2012-nl1-2024-10-rev0 (262.9s, 5 pages)
[00490/04125] R137/2012/r137-2012-nl1-2024-12-rev0 (283.5s, 5 pages)
[00491/04125] R137/2012/r137-2012-nl1-2026-02-rev0 (120.1s, 4 pages)
[00492/04125] R137/2012/r137-2012-nl1-2025-07-rev0 (150.3s, 3 pages)
[00493/04125] R137/2012/r137-2012-nl1-2025-03-rev0 (280.5s, 5 pages)
[00494/04125] R139/2014/r139-2014-nl1-2017-01 (39.2s, 2 pages)
[00495/04125] R139/2014/r139-2014-nl1-2017-02-rev1 (30.4s, 2 pages)
[00496/04125] R139/2014/r139-2014-nl1-2017-02 (57.9s, 2 pages)
[00497/04125] R139/2014/r139-2014-cz1-2016-01 (473.0s, 13 pages)
[00498/04125] R139/2014/r139-2014-cz1-2016-02 (419.4s, 11 pages)
[00499/04125] R139/2014/r139-2014-cz1-2020-01 (394.9s, 13 pages)
[00500/04125] R139/2014/r139-2014-nl1-2018-02 (63.6s, 4 pages)
[00501/04125] R139/2014/r139-2014-nl1-2017-03 (211.1s, 5 pages)
[00502/04125] R139/2014/r139-2014-cz1-2018-01-rev2 (460.9s, 12 pages)
[00503/04125] R49/2003/r049-2003-de1-2006-01-rev1 (70.4s, 3 pages)
[00504/04125] R49/2003/r049-2003-de1-2007-01 (91.3s, 2 pages)
[00505/04125] R49/2003/r049-2003-de1-2007-02 (97.9s, 3 pages)
[00506/04125] R49/2003/r049-2003-de1-2006-01 (127.4s, 2 pages)
[00507/04125] R49/2003/r049-2003-fr2-2005-01 (108.3s, 3 pages)
[00508/04125] R49/2003/r049-2003-fr2-2006-02 (73.3s, 3 pages)
[00509/04125] R49/2003/r049-2003-fr2-2006-04 (58.6s, 3 pages)
[00510/04125] R49/2003/r049-2003-fr2-2006-03 (92.5s, 3 pages)
[00511/04125] R49/2003/r049-2003-fr2-2006-01 (159.3s, 3 pages)
[00512/04125] R139/2014/r139-2014-nl1-2018-01 (352.9s, 6 pages)
[00513/04125] R49/2006/r049-2006-au1-2009-01 (47.6s, 3 pages)
[00514/04125] R49/2003/r049-2003-nl1-2006-01-rev1 (137.8s, 4 pages)
[00515/04125] R49/2006/r049-2006-ch1-2007-01 (70.2s, 4 pages)
[00516/04125] R49/2003/r049-2003-nl1-2006-01 (182.5s, 4 pages)
[00517/04125] R49/2006/r049-2006-ch1-2007-03 (91.9s, 4 pages)
[00518/04125] R49/2006/r049-2006-ch1-2007-04 (38.7s, 3 pages)
[00519/04125] R49/2006/r049-2006-ch1-2007-04-rev1 (110.1s, 3 pages)
[00520/04125] R49/2006/r049-2006-ch1-2007-05-rev1 (66.2s, 3 pages)
[00521/04125] R49/2006/r049-2006-ch1-2008-01 (42.7s, 3 pages)
[00522/04125] R49/2003/r049-2003-nl1-2012-04 (344.9s, 4 pages)
[00523/04125] R49/2006/r049-2006-ch1-2007-02 (253.3s, 4 pages)
[00524/04125] R49/2006/r049-2006-ch1-2008-04 (101.5s, 3 pages)
[00525/04125] R49/2006/r049-2006-ch1-2009-01 (34.5s, 4 pages)
[00526/04125] R49/2006/r049-2006-ch1-2009-02 (35.4s, 4 pages)
[00527/04125] R49/2006/r049-2006-ch1-2007-05 (233.8s, 3 pages)
[00528/04125] R139/2014/r139-2014-cz1-2018-01 (1103.6s, 13 pages)
[00529/04125] R49/2006/r049-2006-ch1-2009-04 (146.3s, 4 pages)
[00530/04125] R49/2006/r049-2006-ch1-2010-01 (170.1s, 4 pages)
[00531/04125] R49/2006/r049-2006-ch1-2009-03 (205.9s, 4 pages)
[00532/04125] R49/2006/r049-2006-ch1-2008-02 (323.2s, 5 pages)
[00533/04125] R49/2006/r049-2006-cz1-2010-01 (244.1s, 3 pages)
[00534/04125] R49/2006/r049-2006-cz1-2010-03 (184.4s, 4 pages)
[00535/04125] R49/2006/r049-2006-cz1-2010-04 (323.9s, 5 pages)
[00536/04125] R49/2006/r049-2006-cz1-2011-02 (214.0s, 4 pages)
[00537/04125] R49/2006/r049-2006-cz1-2010-02 (473.5s, 3 pages)
[00538/04125] R49/2006/r049-2006-cz1-2011-03 (232.6s, 4 pages)
[00539/04125] R49/2006/r049-2006-cz1-2012-01 (96.9s, 5 pages)
[00540/04125] R49/2006/r049-2006-cz1-2011-01-rev1 (395.7s, 7 pages)
[00541/04125] R49/2006/r049-2006-cz1-2014-01 (110.9s, 3 pages)
[00542/04125] R49/2006/r049-2006-cz1-2011-01 (490.2s, 7 pages)
[00543/04125] R49/2006/r049-2006-cz1-2012-02 (207.3s, 3 pages)
[00544/04125] R49/2006/r049-2006-cz1-2014-03 (84.4s, 3 pages)
[00545/04125] R49/2006/r049-2006-cz1-2012-03 (221.5s, 3 pages)
[00546/04125] R49/2006/r049-2006-cz1-2014-02 (170.7s, 4 pages)
[00547/04125] R49/2006/r049-2006-de1-2007-03-rev2 (69.8s, 3 pages)
[00548/04125] R49/2006/r049-2006-de1-2007-03-rev1 (79.6s, 3 pages)
[00549/04125] R49/2006/r049-2006-cz1-2014-04 (155.4s, 3 pages)
[00550/04125] R49/2006/r049-2006-cz1-2014-05 (167.8s, 4 pages)
[00551/04125] R49/2006/r049-2006-de1-2007-03-rev3 (137.6s, 3 pages)
[00552/04125] R49/2006/r049-2006-de1-2007-03-rev4 (111.4s, 3 pages)
[00553/04125] R49/2006/r049-2006-cz1-2014-02-rev1 (354.4s, 4 pages)
[00554/04125] R49/2006/r049-2006-de1-2008-02-rev1 (139.1s, 3 pages)
[00555/04125] R49/2006/r049-2006-de1-2008-02-rev2 (125.2s, 3 pages)
[00556/04125] R49/2006/r049-2006-de1-2008-02-rev10 (139.1s, 4 pages)
[00557/04125] R49/2006/r049-2006-de1-2007-03 (248.7s, 3 pages)
[00558/04125] R49/2006/r049-2006-de1-2008-02-rev3 (88.8s, 3 pages)
[00559/04125] R49/2006/r049-2006-de1-2008-01-rev2 (268.2s, 7 pages)
[00560/04125] R49/2006/r049-2006-de1-2008-02-rev5 (102.9s, 3 pages)
[00561/04125] R49/2006/r049-2006-de1-2008-02-rev4 (132.8s, 3 pages)
[00562/04125] R49/2006/r049-2006-de1-2008-02-rev6 (124.5s, 3 pages)
[00563/04125] R49/2006/r049-2006-de1-2008-02-rev7 (151.6s, 3 pages)
[00564/04125] R49/2006/r049-2006-de1-2008-02-rev8 (146.0s, 3 pages)
[00565/04125] R49/2006/r049-2006-de1-2008-04-rev1 (60.0s, 4 pages)
[00566/04125] R49/2006/r049-2006-de1-2008-02 (142.0s, 3 pages)
[00567/04125] R49/2006/r049-2006-de1-2008-02-rev9 (184.7s, 4 pages)
[00568/04125] R49/2006/r049-2006-de1-2010-03-rev1 (20.3s, 3 pages)
[00569/04125] R49/2006/r049-2006-de1-2010-01 (52.1s, 3 pages)
[00570/04125] R49/2006/r049-2006-de1-2010-01-rev1 (63.5s, 5 pages)
[00571/04125] R49/2006/r049-2006-de1-2009-01-rev01 (201.0s, 4 pages)
[00572/04125] R49/2006/r049-2006-de1-2010-03-rev2 (163.3s, 3 pages)
[00573/04125] R49/2006/r049-2006-de1-2011-02 (149.2s, 4 pages)
[00574/04125] R49/2006/r049-2006-de1-2010-03-rev3 (169.8s, 3 pages)
[00575/04125] R49/2006/r049-2006-de1-2012-01 (146.9s, 3 pages)
[00576/04125] R49/2006/r049-2006-de1-2012-02 (270.9s, 3 pages)
[00577/04125] R49/2006/r049-2006-de1-2008-01-rev1 (983.9s, 6 pages)
[00578/04125] R49/2006/r049-2006-de1-2008-03-rev1 (683.0s, 3 pages)
[00579/04125] R49/2006/r049-2006-de1-2012-02-rev1 (356.4s, 4 pages)
[00580/04125] R49/2006/r049-2006-de1-2012-03-rev1 (386.9s, 5 pages)
[00581/04125] R49/2006/r049-2006-de1-2012-03 (379.3s, 5 pages)
[00582/04125] R49/2006/r049-2006-de1-2013-01-rev1 (203.2s, 4 pages)
[00583/04125] R49/2006/r049-2006-de1-2013-02-rev1 (150.1s, 5 pages)
[00584/04125] R49/2006/r049-2006-de1-2013-02 (125.1s, 4 pages)
[00585/04125] R49/2006/r049-2006-de1-2012-06 (340.8s, 4 pages)
[00586/04125] R49/2006/r049-2006-de1-2012-05 (368.6s, 4 pages)
[00587/04125] R49/2006/r049-2006-de1-2013-01 (301.6s, 3 pages)
[00588/04125] R49/2006/r049-2006-dk2-2010-01-annex1 (57.0s, 1 pages)
[00589/04125] R49/2006/r049-2006-de1-2015-03 (101.7s, 3 pages)
[00590/04125] R49/2006/r049-2006-de1-2015-02 (133.5s, 3 pages)
[00591/04125] R49/2006/r049-2006-de1-2015-01 (202.0s, 3 pages)
[00592/04125] R49/2006/r049-2006-fr2-2008-01 (41.0s, 2 pages)
[00593/04125] R49/2006/r049-2006-es1-2010-02 (87.3s, 4 pages)
[00594/04125] R49/2006/r049-2006-fr2-2008-02-rev3 (52.8s, 2 pages)
[00595/04125] R49/2006/r049-2006-fr2-2008-02-rev2 (114.0s, 2 pages)
[00596/04125] R49/2006/r049-2006-de1-2014-01 (321.9s, 11 pages)
[00597/04125] R49/2006/r049-2006-fr2-2008-06 (30.5s, 2 pages)
[00598/04125] R49/2006/r049-2006-fr2-2008-04-rev1 (149.6s, 2 pages)
[00599/04125] R49/2006/r049-2006-fr2-2008-05-rev1 (165.2s, 2 pages)
[00600/04125] R49/2006/r049-2006-fr2-2008-05-rev2 (128.6s, 2 pages)
[00601/04125] R49/2006/r049-2006-fr2-2008-03 (242.8s, 2 pages)
[00602/04125] R49/2006/r049-2006-dk2-2010-01 (359.3s, 5 pages)
[00603/04125] R49/2006/r049-2006-fr2-2009-01-rev3 (91.0s, 6 pages)
[00604/04125] R49/2006/r049-2006-fr2-2009-01-rev1 (209.1s, 4 pages)
[00605/04125] R49/2006/r049-2006-fr2-2009-03 (119.6s, 2 pages)
[00606/04125] R49/2006/r049-2006-fr2-2009-02 (131.0s, 2 pages)
[00607/04125] R49/2006/r049-2006-fr2-2009-04 (112.2s, 2 pages)
[00608/04125] R49/2006/r049-2006-fr2-2009-01 (219.0s, 2 pages)
[00609/04125] R49/2006/r049-2006-fr2-2009-06 (64.6s, 2 pages)
[00610/04125] R49/2006/r049-2006-fr2-2009-06-rev1 (107.2s, 2 pages)
[00611/04125] R49/2006/r049-2006-fr2-2009-07-rev1 (102.7s, 2 pages)
[00612/04125] R49/2006/r049-2006-fr2-2009-07-rev2 (101.2s, 2 pages)
[00613/04125] R49/2006/r049-2006-fr2-2009-05 (204.1s, 2 pages)
[00614/04125] R49/2006/r049-2006-fr2-2010-03-rev1 (98.1s, 2 pages)
[00615/04125] R49/2006/r049-2006-fr2-2010-03 (90.3s, 2 pages)
[00616/04125] R49/2006/r049-2006-fr2-2010-01-rev1 (191.3s, 2 pages)
[00617/04125] R49/2006/r049-2006-fr2-2010-05 (112.2s, 3 pages)
[00618/04125] R49/2006/r049-2006-fr2-2009-01-rev2 (513.3s, 5 pages)
[00619/04125] R49/2006/r049-2006-fr2-2012-01 (42.5s, 2 pages)
[00620/04125] R49/2006/r049-2006-fr2-2011-04 (80.0s, 2 pages)
[00621/04125] R49/2006/r049-2006-fr2-2011-02-rev1 (102.8s, 2 pages)
[00622/04125] R49/2006/r049-2006-fr2-2012-03-rev0 (112.7s, 2 pages)
[00623/04125] R49/2006/r049-2006-fr2-2010-06 (296.9s, 5 pages)
[00624/04125] R49/2006/r049-2006-fr2-2010-04 (395.0s, 6 pages)
[00625/04125] R49/2006/r049-2006-fr2-2010-07 (345.1s, 5 pages)
[00626/04125] R49/2006/r049-2006-fr2-2012-02-rev0 (249.6s, 2 pages)
[00627/04125] R49/2006/r049-2006-fr2-2013-02 (71.9s, 2 pages)
[00628/04125] R49/2006/r049-2006-fr2-2012-04-rev4 (177.6s, 2 pages)
[00629/04125] R49/2006/r049-2006-fr2-2013-01-rev1 (176.8s, 2 pages)
[00630/04125] R49/2006/r049-2006-fr2-2014-02 (84.0s, 2 pages)
[00631/04125] R49/2006/r049-2006-fr2-2014-01 (145.6s, 2 pages)
[00632/04125] R49/2006/r049-2006-fr2-2014-03 (55.4s, 2 pages)
[00633/04125] R49/2006/r049-2006-fr2-2014-03-rev1 (105.8s, 2 pages)
[00634/04125] R49/2006/r049-2006-gb1-2007-01-annex1 (10.4s, 1 pages)
[00635/04125] R49/2006/r049-2006-fr2-2014-03-rev2 (105.9s, 2 pages)
[00636/04125] R49/2006/r049-2006-gb1-2007-01-rev1 (44.1s, 4 pages)
[00637/04125] R49/2006/r049-2006-gb1-2007-01-rev2 (57.2s, 4 pages)
[00638/04125] R49/2006/r049-2006-gb1-2007-01-rev3 (75.5s, 4 pages)
[00639/04125] R49/2006/r049-2006-gb1-2007-01-rev4-annex2 (75.0s, 1 pages)
[00640/04125] R49/2006/r049-2006-gb1-2007-01-rev4 (128.1s, 5 pages)
[00641/04125] R49/2006/r049-2006-gb1-2007-01 (95.9s, 3 pages)
[00642/04125] R49/2006/r049-2006-gb1-2008-01-rev1 (79.6s, 3 pages)
[00643/04125] R49/2006/r049-2006-gb1-2008-01-rev2 (100.5s, 4 pages)
[00644/04125] R49/2006/r049-2006-gb1-2008-01 (99.3s, 3 pages)
[00645/04125] R49/2006/r049-2006-fr2-2015-01 (335.4s, 3 pages)
[00646/04125] R49/2006/r049-2006-fr2-2012-02-rev1 (708.6s, 3 pages)
[00647/04125] R49/2006/r049-2006-gb1-2009-01-rev1 (156.4s, 5 pages)
[00648/04125] R49/2006/r049-2006-gb1-2009-01 (58.5s, 5 pages)
[00649/04125] R49/2006/r049-2006-gb1-2009-01-rev3 (147.7s, 6 pages)
[00650/04125] R49/2006/r049-2006-gb1-2009-01-rev5 (144.4s, 6 pages)
[00651/04125] R49/2006/r049-2006-gb1-2009-01-rev2 (188.9s, 5 pages)
[00652/04125] R49/2006/r049-2006-gb1-2009-01-rev4 (200.5s, 6 pages)
[00653/04125] R49/2006/r049-2006-gb1-2010-02 (94.8s, 3 pages)
[00654/04125] R49/2006/r049-2006-gb1-2010-03 (62.9s, 3 pages)
[00655/04125] R49/2006/r049-2006-gb1-2010-01 (118.0s, 3 pages)
[00656/04125] R49/2006/r049-2006-gb1-2010-01-rev1 (185.3s, 3 pages)
[00657/04125] R49/2006/r049-2006-gb1-2010-04-rev1 (75.2s, 3 pages)
[00658/04125] R49/2006/r049-2006-gb1-2010-01-rev2 (220.5s, 4 pages)
[00659/04125] R49/2006/r049-2006-gb1-2011-01 (69.7s, 3 pages)
[00660/04125] R49/2006/r049-2006-gb1-2010-04 (94.1s, 3 pages)
[00661/04125] R49/2006/r049-2006-gb1-2010-05-rev1 (88.0s, 5 pages)
[00662/04125] R49/2006/r049-2006-gb1-2011-03-rev1 (48.9s, 4 pages)
[00663/04125] R49/2006/r049-2006-gb1-2011-02 (69.4s, 3 pages)
[00664/04125] R49/2006/r049-2006-gb1-2014-01 (62.7s, 3 pages)
[00665/04125] R49/2006/r049-2006-gb1-2011-03 (89.2s, 3 pages)
[00666/04125] R49/2006/r049-2006-gb1-2014-02 (60.2s, 3 pages)
[00667/04125] R49/2006/r049-2006-gb1-2011-03-rev2 (119.2s, 4 pages)
[00668/04125] R49/2006/r049-2006-fr2-2015-01-rev3 (882.1s, 4 pages)
[00669/04125] R49/2006/r049-2006-gb1-2015-01 (173.3s, 3 pages)
[00670/04125] R49/2006/r049-2006-it1-2013-02 (137.2s, 3 pages)
[00671/04125] R49/2006/r049-2006-it1-2013-01 (179.3s, 3 pages)
[00672/04125] R49/2006/r049-2006-it1-2014-01 (216.1s, 3 pages)
[00673/04125] R49/2006/r049-2006-jp1-2014-01 (220.0s, 2 pages)
[00674/04125] R49/2006/r049-2006-nl1-2006-01-rev2 (181.3s, 4 pages)
[00675/04125] R49/2006/r049-2006-nl1-2010-01 (143.7s, 4 pages)
[00676/04125] R49/2006/r049-2006-nl1-2011-02-rev1 (83.5s, 5 pages)
[00677/04125] R49/2006/r049-2006-nl1-2011-03 (76.1s, 4 pages)
[00678/04125] R49/2006/r049-2006-nl1-2009-01 (296.5s, 5 pages)
[00679/04125] R49/2006/r049-2006-nl1-2011-01 (311.8s, 7 pages)
[00680/04125] R49/2006/r049-2006-nl1-2012-01-rev1 (246.6s, 7 pages)
[00681/04125] R49/2006/r049-2006-nl1-2012-01-rev2 (227.9s, 5 pages)
[00682/04125] R49/2006/r049-2006-nl1-2012-01-rev4 (183.9s, 4 pages)
[00683/04125] R49/2006/r049-2006-nl1-2011-02 (399.0s, 4 pages)
[00684/04125] R49/2006/r049-2006-nl1-2012-01-rev6 (137.8s, 4 pages)
[00685/04125] R49/2006/r049-2006-nl1-2012-01-rev7 (158.2s, 4 pages)
[00686/04125] R49/2006/r049-2006-nl1-2012-01-rev3 (395.4s, 5 pages)
[00687/04125] R49/2006/r049-2006-nl1-2012-01-rev8 (163.7s, 5 pages)
[00688/04125] R49/2006/r049-2006-nl1-2012-01-rev5 (307.4s, 4 pages)
[00689/04125] R49/2006/r049-2006-nl1-2012-01 (239.5s, 7 pages)
[00690/04125] R49/2006/r049-2006-nl1-2012-02 (218.5s, 7 pages)
[00691/04125] R49/2006/r049-2006-nl1-2012-01-rev9 (293.6s, 5 pages)
[00692/04125] R49/2006/r049-2006-nl1-2012-03-rev1 (239.6s, 7 pages)
[00693/04125] R49/2006/r049-2006-nl1-2012-03-rev2 (242.0s, 4 pages)
[00694/04125] R49/2006/r049-2006-nl1-2012-04-rev1 (134.7s, 5 pages)
[00695/04125] R49/2006/r049-2006-nl1-2012-03 (319.9s, 8 pages)
[00696/04125] R49/2006/r049-2006-nl1-2013-01-rev1 (269.4s, 5 pages)
[00697/04125] R49/2006/r049-2006-nl1-2013-01-rev4 (181.8s, 5 pages)
[00698/04125] R49/2006/r049-2006-nl1-2013-01-rev5 (158.1s, 5 pages)
[00699/04125] R49/2006/r049-2006-nl1-2013-01-rev10 (325.1s, 7 pages)
[00700/04125] R49/2006/r049-2006-nl1-2013-01-rev2 (303.9s, 5 pages)
[00701/04125] R49/2006/r049-2006-nl1-2013-01-rev7 (70.7s, 6 pages)
[00702/04125] R49/2006/r049-2006-nl1-2013-01-rev6 (216.7s, 5 pages)
[00703/04125] R49/2006/r049-2006-nl1-2014-01 (117.6s, 2 pages)
[00704/04125] R49/2006/r049-2006-nl1-2016-14-rev1 (49.5s, 3 pages)
[00705/04125] R49/2006/r049-2006-nl1-2013-01-rev8 (245.9s, 6 pages)
[00706/04125] R49/2006/r049-2006-nl1-2013-01 (297.2s, 4 pages)
[00707/04125] R49/2006/r049-2006-nl1-2019-03-rev1 (214.8s, 5 pages)
[00708/04125] R49/2006/r049-2006-sk1-2013-01-rev1 (135.9s, 4 pages)
[00709/04125] R49/2006/r049-2006-sk1-2014-01 (96.8s, 3 pages)
[00710/04125] R49/2006/r049-2006-nl1-2013-01-rev9 (467.1s, 6 pages)
[00711/04125] R49/2006/r049-2006-sk1-2014-02-rev1 (125.0s, 4 pages)
[00712/04125] R49/2006/r049-2006-sk1-2013-01 (203.5s, 3 pages)
[00713/04125] R49/2006/r49-2006-fr2-2009-07-rev2-annex1 (51.0s, 1 pages)
[00714/04125] R49/2006/r049-2006-nl1-2019-03 (413.9s, 4 pages)
[00715/04125] R49/2006/r049-2006-sk1-2014-02 (177.1s, 4 pages)
[00716/04125] R49/2006/r49-2006-fr2-2011-01-rev0 (103.9s, 2 pages)
[00717/04125] R49/2006/r049-2006-sk1-2014-03-rev1 (199.0s, 4 pages)
FAIL R49/2006/r49-2006-nl1-2026-03-rev0: API error for R49/2006/r49-2006-nl1-2026-03-rev0: {"choices" => [{"finish_reason" => "stop", "index" => 0, "message" => {"content" => "", "reasoning_content" => "The user wants me to transcribe all 4 pages of this OIML Certificate of Conformity into GitHub-fl", "role" => "assistant"}}], "created" =>
[00719/04125] R49/2006/r049-2006-sk1-2014-03 (192.1s, 4 pages)
[00720/04125] R49/2006/r49-2006-fr2-2011-03-rev0 (111.8s, 2 pages)
[00721/04125] R49/2006/r49-2006-nl1-2026-05-rev0 (90.4s, 4 pages)
[00722/04125] R49/2006/r049-2006-nl1-2013-01-rev3 (1005.4s, 5 pages)
[00723/04125] R49/2006/r49-2006-nl1-2026-02-rev0 (143.0s, 4 pages)
[00724/04125] R49/2006/r49-2006-nl1-2026-06-rev0 (100.3s, 4 pages)
[00725/04125] R49/2006/r49-2006-nl1-2026-04-rev0 (155.2s, 4 pages)
[00726/04125] R49/2013/r049-2013-cz1-2015-01-rev2 (118.2s, 4 pages)
[00727/04125] R49/2013/r049-2013-cz1-2015-03 (76.7s, 4 pages)
[00728/04125] R49/2013/r049-2013-cz1-2015-01 (122.9s, 4 pages)
[00729/04125] R49/2013/r049-2013-cz1-2015-01-rev3 (192.2s, 4 pages)
[00730/04125] R49/2013/r049-2013-cz1-2015-02 (219.5s, 4 pages)
[00731/04125] R49/2013/r049-2013-cz1-2015-01-rev1 (334.5s, 4 pages)
[00732/04125] R49/2013/r049-2013-cz1-2016-01-rev1 (227.6s, 6 pages)
[00733/04125] R49/2013/r049-2013-cz1-2016-01-rev2 (221.3s, 6 pages)
[00734/04125] R49/2013/r049-2013-cz1-2016-04-annex1 (26.1s, 1 pages)
[00735/04125] R49/2013/r049-2013-cz1-2016-01 (290.5s, 6 pages)
[00736/04125] R49/2013/r049-2013-cz1-2016-03-rev1 (204.5s, 10 pages)
[00737/04125] R49/2013/r049-2013-cz1-2016-03 (226.5s, 6 pages)
[00738/04125] R49/2013/r049-2013-cz1-2017-02 (56.2s, 4 pages)
[00739/04125] R49/2013/r049-2013-cz1-2016-04 (177.6s, 7 pages)
[00740/04125] R49/2013/r049-2013-cz1-2017-01 (211.8s, 4 pages)
[00741/04125] R49/2013/r049-2013-cz1-2017-04 (140.2s, 4 pages)
[00742/04125] R49/2013/r049-2013-cz1-2017-03 (182.6s, 4 pages)
[00743/04125] R49/2013/r049-2013-cz1-2017-03-annex1 (202.0s, 3 pages)
[00744/04125] R49/2013/r049-2013-cz1-2016-02 (529.8s, 7 pages)
[00745/04125] R49/2013/r049-2013-cz1-2017-06 (153.2s, 4 pages)
[00746/04125] R49/2013/r049-2013-cz1-2016-04-rev1 (460.1s, 8 pages)
[00747/04125] R49/2013/r049-2013-cz1-2021-02 (164.2s, 4 pages)
[00748/04125] R49/2013/r049-2013-cz1-2021-01 (226.2s, 5 pages)
[00749/04125] R49/2013/r049-2013-cz1-2020-01 (289.9s, 5 pages)
[00750/04125] R49/2013/r049-2013-cz1-2021-01-rev1 (278.8s, 7 pages)
[00751/04125] R49/2013/r049-2013-cz1-2021-06 (68.3s, 5 pages)
[00752/04125] R49/2013/r049-2013-cz1-2021-07 (142.4s, 4 pages)
[00753/04125] R49/2013/r049-2013-cz1-2021-05 (238.7s, 6 pages)
[00754/04125] R49/2013/r049-2013-cz1-2021-03 (360.2s, 5 pages)
[00755/04125] R49/2013/r049-2013-cz1-2021-04 (426.5s, 4 pages)
[00756/04125] R49/2013/r049-2013-de1-2015-04 (141.1s, 3 pages)
[00757/04125] R49/2013/r049-2013-cz1-2022-03 (217.2s, 5 pages)
[00758/04125] R49/2013/r049-2013-cz1-2022-01 (383.8s, 16 pages)
[00759/04125] R49/2013/r049-2013-de1-2015-05 (146.1s, 3 pages)
[00760/04125] R49/2013/r049-2013-cz1-2022-04 (300.6s, 6 pages)
[00761/04125] R49/2013/r049-2013-de1-2016-03 (89.2s, 3 pages)
[00762/04125] R49/2013/r049-2013-dk2-2021-01 (144.5s, 5 pages)
[00763/04125] R49/2013/r049-2013-cz1-2022-02 (527.9s, 16 pages)
[00764/04125] R49/2013/r049-2013-dk2-2021-02 (140.2s, 6 pages)
[00765/04125] R49/2013/r049-2013-de1-2016-01 (301.9s, 5 pages)
[00766/04125] R49/2013/r049-2013-de1-2016-02 (280.7s, 4 pages)
[00767/04125] R49/2013/r049-2013-fr2-2014-03-rev2 (122.3s, 2 pages)
[00768/04125] R49/2013/r049-2013-fr2-2016-02-annex1 (15.6s, 1 pages)
[00769/04125] R49/2013/r049-2013-dk2-2022-01 (223.1s, 8 pages)
[00770/04125] R49/2013/r049-2013-fr2-2015-02 (92.0s, 2 pages)
[00771/04125] R49/2013/r049-2013-fr2-2015-01-rev2 (231.9s, 5 pages)
[00772/04125] R49/2013/r049-2013-fr2-2016-02-rev1 (183.8s, 3 pages)
[00773/04125] R49/2013/r049-2013-fr2-2016-02 (213.4s, 2 pages)
[00774/04125] R49/2013/r049-2013-fr2-2016-03 (90.5s, 2 pages)
[00775/04125] R49/2013/r049-2013-fr2-2017-01 (40.3s, 2 pages)
[00776/04125] R49/2013/r049-2013-fr2-2015-01-rev1 (391.2s, 3 pages)
[00777/04125] R49/2013/r049-2013-fr2-2015-01 (332.2s, 3 pages)
[00778/04125] R49/2013/r049-2013-fr2-2018-01 (80.1s, 2 pages)
[00779/04125] R49/2013/r049-2013-fr2-2018-0 (143.0s, 2 pages)
[00780/04125] R49/2013/r049-2013-fr2-2017-03-rev1 (158.7s, 2 pages)
[00781/04125] R49/2013/r049-2013-fr2-2018-03 (119.2s, 2 pages)
[00782/04125] R49/2013/r049-2013-fr2-2018-02 (130.8s, 2 pages)
[00783/04125] R49/2013/r049-2013-gb1-2017-01 (111.1s, 3 pages)
[00784/04125] R49/2013/r049-2013-jp1-2017-01 (67.2s, 2 pages)
[00785/04125] R49/2013/r049-2013-nl1-2015-01 (46.9s, 3 pages)
[00786/04125] R49/2013/r049-2013-fr2-2016-03-rev2 (437.5s, 3 pages)
[00787/04125] R49/2013/r049-2013-gb1-2017-02 (152.5s, 3 pages)
[00788/04125] R49/2013/r049-2013-nl1-2015-01-rev2 (127.6s, 3 pages)
[00789/04125] R49/2013/r049-2013-nl1-2016-02 (51.0s, 3 pages)
[00790/04125] R49/2013/r049-2013-nl1-2016-03-rev1-annex1 (12.9s, 1 pages)
[00791/04125] R49/2013/r049-2013-gb1-2017-03 (176.9s, 3 pages)
[00792/04125] R49/2013/r049-2013-nl1-2016-01 (115.6s, 3 pages)
[00793/04125] R49/2013/r049-2013-nl1-2016-03 (80.6s, 3 pages)
[00794/04125] R49/2013/r049-2013-nl1-2017-03 (59.3s, 3 pages)
[00795/04125] R49/2013/r049-2013-nl1-2016-02-rev1 (165.4s, 4 pages)
[00796/04125] R49/2013/r049-2013-nl1-2017-02 (98.7s, 3 pages)
[00797/04125] R49/2013/r049-2013-nl1-2016-03-rev1 (152.8s, 4 pages)
[00798/04125] R49/2013/r049-2013-nl1-2017-01 (208.6s, 3 pages)
[00799/04125] R49/2013/r049-2013-nl1-2018-02 (113.7s, 3 pages)
[00800/04125] R49/2013/r049-2013-nl1-2018-01 (155.7s, 4 pages)
[00801/04125] R49/2013/r049-2013-nl1-2019-01 (130.1s, 4 pages)
[00802/04125] R49/2013/r049-2013-nl1-2019-01-rev2 (217.5s, 5 pages)
[00803/04125] R49/2013/r049-2013-nl1-2019-06 (117.1s, 5 pages)
[00804/04125] R49/2013/r049-2013-nl1-2019-01-rev1 (256.2s, 5 pages)
[00805/04125] R49/2013/r049-2013-nl1-2019-02 (204.0s, 4 pages)
[00806/04125] R49/2013/r049-2013-nl1-2020-01-rev1 (142.3s, 6 pages)
[00807/04125] R49/2013/r049-2013-nl1-2019-06-rev1 (320.5s, 5 pages)
[00808/04125] R49/2013/r049-2013-nl1-2020-01-rev3 (286.5s, 9 pages)
[00809/04125] R49/2013/r049-2013-nl1-2020-01-rev4 (386.0s, 10 pages)
[00810/04125] R49/2013/r049-2013-nl1-2020-01 (237.6s, 5 pages)
[00811/04125] R49/2013/r049-2013-nl1-2020-02-rev1 (169.6s, 5 pages)
[00812/04125] R49/2013/r049-2013-nl1-2020-01-rev6 (401.6s, 11 pages)
[00813/04125] R49/2013/r049-2013-nl1-2020-01-rev5 (432.0s, 11 pages)
[00814/04125] R49/2013/r049-2013-nl1-2021-01-rev1 (142.4s, 3 pages)
[00815/04125] R49/2013/r049-2013-nl1-2021-02 (111.2s, 3 pages)
[00816/04125] R49/2013/r049-2013-nl1-2021-03-rev1 (83.9s, 4 pages)
[00817/04125] R49/2013/r049-2013-nl1-2021-02-rev1 (157.5s, 3 pages)
[00818/04125] R49/2013/r049-2013-nl1-2021-04 (63.9s, 3 pages)
[00819/04125] R49/2013/r049-2013-nl1-2020-02 (248.6s, 5 pages)
[00820/04125] R49/2013/r049-2013-nl1-2022-01-rev0 (29.7s, 3 pages)
[00821/04125] R49/2013/r049-2013-nl1-2022-02 (70.6s, 3 pages)
[00822/04125] R49/2013/r049-2013-nl1-2021-06 (149.0s, 5 pages)
[00823/04125] R49/2013/r049-2013-nl1-2021-05-rev2 (190.0s, 4 pages)
[00824/04125] R49/2013/r049-2013-nl1-2022-03-rev0 (144.8s, 3 pages)
[00825/04125] R49/2013/r049-2013-sk1-2014-04 (98.1s, 4 pages)
[00826/04125] R49/2013/r049-2013-sk1-2014-03 (172.3s, 4 pages)
[00827/04125] R49/2013/r049-2013-sk1-2014-05 (114.6s, 4 pages)
[00828/04125] R49/2013/r049-2013-sk1-2014-02-rev2 (293.4s, 7 pages)
[00829/04125] R49/2013/r049-2013-sk1-2016-01 (189.9s, 4 pages)
[00830/04125] R49/2013/r049-2013-sk1-2016-02-rev1 (200.2s, 5 pages)
[00831/04125] R49/2013/r049-2013-sk1-2016-02 (171.1s, 5 pages)
[00832/04125] R49/2013/r049-2013-nl1-2020-01-rev2 (1099.8s, 9 pages)
[00833/04125] R49/2013/r049-2013-sk1-2017-01 (85.5s, 1 pages)
[00834/04125] R49/2013/r049-2013-sk1-2017-02 (73.1s, 6 pages)
[00835/04125] R49/2013/r049-2013-sk1-2016-03 (196.7s, 5 pages)
[00836/04125] R49/2013/r049-2013-sk1-2016-03-rev1 (283.1s, 7 pages)
[00837/04125] R49/2013/r049-2013-sk1-2016-04 (209.3s, 5 pages)
[00838/04125] R49/2013/r049-2013-sk1-2020-01 (68.1s, 5 pages)
[00839/04125] R49/2013/r049-2013-sk1-2018-02 (208.7s, 6 pages)
[00840/04125] R49/2013/r049-2013-sk1-2018-03 (229.5s, 6 pages)
[00841/04125] R49/2013/r049-2013-sk1-2018-01 (271.1s, 6 pages)
[00842/04125] R49/2013/r49-2013-cz1-2015-01-annex2 (19.4s, 1 pages)
[00843/04125] R49/2013/r49-2013-cz1-2017-01-annex1 (15.5s, 1 pages)
[00844/04125] R49/2013/r49-2013-cz1-2017-06-annex2 (33.3s, 1 pages)
[00845/04125] R49/2013/r049-2013-sk1-2020-02 (276.9s, 6 pages)
[00846/04125] R49/2013/r049-2013-sk1-2021-01 (342.2s, 6 pages)
[00847/04125] R49/2013/r49-2013-cz1-2020-01-rev3 (213.8s, 7 pages)
[00848/04125] R49/2013/r049-2013-sk1-2022-01 (432.1s, 7 pages)
[00849/04125] R49/2013/r49-2013-cz1-2020-02 (195.2s, 6 pages)
[00850/04125] R49/2013/r49-2013-cz1-2020-01-rev2 (315.4s, 7 pages)
[00851/04125] R49/2013/r049-2013-sk1-2022-02 (546.6s, 7 pages)
[00852/04125] R49/2013/r49-2013-cz1-2021-07-rev1 (206.9s, 7 pages)
[00853/04125] R49/2013/r49-2013-cz1-2021-01-rev1 (313.8s, 6 pages)
[00854/04125] R49/2013/r49-2013-cz1-2021-06-rev1 (309.7s, 8 pages)
[00855/04125] R49/2013/r49-2013-cz1-2021-01-rev2 (390.7s, 6 pages)
[00856/04125] R49/2013/r49-2013-cz1-2020-03 (505.3s, 6 pages)
[00857/04125] R49/2013/r49-2013-cz1-2022-02-rev2 (186.3s, 15 pages)
[00858/04125] R49/2013/r49-2013-cz1-2022-02-rev1 (492.0s, 15 pages)
[00859/04125] R49/2013/r49-2013-cz1-2023-01 (296.2s, 10 pages)
[00860/04125] R49/2013/r49-2013-cz1-2022-02-rev5 (447.6s, 12 pages)
[00861/04125] R49/2013/r49-2013-cz1-2021-07-rev2 (652.1s, 9 pages)
[00862/04125] R49/2013/r49-2013-cz1-2024-01-rev1 (195.8s, 7 pages)
[00863/04125] R49/2013/r49-2013-cz1-2023-02-rev1 (478.8s, 11 pages)
[00864/04125] R49/2013/r49-2013-cz1-2022-02-rev4 (896.3s, 11 pages)
[00865/04125] R49/2013/r49-2013-cz1-2023-02 (570.5s, 10 pages)
[00866/04125] R49/2013/r49-2013-cz1-2022-02-rev3 (1041.3s, 11 pages)
[00867/04125] R49/2013/r49-2013-cz1-2023-03 (522.3s, 8 pages)
[00868/04125] R49/2013/r49-2013-cz1-2024-02-rev1 (337.1s, 7 pages)
[00869/04125] R49/2013/r49-2013-cz1-2024-05 (80.9s, 5 pages)
[00870/04125] R49/2013/r49-2013-cz1-2024-02 (348.3s, 7 pages)
[00871/04125] R49/2013/r49-2013-cz1-2024-04-rev2 (370.5s, 8 pages)
[00872/04125] R49/2013/r49-2013-cz1-2024-04-rev3 (368.9s, 8 pages)
[00873/04125] R49/2013/r49-2013-cz1-2024-02-rev2 (583.9s, 9 pages)
[00874/04125] R49/2013/r49-2013-cz1-2025-01-rev1 (106.5s, 8 pages)
[00875/04125] R49/2013/r49-2013-cz1-2024-02-rev3 (560.2s, 10 pages)
[00876/04125] R49/2013/r49-2013-cz1-2024-06 (285.0s, 7 pages)
[00877/04125] R49/2013/r49-2013-cz1-2024-07 (260.7s, 7 pages)
[00878/04125] R49/2013/r49-2013-cz1-2025-01 (201.9s, 6 pages)
[00879/04125] R49/2013/r49-2013-cz1-2025-03 (195.2s, 6 pages)
[00880/04125] R49/2013/r49-2013-cz1-2024-06-rev1 (552.5s, 7 pages)
[00881/04125] R49/2013/r49-2013-de1-2024-01 (150.5s, 3 pages)
[00882/04125] R49/2013/r49-2013-cz1-2026-01 (233.0s, 5 pages)
[00883/04125] R49/2013/r49-2013-de1-2023-01 (178.9s, 4 pages)
[00884/04125] R49/2013/r49-2013-cz1-2025-07 (289.6s, 10 pages)
[00885/04125] R49/2013/r49-2013-de1-2024-02 (151.1s, 4 pages)
[00886/04125] R49/2013/r49-2013-de1-2024-03 (149.5s, 3 pages)
[00887/04125] R49/2013/r49-2013-dk2-2022-02-rev1 (153.4s, 6 pages)
[00888/04125] R49/2013/r49-2013-cz1-2026-02 (412.9s, 8 pages)
[00889/04125] R49/2013/r49-2013-dk2-2021-04-rev5 (315.6s, 7 pages)
[00890/04125] R49/2013/r49-2013-dk2-2025-03 (187.3s, 7 pages)
[00891/04125] R49/2013/r49-2013-fr2-2022-01-rev0 (264.2s, 9 pages)
[00892/04125] R49/2013/r49-2013-cz1-2025-04 (920.0s, 8 pages)
[00893/04125] R49/2013/r49-2013-dk2-2025-01-rev2 (440.5s, 11 pages)
[00894/04125] R49/2013/r49-2013-dk2-2025-02-rev2 (431.2s, 11 pages)
[00895/04125] R49/2013/r49-2013-fr2-2022-03-rev0 (212.3s, 12 pages)
[00896/04125] R49/2013/r49-2013-fr2-2022-02-rev0 (285.3s, 7 pages)
[00897/04125] R49/2013/r49-2013-fr2-2023-04-rev0 (98.2s, 4 pages)
[00898/04125] R49/2013/r49-2013-fr2-2023-03-rev0 (232.2s, 8 pages)
[00899/04125] R49/2013/r49-2013-fr2-2022-03-rev2 (432.2s, 15 pages)
[00900/04125] R49/2013/r49-2013-fr2-2023-05-rev1 (387.3s, 10 pages)
[00901/04125] R49/2013/r49-2013-fr2-2023-01-rev0 (491.1s, 3 pages)
[00902/04125] R49/2013/r49-2013-fr2-2023-05-rev3 (353.9s, 15 pages)
[00903/04125] R49/2013/r49-2013-fr2-2023-02-rev0 (577.9s, 8 pages)
[00904/04125] R49/2013/r49-2013-fr2-2023-05-rev4 (357.6s, 15 pages)
[00905/04125] R49/2013/r49-2013-nl1-2019-01-rev4 (209.5s, 5 pages)
[00906/04125] R49/2013/r49-2013-nl1-2019-01-rev3 (308.5s, 5 pages)
[00907/04125] R49/2013/r49-2013-nl1-2019-02-rev1 (213.5s, 5 pages)
[00908/04125] R49/2013/r49-2013-nl1-2019-01-rev5 (248.3s, 5 pages)
[00909/04125] R49/2013/r49-2013-nl1-2019-06-rev2 (146.6s, 5 pages)
[00910/04125] R49/2013/r49-2013-nl1-2019-06-rev3 (134.8s, 6 pages)
[00911/04125] R49/2013/r49-2013-nl1-2019-02-rev3 (221.3s, 5 pages)
[00912/04125] R49/2013/r49-2013-nl1-2019-06-rev4 (128.8s, 6 pages)
[00913/04125] R49/2013/r49-2013-nl1-2019-02-rev2 (263.7s, 5 pages)
[00914/04125] R49/2013/r49-2013-nl1-2020-01-rev10 (402.2s, 13 pages)
[00915/04125] R49/2013/r49-2013-nl1-2020-01-rev12 (348.8s, 13 pages)
[00916/04125] R49/2013/r49-2013-nl1-2020-01-rev13 (318.0s, 13 pages)
[00917/04125] R49/2013/r49-2013-nl1-2020-01-rev11 (477.7s, 13 pages)
[00918/04125] R49/2013/r49-2013-nl1-2020-01-rev14 (530.9s, 13 pages)
[00919/04125] R49/2013/r49-2013-nl1-2020-02-rev2 (158.1s, 5 pages)
[00920/04125] R49/2013/r49-2013-nl1-2021-02-rev2 (89.7s, 4 pages)
[00921/04125] R49/2013/r49-2013-nl1-2020-02-rev3 (166.9s, 6 pages)
[00922/04125] R49/2013/r49-2013-nl1-2020-01-rev8 (389.6s, 12 pages)
[00923/04125] R49/2013/r49-2013-nl1-2020-01-rev9 (385.7s, 13 pages)
[00924/04125] R49/2013/r49-2013-nl1-2021-02-rev4 (75.8s, 5 pages)
[00925/04125] R49/2013/r49-2013-nl1-2020-01-rev7 (486.4s, 12 pages)
[00926/04125] R49/2013/r49-2013-nl1-2021-03-rev10 (123.1s, 7 pages)
[00927/04125] R49/2013/r49-2013-nl1-2021-02-rev3 (154.3s, 5 pages)
[00928/04125] R49/2013/r49-2013-nl1-2021-03-rev4 (77.8s, 6 pages)
[00929/04125] R49/2013/r49-2013-nl1-2021-03-rev2 (180.2s, 5 pages)
[00930/04125] R49/2013/r49-2013-nl1-2021-03-rev3 (109.8s, 5 pages)
[00931/04125] R49/2013/r49-2013-nl1-2020-01-rev15 (881.5s, 13 pages)
[00932/04125] R49/2013/r49-2013-nl1-2021-04-rev2 (57.4s, 4 pages)
[00933/04125] R49/2013/r49-2013-nl1-2021-03-rev5 (164.3s, 7 pages)
[00934/04125] R49/2013/r49-2013-nl1-2021-03-rev7 (145.1s, 7 pages)
[00935/04125] R49/2013/r49-2013-nl1-2021-03-rev6 (224.8s, 7 pages)
[00936/04125] R49/2013/r49-2013-nl1-2021-03-rev9 (189.3s, 7 pages)
[00937/04125] R49/2013/r49-2013-nl1-2022-01-rev1 (21.9s, 4 pages)
[00938/04125] R49/2013/r49-2013-nl1-2021-04-rev4 (89.9s, 4 pages)
[00939/04125] R49/2013/r49-2013-nl1-2021-03-rev8 (227.8s, 7 pages)
[00940/04125] R49/2013/r49-2013-nl1-2022-02-rev1 (44.0s, 3 pages)
[00941/04125] R49/2013/r49-2013-nl1-2025-02-rev0 (43.7s, 3 pages)
[00942/04125] R49/2013/r49-2013-nl1-2021-05-rev3 (147.2s, 4 pages)
[00943/04125] R49/2013/r49-2013-nl1-2021-04-rev3 (200.7s, 4 pages)
[00944/04125] R49/2013/r49-2013-nl1-2025-01-rev0 (107.5s, 5 pages)
[00945/04125] R49/2013/r49-2013-nl1-2024-02-rev0 (125.6s, 3 pages)
[00946/04125] R49/2013/r49-2013-nl1-2026-09-rev0 (54.5s, 3 pages)
[00947/04125] R49/2013/r49-2013-sk1-2023-02 (12.1s, 1 pages)
[00948/04125] R49/2013/r49-2013-sk1-2020-02-rev1 (125.0s, 10 pages)
[00949/04125] R49/2013/r49-2013-nl1-2026-01-rev0 (212.3s, 6 pages)
[00950/04125] R49/2013/r49-2013-sk1-2023-01 (283.5s, 8 pages)
[00951/04125] R49/2013/r49-2013-sk1-2023-02-rev1 (383.1s, 12 pages)
[00952/04125] R49/2013/r49-2013-sk1-2023-04 (101.4s, 11 pages)
[00953/04125] R49/2013/r49-2013-sk1-2023-02-rev3 (490.0s, 13 pages)
[00954/04125] R49/2013/r49-2013-sk1-2023-03-rev1 (523.3s, 11 pages)
[00955/04125] R49/2013/r49-2013-sk1-2023-04-rev3 (347.6s, 13 pages)
[00956/04125] R49/2013/r49-2013-sk1-2023-03 (526.4s, 11 pages)
[00957/04125] R49/2013/r49-2013-sk1-2023-05 (294.5s, 7 pages)
[00958/04125] R49/2013/r49-2013-sk1-2023-06 (323.8s, 8 pages)
[00959/04125] R49/2013/r49-2013-sk1-2024-01-rev1 (282.0s, 7 pages)
[00960/04125] R49/2013/r49-2013-sk1-2024-01-rev2 (285.2s, 7 pages)
[00961/04125] R49/2013/r49-2013-sk1-2023-04-rev2 (876.1s, 12 pages)
[00962/04125] R49/2013/r49-2013-sk1-2024-01 (433.2s, 7 pages)
[00963/04125] R49/2013/r49-2013-sk1-2024-02 (385.2s, 8 pages)
[00964/04125] R49/2013/r49-2013-sk1-2024-03-rev1 (386.2s, 9 pages)
[00965/04125] R49/2013/r49-2013-sk1-2024-03 (390.7s, 9 pages)
[00966/04125] R49/2013/r49-2013-sk1-2024-05 (282.1s, 12 pages)
[00967/04125] R49/2013/r49-2013-sk1-2024-04 (324.3s, 9 pages)
[00968/04125] R49/2013/r49-2013-sk1-2024-07-rev1 (408.2s, 9 pages)
[00969/04125] R49/2013/r49-2013-sk1-2025-01 (308.4s, 8 pages)
[00970/04125] R49/2013/r49-2013-sk1-2024-03-rev2 (818.1s, 9 pages)
[00971/04125] R49/2013/r49-2013-sk1-2024-06 (587.1s, 10 pages)
[00972/04125] R49/2013/r49-2013-sk1-2025-03 (142.3s, 7 pages)
[00973/04125] R49/2013/r49-2013-sk1-2025-04 (153.0s, 7 pages)
[00974/04125] R49/2013/r49-2013-sk1-2024-07 (516.2s, 9 pages)
[00975/04125] R49/2013/r49-2013-sk1-2025-05 (198.3s, 7 pages)
[00976/04125] R49/2013/r49-2013-sk1-2025-07 (165.7s, 6 pages)
[00977/04125] R49/2013/r49-2013-sk1-2025-06 (224.7s, 6 pages)
[00978/04125] R49/2013/r49-2013-sk1-2025-10 (214.3s, 7 pages)
[00979/04125] R49/2013/r49-2013-sk1-2025-08 (332.9s, 9 pages)
[00980/04125] R49/2013/r49-2013-sk1-2025-09 (446.5s, 13 pages)
[00981/04125] R49/2013/r49-2013-sk1-2025-12 (293.9s, 9 pages)
[00982/04125] R49/2013/r49-2013-sk1-2025-11 (374.7s, 12 pages)
[00983/04125] R49/2013/r49-2013-sk1-2025-02 (976.1s, 9 pages)
[00984/04125] R49/2013/r49-2013-sk1-2025-14 (254.8s, 7 pages)
[00985/04125] R50/1997/r050-1997-dk3-2012-01 (27.7s, 2 pages)
[00986/04125] R50/1997/r050-1997-gb1-2009-01-rev1 (50.8s, 3 pages)
[00987/04125] R50/1997/r050-1997-gb1-2009-01-rev2 (71.2s, 3 pages)
[00988/04125] R50/1997/r050-1997-gb1-2009-01 (65.5s, 3 pages)
[00989/04125] R51/1996/r051-1996-cn1-2014-01 (38.1s, 3 pages)
[00990/04125] R51/1996/r051-1996-de1-1999-03-rev2 (33.0s, 2 pages)
[00991/04125] R51/1996/r051-1996-de1-2003-03-rev1 (42.4s, 2 pages)
[00992/04125] R51/1996/r051-1996-de1-2003-07-rev1 (20.8s, 2 pages)
[00993/04125] R51/1996/r051-1996-de1-2003-13-rev1 (47.7s, 2 pages)
[00994/04125] R49/2013/r49-2013-sk1-2026-04 (271.3s, 9 pages)
[00995/04125] R51/1996/r051-1996-de1-2004-06 (13.5s, 2 pages)
[00996/04125] R49/2013/r49-2013-sk1-2026-02 (413.0s, 10 pages)
[00997/04125] R51/1996/r051-1996-de1-2004-01-rev1 (56.1s, 2 pages)
[00998/04125] R51/1996/r051-1996-de1-2005-02 (39.6s, 2 pages)
[00999/04125] R51/1996/r051-1996-de1-2003-11-rev1 (130.3s, 3 pages)
[01000/04125] R51/1996/r051-1996-de1-2005-03 (33.0s, 2 pages)
[01001/04125] R51/1996/r051-1996-de1-2005-04 (20.9s, 2 pages)
[01002/04125] R51/1996/r051-1996-de1-2005-05 (32.1s, 2 pages)
[01003/04125] R51/1996/r051-1996-dk1-2005-01 (26.9s, 2 pages)
[01004/04125] R51/1996/r051-1996-gb1-2006-01 (12.4s, 2 pages)
[01005/04125] R51/1996/r051-1996-de1-2005-01 (112.5s, 3 pages)
[01006/04125] R49/2013/r49-2013-sk1-2026-05 (382.8s, 8 pages)
[01007/04125] R51/1996/r051-1996-gb1-2007-01 (100.0s, 2 pages)
[01008/04125] R51/1996/r051-1996-fr2-2005-01 (130.8s, 3 pages)
[01009/04125] R51/1996/r051-1996-gb1-2008-02-rev1 (92.9s, 3 pages)
[01010/04125] R51/1996/r051-1996-gb1-2008-02 (87.9s, 3 pages)
[01011/04125] R51/1996/r051-1996-nl1-2005-01-rev1 (20.2s, 2 pages)
[01012/04125] R51/1996/r051-1996-nl1-2005-02-rev1 (26.0s, 2 pages)
[01013/04125] R51/1996/r051-1996-nl1-2005-01 (60.4s, 2 pages)
[01014/04125] R51/1996/r051-1996-nl1-2005-02 (25.4s, 2 pages)
[01015/04125] R51/1996/r051-1996-gb1-2008-01-rev12 (199.9s, 5 pages)
[01016/04125] R51/1996/r051-1996-nl1-2004-05-rev1 (104.6s, 3 pages)
[01017/04125] R51/1996/r051-1996-nl1-2006-01 (43.3s, 2 pages)
[01018/04125] R51/1996/r051-1996-nl1-2006-04 (31.8s, 2 pages)
[01019/04125] R51/1996/r051-1996-gb1-2014-03-rev1 (163.9s, 5 pages)
[01020/04125] R51/1996/r051-1996-nl1-2006-02 (78.8s, 2 pages)
[01021/04125] R51/2006/r051-2006-cn2-2018-01-rev1 (13.7s, 2 pages)
[01022/04125] R51/1996/r051-1996-nl1-2013-06 (43.3s, 2 pages)
[01023/04125] R51/1996/r051-1996-nl1-2012-02 (98.2s, 2 pages)
[01024/04125] R51/1996/r051-1996-nl1-2006-03 (127.7s, 2 pages)
[01025/04125] R51/2006/r051-2006-de1-2007-03 (76.3s, 3 pages)
[01026/04125] R51/2006/r051-2006-de1-2007-06 (78.0s, 3 pages)
[01027/04125] R51/2006/r051-2006-de1-2008-01 (97.2s, 3 pages)
[01028/04125] R51/2006/r051-2006-de1-2007-05 (200.4s, 4 pages)
[01029/04125] R51/2006/r051-2006-de1-2007-07-rev1 (198.8s, 3 pages)
[01030/04125] R51/2006/r051-2006-de1-2009-01 (55.7s, 3 pages)
[01031/04125] R51/2006/r051-2006-de1-2007-07-rev2 (211.2s, 3 pages)
[01032/04125] R51/2006/r051-2006-de1-2008-02 (83.7s, 2 pages)
[01033/04125] R51/1996/r051-1996-de1-1998-01-rev4 (804.4s, 3 pages)
[01034/04125] R51/2006/r051-2006-de1-2010-01 (72.9s, 3 pages)
[01035/04125] R51/2006/r051-2006-gb1-2008-01-rev1 (72.7s, 3 pages)
[01036/04125] R51/2006/r051-2006-de1-2022-02 (110.1s, 3 pages)
[01037/04125] R51/2006/r051-2006-de1-2015-02 (131.4s, 2 pages)
[01038/04125] R51/2006/r051-2006-de1-2013-01 (147.4s, 3 pages)
[01039/04125] R51/2006/r051-2006-gb1-2008-01-rev3 (59.7s, 4 pages)
[01040/04125] R51/2006/r051-2006-gb1-2009-03-rev1 (46.9s, 4 pages)
[01041/04125] R51/2006/r051-2006-gb1-2008-01-rev5 (107.4s, 4 pages)
[01042/04125] R51/2006/r051-2006-gb1-2008-01-rev10 (197.7s, 4 pages)
[01043/04125] R51/2006/r051-2006-gb1-2008-01-rev7 (137.5s, 4 pages)
[01044/04125] R51/2006/r051-2006-gb1-2009-03-rev2 (107.3s, 4 pages)
[01045/04125] R51/2006/r051-2006-gb1-2009-01 (188.0s, 4 pages)
[01046/04125] R51/2006/r051-2006-gb1-2009-03-rev3 (107.6s, 4 pages)
[01047/04125] R51/2006/r051-2006-gb1-2009-04 (91.7s, 3 pages)
[01048/04125] R51/2006/r051-2006-gb1-2009-05-rev2 (87.7s, 3 pages)
[01049/04125] R51/2006/r051-2006-gb1-2009-05-rev4 (149.6s, 4 pages)
[01050/04125] R51/2006/r051-2006-gb1-2009-04-rev2 (229.1s, 7 pages)
[01051/04125] R51/2006/r051-2006-gb1-2009-05 (162.9s, 3 pages)
[01052/04125] R51/2006/r051-2006-gb1-2010-01 (36.3s, 3 pages)
[01053/04125] R51/2006/r051-2006-gb1-2011-02 (59.3s, 3 pages)
[01054/04125] R51/2006/r051-2006-de1-2008-01-rev1 (792.7s, 4 pages)
[01055/04125] R51/2006/r051-2006-gb1-2012-01-rev2 (95.2s, 4 pages)
[01056/04125] R51/2006/r051-2006-gb1-2013-01-rev1 (19.1s, 3 pages)
[01057/04125] R51/2006/r051-2006-gb1-2011-02-rev2 (160.1s, 5 pages)
[01058/04125] R51/2006/r051-2006-gb1-2012-03 (81.2s, 3 pages)
[01059/04125] R51/2006/r051-2006-gb1-2013-02 (65.1s, 3 pages)
[01060/04125] R51/2006/r051-2006-gb1-2012-02 (192.8s, 3 pages)
[01061/04125] R51/2006/r051-2006-gb1-2010-01-rev1 (340.4s, 3 pages)
[01062/04125] R51/2006/r051-2006-gb1-2013-01-rev4 (116.0s, 4 pages)
[01063/04125] R51/2006/r051-2006-gb1-2013-04-rev1 (19.5s, 4 pages)
[01064/04125] R51/2006/r051-2006-gb1-2013-01-rev3 (142.3s, 4 pages)
[01065/04125] R51/2006/r051-2006-gb1-2009-07-rev1 (444.4s, 4 pages)
[01066/04125] R51/2006/r051-2006-gb1-2014-02 (109.8s, 4 pages)
[01067/04125] R51/2006/r051-2006-gb1-2014-03 (111.6s, 4 pages)
[01068/04125] R51/2006/r051-2006-gb1-2014-04-rev2 (119.4s, 5 pages)
[01069/04125] R51/2006/r051-2006-gb1-2014-04-rev1 (130.1s, 5 pages)
[01070/04125] R51/2006/r051-2006-gb1-2014-03-rev1 (143.8s, 4 pages)
[01071/04125] R51/2006/r051-2006-gb1-2017-02 (34.5s, 3 pages)
[01072/04125] R51/2006/r051-2006-gb1-2017-01-rev1 (87.6s, 4 pages)
[01073/04125] R51/2006/r051-2006-gb1-2017-03-rev1 (74.3s, 3 pages)
[01074/04125] R51/2006/r051-2006-gb1-2017-01 (116.9s, 4 pages)
[01075/04125] R51/2006/r051-2006-gb1-2014-04-rev3 (208.5s, 5 pages)
[01076/04125] R51/2006/r051-2006-gb1-2017-02-rev1 (136.2s, 3 pages)
[01077/04125] R51/2006/r051-2006-nl1-2009-01 (45.8s, 2 pages)
[01078/04125] R51/2006/r051-2006-nl1-2010-02 (40.7s, 2 pages)
[01079/04125] R51/2006/r051-2006-gb1-2018-04 (204.9s, 8 pages)
[01080/04125] R51/2006/r051-2006-nl1-2012-01 (89.8s, 2 pages)
[01081/04125] R51/2006/r051-2006-gb1-2019-03-rev5 (187.4s, 5 pages)
[01082/04125] R51/2006/r051-2006-nl1-2011-03 (108.9s, 2 pages)
[01083/04125] R51/2006/r051-2006-gb1-2022-01 (206.9s, 6 pages)
[01084/04125] R51/2006/r051-2006-nl1-2012-04-rev1 (38.5s, 2 pages)
[01085/04125] R51/2006/r051-2006-nl1-2013-04 (39.0s, 2 pages)
[01086/04125] R51/2006/r051-2006-gb1-2018-01 (322.1s, 5 pages)
[01087/04125] R51/2006/r051-2006-nl1-2012-04-rev2 (89.6s, 2 pages)
[01088/04125] R51/2006/r051-2006-nl1-2013-07 (55.0s, 2 pages)
[01089/04125] R51/2006/r051-2006-nl1-2012-03 (96.8s, 2 pages)
[01090/04125] R51/2006/r051-2006-nl1-2013-01 (104.3s, 2 pages)
[01091/04125] R51/2006/r051-2006-nl1-2015-02 (31.9s, 2 pages)
[01092/04125] R51/2006/r051-2006-nl1-2014-04-rev1 (43.2s, 3 pages)
[01093/04125] R51/2006/r051-2006-nl1-2016-05 (47.3s, 2 pages)
[01094/04125] R51/2006/r051-2006-nl1-2014-03 (95.0s, 2 pages)
[01095/04125] R51/2006/r051-2006-nl1-2014-01 (153.6s, 2 pages)
[01096/04125] R51/2006/r051-2006-nl1-2016-03 (112.7s, 2 pages)
[01097/04125] R51/2006/r051-2006-nl1-2017-05 (58.7s, 2 pages)
[01098/04125] R51/2006/r051-2006-nl1-2017-03 (64.1s, 2 pages)
[01099/04125] R51/2006/r051-2006-nl1-2016-01 (127.0s, 3 pages)
[01100/04125] R51/2006/r051-2006-nl1-2017-06 (46.0s, 2 pages)
[01101/04125] R51/2006/r051-2006-nl1-2018-03 (53.2s, 2 pages)
[01102/04125] R51/2006/r051-2006-nl1-2019-02 (64.7s, 2 pages)
[01103/04125] R51/2006/r051-2006-nl1-2018-02 (87.7s, 2 pages)
[01104/04125] R51/2006/r051-2006-nl1-2020-02 (55.8s, 2 pages)
[01105/04125] R51/2006/r051-2006-nl1-2019-04 (70.5s, 2 pages)
[01106/04125] R51/2006/r051-2006-nl1-2019-03 (227.5s, 2 pages)
[01107/04125] R51/2006/r051-2006-nl1-2019-03-rev2 (255.3s, 3 pages)
[01108/04125] R51/2006/r051-2006-nl1-2020-04 (179.4s, 3 pages)
[01109/04125] R51/2006/r051-2006-nl1-2021-10 (102.3s, 2 pages)
[01110/04125] R51/2006/r051-2006-nl1-2021-04 (137.8s, 3 pages)
[01111/04125] R51/2006/r051-2006-nl1-2022-02-rev0 (42.3s, 2 pages)
[01112/04125] R51/2006/r051-2006-se1-2019-01 (73.9s, 4 pages)
[01113/04125] R51/2006/r51-2006-cn2-2023-01 (28.0s, 2 pages)
[01114/04125] R51/2006/r051-2006-se1-2019-02 (68.5s, 2 pages)
[01115/04125] R51/2006/r51-2006-cn2-2024-01 (22.6s, 2 pages)
[01116/04125] R51/2006/r51-2006-de1-2023-04-rev1 (17.3s, 3 pages)
[01117/04125] R51/2006/r051-2006-nl1-2018-05 (585.7s, 2 pages)
[01118/04125] R51/2006/r51-2006-de1-2025-01 (41.8s, 2 pages)
[01119/04125] R51/2006/r51-2006-de1-2023-01 (121.4s, 3 pages)
[01120/04125] R51/2006/r51-2006-de1-2023-04 (88.7s, 2 pages)
[01121/04125] R51/2006/r51-2006-dk2-2023-01 (190.4s, 4 pages)
[01122/04125] R51/2006/r51-2006-dk2-2023-02-rev1 (214.3s, 3 pages)
[01123/04125] R51/2006/r51-2006-fr2-2023-01-rev0 (49.7s, 2 pages)
[01124/04125] R51/2006/r51-2006-dk2-2022-01-rev1 (299.8s, 6 pages)
[01125/04125] R51/2006/r51-2006-fr2-2023-01-rev1 (82.2s, 3 pages)
[01126/04125] R51/2006/r51-2006-gb1-2023-01 (154.2s, 5 pages)
[01127/04125] R51/2006/r51-2006-nl1-2021-05-rev2 (130.8s, 3 pages)
[01128/04125] R51/2006/r51-2006-nl1-2023-01-rev0 (32.7s, 2 pages)
[01129/04125] R51/2006/r51-2006-nl1-2021-10-rev1 (89.7s, 3 pages)
[01130/04125] R51/2006/r51-2006-nl1-2023-03-rev0 (70.0s, 3 pages)
[01131/04125] R51/2006/r51-2006-nl1-2023-03-rev1 (101.0s, 3 pages)
[01132/04125] R51/2006/r51-2006-nl1-2023-04-rev1 (130.8s, 3 pages)
[01133/04125] R51/2006/r51-2006-nl1-2023-06-rev0 (33.9s, 2 pages)
[01134/04125] R51/2006/r51-2006-nl1-2023-05-rev0 (133.5s, 3 pages)
[01135/04125] R51/2006/r51-2006-nl1-2024-02-rev1 (51.8s, 2 pages)
[01136/04125] R60/1991/r060-1991-gb1-2000-05-rev1 (17.4s, 2 pages)
[01137/04125] R60/1991/r060-1991-nl1-1998-23-rev1 (47.5s, 2 pages)
[01138/04125] R51/2006/r51-2006-nl1-2024-03-rev0 (120.3s, 3 pages)
[01139/04125] R60/2000/r060-2000-cn1-2005-02 (64.3s, 2 pages)
[01140/04125] R51/2006/r51-2006-dk2-2024-01 (756.2s, 10 pages)
[01141/04125] R60/2000/r060-2000-cn1-2005-01 (127.8s, 2 pages)
[01142/04125] R60/2000/r060-2000-cn1-2005-04 (96.0s, 2 pages)
[01143/04125] R60/2000/r060-2000-cn1-2005-05 (81.1s, 2 pages)
[01144/04125] R60/2000/r060-2000-cn1-2006-01 (47.1s, 2 pages)
[01145/04125] R60/2000/r060-2000-cn1-2005-03 (186.2s, 2 pages)
[01146/04125] R60/2000/r060-2000-cn1-2006-03 (56.1s, 2 pages)
[01147/04125] R60/2000/r060-2000-cn1-2006-05 (31.6s, 2 pages)
[01148/04125] R60/2000/r060-2000-cn1-2006-02 (123.1s, 2 pages)
[01149/04125] R60/2000/r060-2000-cn1-2006-06 (63.3s, 2 pages)
[01150/04125] R60/2000/r060-2000-cn1-2006-08 (35.1s, 2 pages)
[01151/04125] R60/2000/r060-2000-cn1-2006-04 (197.7s, 2 pages)
[01152/04125] R60/2000/r060-2000-cn1-2006-10 (56.0s, 3 pages)
[01153/04125] R60/2000/r060-2000-cn1-2006-07 (191.2s, 2 pages)
[01154/04125] R60/2000/r060-2000-cn1-2006-09 (119.9s, 2 pages)
[01155/04125] R60/2000/r060-2000-cn1-2007-02 (52.0s, 2 pages)
[01156/04125] R60/2000/r060-2000-cn1-2007-03 (54.2s, 2 pages)
[01157/04125] R60/2000/r060-2000-cn1-2007-01 (131.0s, 2 pages)
[01158/04125] R60/2000/r060-2000-cn1-2007-06 (110.8s, 2 pages)
[01159/04125] R60/2000/r060-2000-cn1-2007-05 (231.5s, 2 pages)
[01160/04125] R60/2000/r060-2000-cn1-2007-04 (255.7s, 2 pages)
[01161/04125] R60/2000/r060-2000-cn1-2008-02 (68.0s, 2 pages)
[01162/04125] R51/2006/r051-2006-nl1-2021-01 (2288.2s, 3 pages)
[01163/04125] R60/2000/r060-2000-cn1-2008-01 (167.1s, 2 pages)
[01164/04125] R60/2000/r060-2000-cn1-2008-13 (144.0s, 2 pages)
[01165/04125] R60/2000/r060-2000-cn1-2008-16 (87.0s, 2 pages)
[01166/04125] R60/2000/r060-2000-cn1-2008-14 (139.8s, 2 pages)
[01167/04125] R60/2000/r060-2000-cn1-2009-01 (75.6s, 2 pages)
[01168/04125] R60/2000/r060-2000-cn1-2009-02 (33.3s, 2 pages)
[01169/04125] R60/2000/r060-2000-cn1-2009-02-rev1 (55.8s, 2 pages)
[01170/04125] R60/2000/r060-2000-cn1-2009-03 (32.7s, 2 pages)
[01171/04125] R60/2000/r060-2000-cn1-2010-02 (65.3s, 2 pages)
[01172/04125] R60/2000/r060-2000-cn1-2010-01 (80.9s, 2 pages)
[01173/04125] R60/2000/r060-2000-cn1-2008-15 (267.7s, 2 pages)
[01174/04125] R60/2000/r060-2000-cn1-2011-01 (31.6s, 2 pages)
[01175/04125] R60/2000/r060-2000-cn1-2010-03 (63.8s, 2 pages)
FAIL R51/2006/r051-2006-nl1-2015-05-rev1: API error for R51/2006/r051-2006-nl1-2015-05-rev1: {"error" => "HTTP 500: {\"error\":{\"code\":\"500\",\"message\":\"Operation failed\"}}"}
[01177/04125] R60/2000/r060-2000-cn1-2014-01 (46.1s, 3 pages)
[01178/04125] R60/2000/r060-2000-cn1-2009-04 (203.0s, 2 pages)
[01179/04125] R60/2000/r060-2000-cn1-2013-01 (91.4s, 2 pages)
[01180/04125] R60/2000/r060-2000-cn1-2015-02 (90.1s, 4 pages)
[01181/04125] R60/2000/r060-2000-cn1-2016-01 (54.3s, 2 pages)
[01182/04125] R60/2000/r060-2000-cn1-2017-01 (54.5s, 2 pages)
[01183/04125] R60/2000/r060-2000-cn1-2015-03 (101.2s, 4 pages)
[01184/04125] R60/2000/r060-2000-cn1-2015-01 (122.5s, 4 pages)
[01185/04125] R60/2000/r060-2000-de1-2005-02 (19.0s, 2 pages)
[01186/04125] R60/2000/r060-2000-de1-2005-01 (44.7s, 2 pages)
[01187/04125] R60/2000/r060-2000-de1-2005-02-rev1 (53.7s, 2 pages)
[01188/04125] R60/2000/r060-2000-de1-2006-01 (40.0s, 2 pages)
[01189/04125] R60/2000/r060-2000-de1-2006-02-rev2 (26.8s, 2 pages)
[01190/04125] R60/2000/r060-2000-cn2-2018-01 (119.0s, 2 pages)
[01191/04125] R60/2000/r060-2000-de1-2006-02 (46.1s, 2 pages)
FAIL R51/2006/r051-2006-nl1-2021-02: API error for R51/2006/r051-2006-nl1-2021-02: {"error" => "Net::ReadTimeout with #<TCPSocket:(closed)>"}
[01193/04125] R60/2000/r060-2000-de1-2008-02 (49.4s, 2 pages)
[01194/04125] R60/2000/r060-2000-de1-2008-03 (38.9s, 2 pages)
