PDFs total: 5085; already have raw: 3796; already have md: 958; to extract: 331
targets: R51/2006/r051-2006-nl1-2015-05-rev1, R51/2006/r051-2006-nl1-2021-02, R76/1992/r076-1992-nl1-2008-14 ...
FAIL R76/1992/r076-1992-nl1-2008-14: API error for R76/1992/r076-1992-nl1-2008-14: {"contentFilter" => [{"level" => 1, "role" => "assistant"}], "error" => {"code" => "1301", "message" => "System detected potentially unsafe or sensitive content in input or generation. Please avoid using prompts that may generate sensitive content. Thank
FAIL R76/2006/r076-2006-gb1-2012-10: API error for R76/2006/r076-2006-gb1-2012-10: {"contentFilter" => [{"level" => 1, "role" => "assistant"}], "error" => {"code" => "1301", "message" => "System detected potentially unsafe or sensitive content in input or generation. Please avoid using prompts that may generate sensitive content. Thank
FAIL R76/2006/r076-2006-nl1-2017-22: API error for R76/2006/r076-2006-nl1-2017-22: {"contentFilter" => [{"level" => 1, "role" => "assistant"}], "error" => {"code" => "1301", "message" => "System detected potentially unsafe or sensitive content in input or generation. Please avoid using prompts that may generate sensitive content. Thank
FAIL R76/2006/r076-2006-dk3-2017-09: API error for R76/2006/r076-2006-dk3-2017-09: {"contentFilter" => [{"level" => 1, "role" => "assistant"}], "error" => {"code" => "1301", "message" => "System detected potentially unsafe or sensitive content in input or generation. Please avoid using prompts that may generate sensitive content. Thank
FAIL R76/2006/r076-2006-gb1-2012-10-rev1: API error for R76/2006/r076-2006-gb1-2012-10-rev1: {"contentFilter" => [{"level" => 1, "role" => "assistant"}], "error" => {"code" => "1301", "message" => "System detected potentially unsafe or sensitive content in input or generation. Please avoid using prompts that may generate sensitive content. 
FAIL R76/1992/r076-1992-nl1-2008-29: API error for R76/1992/r076-1992-nl1-2008-29: {"contentFilter" => [{"level" => 1, "role" => "assistant"}], "error" => {"code" => "1301", "message" => "System detected potentially unsafe or sensitive content in input or generation. Please avoid using prompts that may generate sensitive content. Thank
FAIL R76/2006/r076-2006-nl1-2018-29: API error for R76/2006/r076-2006-nl1-2018-29: {"contentFilter" => [{"level" => 1, "role" => "assistant"}], "error" => {"code" => "1301", "message" => "System detected potentially unsafe or sensitive content in input or generation. Please avoid using prompts that may generate sensitive content. Thank
FAIL R76/2006/r076-2006-nl1-2021-15: API error for R76/2006/r076-2006-nl1-2021-15: {"contentFilter" => [{"level" => 1, "role" => "assistant"}], "error" => {"code" => "1301", "message" => "System detected potentially unsafe or sensitive content in input or generation. Please avoid using prompts that may generate sensitive content. Thank
19:42:21 [00018/00331] R76/2006/r76-2006-ch1-2025-24-rev1 (56.4s, 3 pages)
19:43:32 [00019/00331] R76/2006/r76-2006-cn2-2023-02 (126.8s, 2 pages)
19:43:46 [00020/00331] R76/2006/r76-2006-cn2-2024-02-rev1 (140.3s, 3 pages)
19:43:55 [00021/00331] R76/2006/r76-2006-cn2-2024-02-rev2 (147.8s, 3 pages)
19:43:59 [00022/00331] R76/2006/r76-2006-cn2-2024-02 (105.0s, 2 pages)
19:44:36 [00023/00331] R76/2006/r76-2006-cn2-2024-03-rev1 (134.4s, 2 pages)
19:45:10 [00024/00331] R76/2006/r76-2006-cn2-2024-03 (98.5s, 2 pages)
19:45:16 [00025/00331] R76/2006/r76-2006-ch1-2019-04-rev7 (231.8s, 5 pages)
19:45:53 [00026/00331] R76/2006/r76-2006-cn2-2025-04 (43.2s, 2 pages)
19:45:57 [00027/00331] R76/2006/r76-2006-cn2-2024-04 (131.0s, 2 pages)
19:46:05 [00028/00331] R76/2006/r76-2006-cn2-2025-02 (126.4s, 2 pages)
19:46:07 [00029/00331] R76/2006/r76-2006-ch1-2024-01 (282.1s, 3 pages)
19:46:15 [00030/00331] R76/2006/r76-2006-cn2-2025-03 (99.2s, 2 pages)
19:46:32 [00031/00331] R76/2006/r76-2006-cn2-2025-05-rev1 (75.8s, 2 pages)
19:46:56 [00032/00331] R76/2006/r76-2006-cn2-2025-06 (59.3s, 2 pages)
19:47:05 [00033/00331] R76/2006/r76-2006-cn2-2025-01 (190.9s, 2 pages)
19:47:17 [00034/00331] R76/2006/r76-2006-cn2-2025-08 (70.4s, 2 pages)
19:47:56 [00035/00331] R76/2006/r76-2006-cn2-2025-05 (122.5s, 2 pages)
19:48:37 [00036/00331] R76/2006/r76-2006-cz1-2023-01-rev1 (100.9s, 4 pages)
19:48:58 [00037/00331] R76/2006/r76-2006-cn2-2025-07 (172.9s, 2 pages)
19:49:15 [00038/00331] R76/2006/r76-2006-cz1-2020-03-rev1 (180.2s, 6 pages)
19:49:59 [00039/00331] R76/2006/r76-2006-cz1-2023-02 (162.0s, 4 pages)
19:50:16 [00040/00331] R76/2006/r76-2006-cz1-2023-03-rev3 (99.2s, 3 pages)
19:50:26 [00041/00331] R76/2006/r76-2006-cz1-2023-03 (71.6s, 3 pages)
19:50:54 [00042/00331] R76/2006/r76-2006-cz1-2020-03 (261.8s, 6 pages)
19:51:06 [00043/00331] R76/2006/r76-2006-cz1-2023-03-rev1 (189.8s, 3 pages)
19:51:18 [00044/00331] R76/2006/r76-2006-cz1-2023-01 (252.5s, 4 pages)
19:53:00 [00045/00331] R76/2006/r76-2006-cz1-2023-03-rev4 (241.7s, 3 pages)
19:53:07 [00046/00331] R76/2006/r76-2006-cz1-2023-04-rev4 (170.8s, 5 pages)
19:53:13 [00047/00331] R76/2006/r76-2006-cz1-2023-05-rev1 (139.1s, 4 pages)
19:53:40 [00048/00331] R76/2006/r76-2006-cz1-2023-06 (142.2s, 4 pages)
19:53:48 [00049/00331] R76/2006/r76-2006-cz1-2023-05 (162.1s, 4 pages)
19:54:18 [00050/00331] R76/2006/r76-2006-cz1-2023-04-rev3 (259.4s, 5 pages)
19:54:34 [00051/00331] R76/2006/r76-2006-cz1-2023-04 (247.1s, 5 pages)
19:55:22 [00052/00331] R76/2006/r076-2006-nl1-2020-28 (844.6s, 3 pages)
19:55:57 [00053/00331] R76/2006/r76-2006-cz1-2024-01 (164.5s, 4 pages)
19:55:58 [00054/00331] R76/2006/r76-2006-cz1-2024-02 (99.4s, 6 pages)
19:56:00 [00055/00331] R76/2006/r76-2006-cz1-2023-07-rev1 (180.4s, 4 pages)
19:56:07 [00056/00331] R76/2006/r76-2006-cz1-2023-07 (179.8s, 4 pages)
19:57:34 [00057/00331] R76/2006/r76-2006-cz1-2024-02-rev2 (226.8s, 6 pages)
19:58:01 [00058/00331] R76/2006/r76-2006-cz1-2024-03-rev2 (158.7s, 7 pages)
19:58:19 [00059/00331] R76/2006/r76-2006-cz1-2024-03-rev3 (141.5s, 7 pages)
19:59:23 [00060/00331] R76/2006/r76-2006-cz1-2024-03-rev1 (289.2s, 7 pages)
19:59:53 [00061/00331] R76/2006/r76-2006-cz1-2024-02-rev1 (372.8s, 6 pages)
20:00:31 [00062/00331] R76/2006/r76-2006-cz1-2025-03 (176.7s, 7 pages)
20:00:49 [00063/00331] R76/2006/r76-2006-cz1-2024-03 (291.2s, 7 pages)
20:01:12 [00064/00331] R76/2006/r76-2006-de1-2018-6 (173.0s, 5 pages)
20:01:15 [00065/00331] R76/2006/r76-2006-cz1-2025-02 (307.9s, 5 pages)
20:01:45 [00066/00331] R76/2006/r76-2006-de1-2023-02 (112.2s, 2 pages)
20:02:07 [00067/00331] R76/2006/r76-2006-de1-2018-02-rev5 (245.6s, 5 pages)
20:02:31 [00068/00331] R76/2006/r76-2006-cz1-2025-01 (390.8s, 10 pages)
20:03:05 [00069/00331] R76/2006/r76-2006-de1-2023-01 (222.0s, 4 pages)
20:03:19 [00070/00331] R76/2006/r76-2006-de1-2023-06-rev1 (127.0s, 3 pages)
20:03:21 [00071/00331] R76/2006/r76-2006-de1-2023-05 (152.5s, 3 pages)
20:04:00 [00072/00331] R76/2006/r76-2006-de1-2023-09 (88.6s, 3 pages)
20:04:00 [00073/00331] R76/2006/r76-2006-de1-2023-06 (165.4s, 3 pages)
20:04:20 [00074/00331] R76/2006/r76-2006-de1-2024-03 (61.4s, 4 pages)
20:05:10 [00075/00331] R76/2006/r76-2006-de1-2023-03 (278.5s, 3 pages)
20:05:40 [00076/00331] R76/2006/r76-2006-de1-2023-07 (234.8s, 3 pages)
20:05:48 [00077/00331] R76/2006/r76-2006-de1-2023-08 (221.4s, 4 pages)
20:06:21 [00078/00331] R76/2006/r76-2006-de1-2024-01 (196.4s, 3 pages)
20:06:35 [00079/00331] R76/2006/r76-2006-dk2-2020-15-rev1 (85.3s, 4 pages)
20:06:39 [00080/00331] R76/2006/r76-2006-de1-2026-04 (159.5s, 4 pages)
20:06:56 [00081/00331] R76/2006/r76-2006-dk2-2020-01-rev1 (155.7s, 4 pages)
20:08:10 [00082/00331] R76/2006/r76-2006-de1-2026-01 (288.7s, 2 pages)
20:08:40 [00083/00331] R76/2006/r76-2006-dk2-2019-01-rev1 (280.2s, 4 pages)
20:08:43 [00084/00331] R76/2006/r76-2006-dk2-2022-03-rev2 (174.7s, 6 pages)
20:10:03 [00085/00331] R76/2006/r76-2006-dk2-2022-06 (208.5s, 3 pages)
20:10:36 [00086/00331] R76/2006/r76-2006-dk2-2022-10 (146.2s, 3 pages)
20:10:40 [00087/00331] R76/2006/r76-2006-dk2-2022-07 (241.3s, 4 pages)
20:11:45 [00088/00331] R76/2006/r76-2006-dk2-2022-11-rev2 (182.3s, 4 pages)
20:12:50 [00089/00331] R76/2006/r76-2006-dk2-2022-11-rev1 (250.1s, 4 pages)
20:13:25 [00090/00331] R76/2006/r76-2006-dk2-2022-04 (423.5s, 4 pages)
20:13:28 [00091/00331] R76/2006/r76-2006-dk2-2023-02 (172.1s, 4 pages)
20:13:58 [00092/00331] R76/2006/r76-2006-dk2-2022-09 (422.4s, 12 pages)
20:14:03 [00093/00331] R76/2006/r76-2006-dk2-2023-04-rev1 (137.7s, 4 pages)
FAIL R76/2006/r76-2006-dk2-2023-07: API error for R76/2006/r76-2006-dk2-2023-07: {"contentFilter" => [{"level" => 1, "role" => "assistant"}], "error" => {"code" => "1301", "message" => "System detected potentially unsafe or sensitive content in input or generation. Please avoid using prompts that may generate sensitive content. Thank 
FAIL R76/2006/r76-2006-dk2-2023-08: API error for R76/2006/r76-2006-dk2-2023-08: {"contentFilter" => [{"level" => 1, "role" => "assistant"}], "error" => {"code" => "1301", "message" => "System detected potentially unsafe or sensitive content in input or generation. Please avoid using prompts that may generate sensitive content. Thank 
20:14:24 [00096/00331] R76/2006/r76-2006-dk2-2022-11 (260.8s, 4 pages)
20:14:59 [00097/00331] R76/2006/r76-2006-dk2-2023-03 (259.0s, 3 pages)
20:15:36 [00098/00331] R76/2006/r76-2006-dk2-2023-06 (127.8s, 3 pages)
20:16:33 [00099/00331] R76/2006/r76-2006-dk2-2024-02-rev1 (129.3s, 4 pages)
20:16:45 [00100/00331] R76/2006/r76-2006-dk2-2023-05 (200.5s, 5 pages)
20:17:41 [00101/00331] R76/2006/r76-2006-dk2-2024-01 (209.9s, 4 pages)
20:18:58 [00102/00331] R76/2006/r76-2006-dk2-2023-09 (291.0s, 12 pages)
20:20:49 [00103/00331] R76/2006/r76-2006-dk2-2025-03 (111.8s, 3 pages)
20:21:26 [00104/00331] R76/2006/r76-2006-dk2-2025-02 (225.2s, 4 pages)
20:21:37 [00105/00331] R76/2006/r76-2006-dk2-2024-12 (303.3s, 5 pages)
20:21:44 [00106/00331] R76/2006/r76-2006-dk2-2024-08 (404.9s, 9 pages)
20:21:52 [00107/00331] R76/2006/r76-2006-dk2-2025-01 (306.5s, 4 pages)
20:22:05 [00108/00331] R76/2006/r76-2006-dk2-2024-11-rev1 (388.7s, 4 pages)
FAIL R51/2006/r051-2006-nl1-2015-05-rev1: API error for R51/2006/r051-2006-nl1-2015-05-rev1: {"error" => "Net::ReadTimeout with #<TCPSocket:(closed)>"}
20:23:24 [00110/00331] R76/2006/r76-2006-dk2-2025-09 (99.2s, 3 pages)
20:23:34 [00111/00331] R76/2006/r76-2006-dk2-2022-03-rev1 (1073.8s, 6 pages)
20:24:02 [00112/00331] R76/2006/r76-2006-dk2-2023-04 (671.9s, 4 pages)
20:25:04 [00113/00331] R76/2006/r76-2006-dk2-2025-05 (254.5s, 4 pages)
20:25:12 [00114/00331] R76/2006/r76-2006-dk2-2026-02 (186.9s, 4 pages)
20:25:39 [00115/00331] R76/2006/r76-2006-dk2-2025-07 (242.4s, 5 pages)
20:25:52 [00116/00331] R76/2006/r76-2006-dk2-2026-03 (205.6s, 4 pages)
20:27:22 [00117/00331] R76/2006/r76-2006-dk2-2025-06 (355.9s, 7 pages)
20:27:49 [00118/00331] R76/2006/r76-2006-dk2-2026-04 (264.9s, 3 pages)
20:28:30 [00119/00331] R76/2006/r76-2006-fr2-2023-02-rev0 (170.6s, 2 pages)
20:28:54 [00120/00331] R76/2006/r76-2006-fr2-2020-02-rev1 (222.1s, 5 pages)
20:28:55 [00121/00331] R76/2006/r76-2006-fr2-2019-02-rev1 (292.7s, 4 pages)
20:29:03 [00122/00331] R76/2006/r76-2006-fr2-2023-03-rev1 (101.0s, 3 pages)
20:29:23 [00123/00331] R76/2006/r76-2006-fr2-2018-01-rev1 (349.0s, 4 pages)
20:30:12 [00124/00331] R76/2006/r76-2006-fr2-2023-02-rev1 (259.2s, 3 pages)
20:30:42 [00125/00331] R76/2006/r76-2006-jp1-2020-01-rev2 (132.6s, 3 pages)
20:31:18 [00126/00331] R76/2006/r76-2006-jp1-2020-01-rev3 (143.8s, 3 pages)
FAIL R51/2006/r051-2006-nl1-2021-02: API error for R51/2006/r051-2006-nl1-2021-02: {"error" => "Net::ReadTimeout with #<TCPSocket:(closed)>"}
20:32:05 [00128/00331] R76/2006/r76-2006-fr2-2024-01-rev0 (256.9s, 2 pages)
20:32:34 [00129/00331] R76/2006/r76-2006-nl1-2015-15-rev1 (28.4s, 2 pages)
20:32:58 [00130/00331] R76/2006/r76-2006-jp1-2023-01 (166.0s, 4 pages)
20:33:07 [00131/00331] R76/2006/r76-2006-jp1-2022-01-rev1 (252.0s, 3 pages)
20:33:16 [00132/00331] R76/2006/r76-2006-nl1-2015-15-rev2 (42.3s, 2 pages)
20:33:29 [00133/00331] R76/2006/r76-2006-fr2-2019-02-rev2 (505.3s, 4 pages)
20:33:37 [00134/00331] R76/2006/r76-2006-jp1-2022-01 (274.6s, 3 pages)
20:33:49 [00135/00331] R76/2006/r76-2006-jp1-2023-02 (186.7s, 3 pages)
20:35:06 [00136/00331] R76/2006/r76-2006-nl1-2018-27-rev2 (97.1s, 3 pages)
20:35:10 [00137/00331] R76/2006/r76-2006-nl1-2018-13-rev1 (122.6s, 3 pages)
20:35:22 [00138/00331] R76/2006/r76-2006-nl1-2018-48-rev2 (92.5s, 3 pages)
20:35:22 [00139/00331] R76/2006/r76-2006-nl1-2018-17-rev2 (126.2s, 2 pages)
20:35:40 [00140/00331] R76/2006/r76-2006-nl1-2018-05-rev1 (161.9s, 3 pages)
20:35:44 [00141/00331] R76/2006/r76-2006-jp1-2025-01 (266.2s, 3 pages)
20:35:52 [00142/00331] R76/2006/r76-2006-jp1-2022-02 (388.8s, 3 pages)
20:36:00 [00143/00331] R76/2006/r76-2006-nl1-2019-04-rev1 (37.6s, 2 pages)
20:36:04 [00144/00331] R76/2006/r76-2006-dk2-2025-10 (852.1s, 4 pages)
20:36:05 [00145/00331] R76/2006/r76-2006-jp1-2025-02 (254.4s, 3 pages)
20:36:27 [00146/00331] R76/2006/r76-2006-nl1-2019-28-rev2 (43.6s, 2 pages)
20:36:29 [00147/00331] R76/2006/r76-2006-nl1-2018-50-rev2 (79.5s, 3 pages)
20:36:30 [00148/00331] R76/2006/r76-2006-nl1-2018-27-rev3 (172.5s, 3 pages)
20:36:46 [00149/00331] R76/2006/r76-2006-nl1-2019-49-rev2 (41.3s, 2 pages)
20:36:52 [00150/00331] R76/2006/r76-2006-nl1-2019-49-rev1 (48.7s, 2 pages)
20:37:41 [00151/00331] R76/2006/r76-2006-nl1-2018-48-rev3 (154.3s, 3 pages)
20:37:41 [00152/00331] R76/2006/r76-2006-nl1-2018-51-rev2 (139.4s, 4 pages)
20:37:48 [00153/00331] R76/2006/r76-2006-nl1-2019-51-rev1 (80.3s, 3 pages)
20:38:06 [00154/00331] R76/2006/r76-2006-nl1-2019-29-rev2 (126.0s, 3 pages)
20:38:29 [00155/00331] R76/2006/r76-2006-nl1-2019-28-rev3 (157.2s, 3 pages)
20:38:37 [00156/00331] R76/2006/r76-2006-nl1-2020-07-rev1 (55.9s, 2 pages)
20:38:38 [00157/00331] R76/2006/r76-2006-nl1-2019-26-rev3 (177.9s, 3 pages)
20:38:43 [00158/00331] R76/2006/r76-2006-nl1-2019-58-rev1 (116.6s, 2 pages)
20:38:43 [00159/00331] R76/2006/r76-2006-nl1-2020-07-rev2 (55.4s, 2 pages)
20:39:20 [00160/00331] R76/2006/r76-2006-nl1-2019-56-rev3 (171.0s, 3 pages)
20:39:36 [00161/00331] R76/2006/r76-2006-nl1-2020-01-rev1 (115.8s, 2 pages)
20:40:23 [00162/00331] R76/2006/r76-2006-nl1-2020-18-rev3 (113.9s, 3 pages)
20:40:27 [00163/00331] R76/2006/r76-2006-nl1-2020-17-rev3 (141.0s, 3 pages)
20:40:33 [00164/00331] R76/2006/r76-2006-nl1-2019-56-rev4 (242.9s, 3 pages)
20:40:55 [00165/00331] R76/2006/r76-2006-nl1-2020-18-rev4 (138.2s, 3 pages)
20:41:02 [00166/00331] R76/2006/r76-2006-nl1-2020-21-rev3 (139.2s, 3 pages)
20:42:08 [00167/00331] R76/2006/r76-2006-nl1-2020-22-rev3 (151.6s, 3 pages)
20:42:29 [00168/00331] R76/2006/r76-2006-nl1-2020-18-rev5 (231.4s, 3 pages)
20:42:33 [00169/00331] R76/2006/r76-2006-nl1-2020-27-rev1 (129.9s, 3 pages)
20:42:53 [00170/00331] R76/2006/r76-2006-nl1-2020-27-rev3 (140.2s, 3 pages)
20:42:58 [00171/00331] R76/2006/r76-2006-nl1-2020-22-rev2 (218.2s, 3 pages)
20:43:36 [00172/00331] R76/2006/r76-2006-nl1-2020-49-rev1 (63.8s, 3 pages)
20:44:11 [00173/00331] R76/2006/r76-2006-nl1-2020-39-rev4 (188.5s, 3 pages)
20:45:05 [00174/00331] R76/2006/r76-2006-nl1-2020-56-rev1 (88.6s, 2 pages)
20:45:17 [00175/00331] R76/2006/r76-2006-nl1-2020-50-rev2 (144.3s, 3 pages)
20:45:20 [00176/00331] R76/2006/r76-2006-nl1-2020-39-rev3 (264.7s, 3 pages)
20:45:40 [00177/00331] R76/2006/r76-2006-nl1-2020-41-rev2 (211.7s, 3 pages)
20:45:59 [00178/00331] R76/2006/r76-2006-nl1-2019-58-rev2 (546.2s, 3 pages)
20:46:12 [00179/00331] R76/2006/r76-2006-nl1-2020-50-rev3 (193.5s, 3 pages)
20:46:18 [00180/00331] R76/2006/r76-2006-nl1-2020-44-rev2 (229.1s, 3 pages)
20:46:44 [00181/00331] R76/2006/r76-2006-nl1-2021-01-rev3 (84.3s, 3 pages)
20:47:07 [00182/00331] R76/2006/r76-2006-nl1-2021-19-rev1 (49.3s, 3 pages)
20:47:29 [00183/00331] R76/2006/r76-2006-nl1-2020-27-rev2 (422.3s, 3 pages)
20:48:00 [00184/00331] R76/2006/r76-2006-nl1-2021-16-rev1 (108.1s, 3 pages)
20:48:10 [00185/00331] R76/2006/r76-2006-nl1-2021-09-rev2 (131.1s, 3 pages)
20:48:13 [00186/00331] R76/2006/r76-2006-nl1-2021-23-rev1 (88.9s, 2 pages)
20:48:22 [00187/00331] R76/2006/r76-2006-nl1-2020-21-rev2 (578.8s, 3 pages)
20:48:23 [00188/00331] R76/2006/r76-2006-nl1-2021-23-rev3 (76.0s, 3 pages)
20:48:42 [00189/00331] R76/2006/r76-2006-nl1-2020-69-rev5 (270.8s, 4 pages)
20:49:18 [00190/00331] R76/2006/r76-2006-nl1-2021-24-rev2 (78.5s, 3 pages)
20:49:32 [00191/00331] R76/2006/r76-2006-nl1-2021-24-rev4 (79.1s, 3 pages)
20:49:33 [00192/00331] R76/2006/r76-2006-nl1-2020-70-rev4 (268.1s, 4 pages)
20:49:40 [00193/00331] R76/2006/r76-2006-nl1-2021-30-rev1 (58.1s, 3 pages)
20:50:12 [00194/00331] R76/2006/r76-2006-nl1-2021-24-rev5 (110.4s, 3 pages)
20:50:23 [00195/00331] R76/2006/r76-2006-nl1-2021-35-rev1 (64.6s, 3 pages)
20:50:43 [00196/00331] R76/2006/r76-2006-nl1-2021-29-rev2 (139.4s, 4 pages)
20:51:14 [00197/00331] R76/2006/r76-2006-nl1-2021-24-rev3 (184.7s, 3 pages)
20:51:46 [00198/00331] R76/2006/r76-2006-nl1-2021-04-rev1 (366.2s, 3 pages)
20:52:18 [00199/00331] R76/2006/r76-2006-nl1-2021-39-rev2 (164.4s, 3 pages)
20:52:27 [00200/00331] R76/2006/r76-2006-nl1-2021-45-rev1 (167.0s, 3 pages)
20:52:32 [00201/00331] R76/2006/r76-2006-nl1-2021-24-rev1 (303.0s, 3 pages)
20:53:11 [00202/00331] R76/2006/r76-2006-nl1-2022-08-rev1 (53.5s, 2 pages)
20:53:12 [00203/00331] R76/2006/r76-2006-nl1-2022-04-rev1 (117.3s, 3 pages)
20:53:28 [00204/00331] R76/2006/r76-2006-nl1-2022-03-rev1 (184.8s, 3 pages)
20:53:45 [00205/00331] R76/2006/r76-2006-nl1-2022-14-rev0 (33.7s, 2 pages)
20:53:52 [00206/00331] R76/2006/r76-2006-nl1-2022-09-rev2 (79.9s, 2 pages)
20:54:13 [00207/00331] R76/2006/r76-2006-nl1-2022-08-rev2 (106.4s, 2 pages)
20:54:22 [00208/00331] R76/2006/r76-2006-nl1-2022-17-rev0 (37.8s, 2 pages)
20:54:27 [00209/00331] R76/2006/r76-2006-nl1-2021-45-rev2 (254.8s, 3 pages)
20:54:36 [00210/00331] R76/2006/r76-2006-nl1-2021-39-rev1 (303.4s, 3 pages)
20:55:07 [00211/00331] R76/2006/r76-2006-nl1-2022-21-rev0 (40.0s, 2 pages)
20:55:14 [00212/00331] R76/2006/r76-2006-nl1-2022-07-rev1 (207.7s, 2 pages)
20:55:29 [00213/00331] R76/2006/r76-2006-nl1-2022-16-rev0 (137.3s, 2 pages)
20:55:40 [00214/00331] R76/2006/r76-2006-nl1-2022-16-rev1 (132.2s, 3 pages)
20:55:42 [00215/00331] R76/2006/r76-2006-nl1-2022-18-rev0 (109.3s, 3 pages)
20:55:46 [00216/00331] R76/2006/r76-2006-nl1-2022-20-rev0 (83.2s, 2 pages)
20:55:53 [00217/00331] R76/2006/r76-2006-nl1-2022-22-rev0 (39.2s, 2 pages)
20:56:05 [00218/00331] R76/2006/r76-2006-nl1-2023-03-rev0 (23.2s, 2 pages)
20:56:08 [00219/00331] R76/2006/r76-2006-nl1-2022-21-rev2 (61.5s, 3 pages)
20:56:21 [00220/00331] R76/2006/r76-2006-nl1-2022-21-rev1 (104.8s, 3 pages)
20:56:26 [00221/00331] R76/2006/r76-2006-nl1-2022-03-rev2 (343.2s, 4 pages)
20:56:27 [00222/00331] R76/2006/r76-2006-nl1-2023-04-rev0 (41.0s, 2 pages)
FAIL R76/2006/r76-2006-nl1-2023-09-rev0: API error for R76/2006/r76-2006-nl1-2023-09-rev0: {"contentFilter" => [{"level" => 1, "role" => "assistant"}], "error" => {"code" => "1301", "message" => "System detected potentially unsafe or sensitive content in input or generation. Please avoid using prompts that may generate sensitive content. T
FAIL R76/2006/r76-2006-nl1-2023-09-rev1: API error for R76/2006/r76-2006-nl1-2023-09-rev1: {"contentFilter" => [{"level" => 1, "role" => "assistant"}], "error" => {"code" => "1301", "message" => "System detected potentially unsafe or sensitive content in input or generation. Please avoid using prompts that may generate sensitive content. T
20:56:52 [00225/00331] R76/2006/r76-2006-nl1-2023-07-rev0 (31.5s, 2 pages)
20:56:59 [00226/00331] R76/2006/r76-2006-nl1-2023-05-rev0 (54.6s, 2 pages)
20:57:14 [00227/00331] R76/2006/r76-2006-nl1-2022-23-rev1 (104.7s, 2 pages)
20:57:59 [00228/00331] R76/2006/r76-2006-nl1-2023-13-rev0 (45.1s, 2 pages)
20:58:19 [00229/00331] R76/2006/r76-2006-nl1-2023-10-rev0 (106.7s, 2 pages)
20:58:38 [00230/00331] R76/2006/r76-2006-nl1-2023-02-rev0 (178.1s, 2 pages)
20:58:39 [00231/00331] R76/2006/r76-2006-nl1-2023-14-rev0 (40.0s, 2 pages)
20:58:59 [00232/00331] R76/2006/r76-2006-nl1-2023-15-rev0 (40.4s, 3 pages)
20:59:16 [00233/00331] R76/2006/r76-2006-nl1-2023-12-rev1 (136.9s, 3 pages)
20:59:24 [00234/00331] R76/2006/r76-2006-nl1-2023-16-rev0 (46.1s, 2 pages)
20:59:28 [00235/00331] R76/2006/r76-2006-nl1-2023-04-rev1 (214.8s, 3 pages)
20:59:32 [00236/00331] R76/2006/r76-2006-nl1-2020-70-rev5 (854.4s, 6 pages)
20:59:36 [00237/00331] R76/2006/r76-2006-nl1-2023-17-rev0 (37.2s, 2 pages)
20:59:50 [00238/00331] R76/2006/r76-2006-nl1-2022-18-rev1 (337.0s, 3 pages)
20:59:54 [00239/00331] R76/2006/r76-2006-nl1-2023-06-rev0 (225.8s, 3 pages)
21:00:23 [00240/00331] R76/2006/r76-2006-nl1-2023-21-rev0 (47.1s, 2 pages)
21:00:36 [00241/00331] R76/2006/r76-2006-nl1-2023-11-rev3 (223.8s, 4 pages)
21:00:50 [00242/00331] R76/2006/r76-2006-nl1-2023-19-rev1 (82.7s, 2 pages)
21:00:54 [00243/00331] R76/2006/r76-2006-nl1-2023-20-rev0 (81.9s, 2 pages)
21:00:54 [00244/00331] R76/2006/r76-2006-nl1-2023-11-rev2 (260.5s, 4 pages)
21:01:03 [00245/00331] R76/2006/r76-2006-nl1-2023-19-rev0 (99.0s, 2 pages)
21:01:12 [00246/00331] R76/2006/r76-2006-nl1-2023-18-rev0 (115.6s, 2 pages)
21:01:20 [00247/00331] R76/2006/r76-2006-nl1-2024-03-rev0 (30.1s, 2 pages)
21:01:28 [00248/00331] R76/2006/r76-2006-nl1-2024-01-rev0 (93.8s, 3 pages)
21:01:34 [00249/00331] R76/2006/r76-2006-nl1-2023-16-rev1 (175.0s, 2 pages)
21:02:04 [00250/00331] R76/2006/r76-2006-nl1-2024-07-rev1 (29.9s, 2 pages)
21:02:29 [00251/00331] R76/2006/r76-2006-nl1-2024-07-rev0 (60.8s, 2 pages)
21:02:44 [00252/00331] R76/2006/r76-2006-nl1-2024-02 (128.5s, 3 pages)
21:03:26 [00253/00331] R76/2006/r76-2006-nl1-2024-02-rev1 (182.2s, 3 pages)
21:03:31 [00254/00331] R76/2006/r76-2006-nl1-2024-09-rev0 (47.1s, 2 pages)
21:04:03 [00255/00331] R76/2006/r76-2006-nl1-2023-23-rev1 (252.4s, 3 pages)
21:04:05 [00256/00331] R76/2006/r76-2006-nl1-2024-06-rev0 (164.4s, 2 pages)
21:04:10 [00257/00331] R76/2006/r76-2006-nl1-2024-05-rev1 (186.5s, 5 pages)
21:04:15 [00258/00331] R76/2006/r76-2006-nl1-2024-08-rev0 (131.4s, 4 pages)
21:04:18 [00259/00331] R76/2006/r76-2006-nl1-2024-04-rev0 (204.1s, 3 pages)
21:04:36 [00260/00331] R76/2006/r76-2006-nl1-2024-09-rev1 (69.8s, 2 pages)
21:04:42 [00261/00331] R76/2006/r76-2006-nl1-2024-05-rev0 (228.5s, 4 pages)
21:04:48 [00262/00331] R76/2006/r76-2006-nl1-2024-17-rev0 (33.2s, 2 pages)
21:04:50 [00263/00331] R76/2006/r76-2006-nl1-2024-11-rev0 (78.2s, 3 pages)
21:04:55 [00264/00331] R76/2006/r76-2006-nl1-2024-16-rev0 (45.5s, 2 pages)
21:05:02 [00265/00331] R76/2006/r76-2006-nl1-2024-17-rev1 (44.1s, 2 pages)
21:05:18 [00266/00331] R76/2006/r76-2006-nl1-2024-15-rev1 (73.3s, 2 pages)
21:05:20 [00267/00331] R76/2006/r76-2006-nl1-2024-05-rev2 (248.0s, 5 pages)
21:05:20 [00268/00331] R76/2006/r76-2006-nl1-2024-22-rev0 (30.5s, 2 pages)
21:05:41 [00269/00331] R76/2006/r76-2006-nl1-2024-13-rev1 (98.9s, 3 pages)
21:06:13 [00270/00331] R76/2006/r76-2006-nl1-2024-26-rev0 (71.4s, 3 pages)
21:06:16 [00271/00331] R76/2006/r76-2006-nl1-2024-30-rev0 (34.6s, 2 pages)
21:06:21 [00272/00331] R76/2006/r76-2006-nl1-2024-23-rev0 (86.2s, 2 pages)
21:06:56 [00273/00331] R76/2006/r76-2006-nl1-2024-30-rev1 (42.9s, 2 pages)
21:07:01 [00274/00331] R76/2006/r76-2006-nl1-2024-27-rev0 (102.3s, 2 pages)
21:07:31 [00275/00331] R76/2006/r76-2006-nl1-2024-21-rev0 (162.3s, 3 pages)
21:07:39 [00276/00331] R76/2006/r76-2006-nl1-2025-02-rev0 (77.5s, 3 pages)
21:07:41 [00277/00331] R76/2006/r76-2006-nl1-2024-29-rev0 (140.9s, 2 pages)
21:07:51 [00278/00331] R76/2006/r76-2006-nl1-2024-18-rev0 (195.5s, 2 pages)
21:08:06 [00279/00331] R76/2006/r76-2006-nl1-2024-20-rev0 (203.8s, 2 pages)
21:08:18 [00280/00331] R76/2006/r76-2006-nl1-2025-05-rev0 (38.9s, 2 pages)
21:08:20 [00281/00331] R76/2006/r76-2006-nl1-2025-03-rev0 (83.9s, 3 pages)
21:08:23 [00282/00331] R76/2006/r76-2006-nl1-2025-01-rev0 (127.0s, 2 pages)
21:08:25 [00283/00331] R76/2006/r76-2006-nl1-2024-08-rev1 (356.6s, 4 pages)
21:08:50 [00284/00331] R76/2006/r76-2006-nl1-2025-06-rev1 (68.4s, 2 pages)
21:09:24 [00285/00331] R76/2006/r76-2006-nl1-2025-04-rev1 (113.6s, 2 pages)
21:09:28 [00286/00331] R76/2006/r76-2006-nl1-2025-08-rev0 (81.8s, 2 pages)
21:09:30 [00287/00331] R76/2006/r76-2006-nl1-2025-10-rev0 (72.7s, 3 pages)
21:09:33 [00288/00331] R76/2006/r76-2006-nl1-2025-04-rev0 (152.9s, 2 pages)
21:09:39 [00289/00331] R76/2006/r76-2006-nl1-2025-11-rev0 (78.5s, 3 pages)
21:09:39 [00290/00331] R76/2006/r76-2006-nl1-2025-14-rev0 (73.9s, 3 pages)
21:09:43 [00291/00331] R76/2006/r76-2006-nl1-2024-28-rev0 (262.9s, 3 pages)
21:09:43 [00292/00331] R76/2006/r76-2006-nl1-2025-12-rev1 (80.2s, 2 pages)
21:09:53 [00293/00331] R76/2006/r76-2006-nl1-2025-15-rev0 (63.8s, 2 pages)
21:09:54 [00294/00331] R76/2006/r76-2006-nl1-2025-07-rev0 (122.6s, 3 pages)
21:10:15 [00295/00331] R76/2006/r76-2006-nl1-2025-18-rev1 (41.6s, 3 pages)
21:10:52 [00296/00331] R76/2006/r76-2006-nl1-2026-27-rev0 (58.5s, 2 pages)
21:11:14 [00297/00331] R76/2006/r76-2006-nl1-2025-17-rev0 (105.9s, 3 pages)
21:11:15 [00298/00331] R76/2006/r76-2006-nl1-2025-16-rev0 (111.1s, 3 pages)
21:11:37 [00299/00331] R76/2006/r76-2006-nl1-2026-28-rev0 (82.0s, 3 pages)
21:11:42 [00300/00331] R76/2006/r76-2006-nl1-2025-18-rev0 (131.6s, 2 pages)
21:11:50 [00301/00331] R76/2006/r76-2006-nl1-2025-25-rev0 (116.6s, 2 pages)
21:12:04 [00302/00331] R76/2006/r76-2006-nl1-2025-20-rev0 (144.8s, 3 pages)
21:12:25 [00303/00331] R76/2006/r76-2006-nl1-2025-21-rev0 (162.3s, 3 pages)
21:12:36 [00304/00331] R76/2006/r76-2006-nl1-2025-24-rev0 (172.7s, 2 pages)
21:12:44 [00305/00331] R85/1998/r085-1998-nl1-2005-01 (19.2s, 2 pages)
FAIL R85/1998/r085-1998-nl1-2005-03: API error for R85/1998/r085-1998-nl1-2005-03: {"contentFilter" => [{"level" => 1, "role" => "user"}], "error" => {"code" => "1301", "message" => "System detected potentially unsafe or sensitive content in input or generation. Please avoid using prompts that may generate sensitive content. Thank you 
21:12:58 [00307/00331] R85/1998/r085-1998-nl1-2005-02 (21.7s, 2 pages)
21:13:15 [00308/00331] R76/2006/r76-2006-nl1-2026-30-rev0 (120.7s, 3 pages)
21:13:15 [00309/00331] R76/2006/r76-2006-nl1-2026-35-rev0 (70.9s, 2 pages)
21:13:16 [00310/00331] R76/2006/r76-2006-nl1-2026-29-rev0 (144.2s, 3 pages)
21:13:21 [00311/00331] R76/2006/r76-2006-nl1-2026-31-rev0 (103.9s, 2 pages)
21:13:23 [00312/00331] R85/1998/r085-1998-nl1-2005-04 (36.3s, 2 pages)
21:13:47 [00313/00331] R85/1998/r085-1998-nl1-2005-08 (30.2s, 2 pages)
21:13:49 [00314/00331] R76/2006/r76-2006-nl1-2026-32-rev0 (126.9s, 2 pages)
21:13:59 [00315/00331] R85/1998/r085-1998-nl1-2005-09 (37.6s, 2 pages)
21:14:05 [00316/00331] R85/1998/r085-1998-nl1-2005-07 (49.8s, 2 pages)
21:14:25 [00317/00331] R85/1998/r085-1998-nl1-2007-03 (20.5s, 2 pages)
21:14:28 [00318/00331] R85/1998/r085-1998-nl1-2006-01 (39.4s, 2 pages)
21:14:33 [00319/00331] R85/1998/r085-1998-nl1-2005-10 (70.2s, 2 pages)
21:14:38 [00320/00331] R85/1998/r085-1998-nl1-2005-11 (51.3s, 2 pages)
21:14:44 [00321/00331] R76/2006/r76-2006-nl1-2026-34-rev0 (174.3s, 3 pages)
21:14:47 [00322/00331] R85/1998/r085-1998-nl1-2005-06 (92.3s, 2 pages)
21:15:04 [00323/00331] R85/1998/r085-1998-nl1-2007-01 (65.9s, 2 pages)
21:15:08 [00324/00331] R85/1998/r085-1998-nl1-2007-04 (42.7s, 2 pages)
21:15:16 [00325/00331] R85/1998/r085-1998-nl1-2011-01 (42.8s, 2 pages)
21:15:18 [00326/00331] R85/1998/r085-1998-nl1-2005-05 (140.2s, 2 pages)
21:15:21 [00327/00331] R85/2008/r085-2008-cz1-2014-03 (37.0s, 2 pages)
21:15:33 [00328/00331] R85/2008/r085-2008-cz1-2012-05-rev1 (55.0s, 3 pages)
21:15:48 [00329/00331] R85/2008/r085-2008-nl1-2017-04-rev3 (39.7s, 2 pages)
21:15:56 [00330/00331] R85/1998/r085-1998-nl1-2009-02 (87.8s, 2 pages)
21:15:57 [00331/00331] R85/2008/r085-2008-gb1-2011-01-rev1 (69.6s, 2 pages)
21:16:21 [00331/00331] R85/2008/r85-2008-nl1-2020-03-rev3 (48.2s, 3 pages)
21:16:27 [00331/00331] R85/2008/r085-2008-nl1-2014-01 (82.3s, 2 pages)
21:16:50 [00331/00331] R85/2008/r085-2008-nl1-2019-02 (93.9s, 2 pages)
21:17:00 [00331/00331] R85/2008/r85-2008-nl1-2026-01 (63.4s, 3 pages)
21:17:07 [00331/00331] R76/2006/r76-2006-nl1-2026-30 (351.8s, 3 pages)
21:17:54 [00331/00331] R85/2008/r85-2008-nl1-2022-01-rev1 (126.5s, 3 pages)
21:18:55 [00331/00331] R85/2008/r85-2008-cz1-2024-01 (213.9s, 3 pages)
21:19:01 [00331/00331] R85/2008/r085-2008-nl1-2020-04 (223.6s, 5 pages)
21:23:02 [00331/00331] R76/2006/r76-2006-nl1-2025-19-rev0 (803.3s, 3 pages)
done in 6104s: 316 extracted, 15 failed
failures logged to ocr_raw/_failures.log
