broken raws to repair: 46
  repaired: r117-2007-nl1-2016-01-rev1.json
  repaired: r117-2007-nl1-2021-02-rev2.json
  repaired: r117-2007-nl1-2021-03-rev2.json
  STILL BROKEN: R137/2012/r137-2012-nl1-2015-01.json
  repaired: r137-2012-nl1-2017-01.json
  STILL BROKEN: R137/2012/r137-2012-nl1-2020-07-rev4.json
  repaired: r137-2012-nl1-2020-07-rev6.json
  repaired: r137-2012-nl1-2021-06-rev1.json
  repaired: r137-2012-nl1-2025-03-rev0.json
  STILL BROKEN: R49/2006/r049-2006-cz1-2011-01-rev1.json
  repaired: r049-2006-cz1-2011-01.json
  repaired: r049-2006-cz1-2012-01.json
  repaired: r049-2006-de1-2008-01-rev1.json
  repaired: r049-2006-de1-2008-01-rev2.json
  repaired: r049-2006-de1-2012-05.json
  STILL BROKEN: R49/2006/r049-2006-de1-2014-01.json
  repaired: r049-2006-nl1-2011-01.json
  repaired: r049-2006-nl1-2011-02-rev1.json
  repaired: r049-2006-nl1-2012-01-rev1.json
  repaired: r049-2006-nl1-2012-01-rev4.json
  repaired: r049-2006-nl1-2012-01-rev9.json
  repaired: r049-2006-nl1-2012-02.json
  repaired: r049-2006-nl1-2012-03-rev1.json
  repaired: r049-2006-nl1-2012-03.json
  repaired: r049-2006-nl1-2019-03-rev1.json
  repaired: r049-2013-cz1-2016-02.json
  repaired: r049-2013-cz1-2016-03-rev1.json
  repaired: r049-2013-cz1-2016-04-rev1.json
  repaired: r049-2013-cz1-2021-05.json
  STILL BROKEN: R49/2013/r049-2013-cz1-2022-02.json
  repaired: r049-2013-fr2-2015-01-rev2.json
  repaired: r049-2013-nl1-2016-03-rev1-annex1.json
  repaired: r049-2013-nl1-2020-01-rev1.json
  STILL BROKEN: R49/2013/r049-2013-nl1-2020-01-rev2.json
  STILL BROKEN: R49/2013/r049-2013-nl1-2020-01-rev5.json
  STILL BROKEN: R49/2013/r049-2013-nl1-2020-01.json
  repaired: r049-2013-nl1-2020-02.json
  repaired: r049-2013-sk1-2017-02.json
  repaired: r49-2013-cz1-2022-02-rev1.json
  repaired: r49-2013-cz1-2022-02-rev2.json
  repaired: r49-2013-cz1-2022-02-rev3.json
  repaired: r49-2013-cz1-2022-02-rev5.json
  repaired: r49-2013-cz1-2023-01.json
  repaired: r49-2013-cz1-2023-02.json
  repaired: r49-2013-cz1-2024-02.json
  repaired: r49-2013-cz1-2024-06-rev1.json
repaired: 38; still broken: 8
