mds: 5088; already have yaml: 1158; to extract: 3930
FAIL R117/2007/r117-2007-nl1-2021-02-rev2: expected ',' or ']' after array value at line 207 column 44
FAIL R117/2007/r117-2007-nl1-2016-01-rev1: expected ',' or '}' after object value, got: '.replace("\"",' at line 265 column 22
12:07:51 [00007/03930] R117/2007/r117-2007-ru1-2017-05-annex01 (44.4s)
12:08:52 [00008/03930] R129/2000/r129-2000-de1-2005-01-rev1 (60.4s)
12:09:22 [00009/03930] R117/2007/r117-2007-ru1-2017-05 (135.8s)
12:10:03 [00010/03930] R129/2000/r129-2000-de1-2005-01 (71.4s)
12:10:27 [00011/03930] R129/2000/r129-2000-de1-2007-01 (64.2s)
12:11:21 [00012/03930] R129/2000/r129-2000-de1-2008-01 (78.4s)
12:11:37 [00013/03930] R129/2000/r129-2000-de1-2008-02 (70.8s)
12:12:50 [00014/03930] R129/2000/r129-2000-de1-2009-01 (88.3s)
12:12:59 [00015/03930] R129/2000/r129-2000-de1-2009-02 (81.5s)
12:13:51 [00016/03930] R129/2000/r129-2000-de1-2009-03 (61.0s)
12:13:53 [00017/03930] R129/2000/r129-2000-de1-2009-04 (53.9s)
FAIL R117/2007/r117-2007-nl1-2022-02-rev0: API error for R117/2007/r117-2007-nl1-2022-02-rev0: {"id" => "msg_202610071207113a68bfaf6e27459b", "type" => "message", "role" => "assistant", "model" => "glm-5.3-flash", "content" => [{"type" => "thinking", "thinking" => "Let me analyze this OIML ce
FAIL R117/2007/r117-2007-nl1-2021-03-rev2: expected ',' or ']' after array value at line 252 column 281
FAIL R117/2007/r117-2007-nl1-2021-02-rev3: API error for R117/2007/r117-2007-nl1-2021-02-rev3: {"id" => "msg_2026100712071128364ff3f06b4d12", "type" => "message", "role" => "assistant", "model" => "glm-5.3-flash", "content" => [{"type" => "thinking", "thinking" => "Let me analyze this OIML ce
12:15:33 [00021/03930] R129/2000/r129-2000-dk1-2005-01 (102.7s)
12:15:41 [00022/03930] R129/2000/r129-2000-dk2-2020-01 (108.4s)
12:16:12 [00023/03930] R129/2000/r129-2000-dk2-2022-01 (90.6s)
12:16:40 [00024/03930] R129/2000/r129-2000-fr2-2017-01-rev0 (110.6s)
12:17:14 [00025/03930] R129/2000/r129-2000-fr2-2017-01-rev2 (119.4s)
12:17:45 [00026/03930] R129/2000/r129-2000-nl1-2004-03-rev1 (65.2s)
12:17:52 [00027/03930] R129/2000/r129-2000-gb1-2013-01 (100.2s)
12:17:57 [00028/03930] R129/2000/r129-2000-gb1-2012-01 (144.1s)
12:18:57 [00029/03930] R129/2000/r129-2000-gb1-2013-01-rev2 (195.2s)
12:19:22 [00030/03930] R129/2000/r129-2000-nl1-2007-01-rev1 (84.2s)
12:19:40 [00031/03930] R129/2000/r129-2000-nl1-2007-01-rev2 (43.5s)
12:19:44 [00032/03930] R129/2000/r129-2000-nl1-2006-01 (112.0s)
12:20:19 [00033/03930] R129/2000/r129-2000-nl1-2007-02 (39.1s)
12:20:20 [00034/03930] R129/2000/r129-2000-nl1-2006-01-rev1 (186.3s)
12:20:29 [00035/03930] R129/2000/r129-2000-nl1-2007-01 (67.4s)
12:21:00 [00036/03930] R129/2000/r129-2000-nl1-2009-01 (76.1s)
12:21:04 [00037/03930] R129/2000/r129-2000-nl1-2006-01-rev2 (198.5s)
12:21:25 [00038/03930] R129/2000/r129-2000-nl1-2010-01-rev1 (65.5s)
12:21:39 [00039/03930] R129/2000/r129-2000-nl1-2010-01 (78.9s)
12:21:48 [00040/03930] R129/2000/r129-2000-nl1-2014-02 (48.5s)
12:22:08 [00041/03930] R129/2000/r129-2000-nl1-2014-01 (99.2s)
FAIL R129/2000/r129-2000-nl1-2016-02: API error for R129/2000/r129-2000-nl1-2016-02: {"error" => "HTTP 429: {\"type\":\"error\",\"error\":{\"type\":\"rate_limit_error\",\"code\":\"1302\",\"message\":\"[1302][Rate limit reached for requests][202610071222004428a4dc99dc45a9]\"},\"request_id
12:22:45 [00043/03930] R129/2000/r129-2000-nl1-2016-03 (56.8s)
12:24:17 [00044/03930] R129/2000/r129-2000-nl1-2016-05 (125.2s)
12:24:18 [00045/03930] R129/2000/r129-2000-nl1-2016-01 (173.1s)
12:24:24 [00046/03930] R129/2000/r129-2000-nl1-2016-06 (99.2s)
12:25:52 [00047/03930] R129/2000/r129-2000-nl1-2015-06 (288.2s)
12:25:54 [00048/03930] R129/2000/r129-2000-nl1-2016-07 (96.8s)
12:26:03 [00049/03930] R129/2000/r129-2000-nl1-2017-02 (105.0s)
12:26:32 [00050/03930] R129/2000/r129-2000-nl1-2018-02 (38.3s)
12:26:44 [00051/03930] R129/2000/r129-2000-nl1-2016-04 (275.6s)
12:26:51 [00052/03930] R129/2000/r129-2000-nl1-2019-01 (48.6s)
12:27:32 [00053/03930] R129/2000/r129-2000-nl1-2019-02 (59.9s)
12:27:42 [00054/03930] R129/2000/r129-2000-nl1-2017-03 (198.1s)
12:27:55 [00055/03930] R129/2000/r129-2000-nl1-2018-01 (123.4s)
12:28:02 [00056/03930] R129/2000/r129-2000-nl1-2020-01 (70.8s)
12:29:59 [00057/03930] R129/2000/r129-2000-nl1-2020-01-rev1 (195.5s)
12:30:31 [00058/03930] R129/2000/r129-2000-nl1-2020-02 (179.0s)
12:30:57 [00059/03930] R129/2000/r129-2000-nl1-2020-03-rev1 (194.7s)
12:32:08 [00060/03930] R129/2000/r129-2000-nl1-2020-03-rev2 (252.1s)
12:32:33 [00061/03930] R129/2000/r129-2000-nl1-2020-03 (271.2s)
12:33:32 [00062/03930] R129/2000/r129-2000-nl1-2020-04-rev1 (212.9s)
12:34:12 [00063/03930] R129/2000/r129-2000-nl1-2020-05-rev1 (98.6s)
12:34:25 [00064/03930] R129/2000/r129-2000-nl1-2020-04-rev2 (233.7s)
12:34:45 [00065/03930] R129/2000/r129-2000-nl1-2020-04-rev3 (227.6s)
12:34:46 [00066/03930] R129/2000/r129-2000-nl1-2020-05 (73.6s)
12:35:18 [00067/03930] R129/2000/r129-2000-nl1-2021-01 (66.6s)
12:35:24 [00068/03930] R129/2000/r129-2000-nl1-2020-04 (196.7s)
12:36:10 [00069/03930] R129/2000/r129-2000-nl1-2021-03 (84.1s)
12:36:27 [00070/03930] R129/2000/r129-2000-nl1-2021-04 (68.5s)
12:36:57 [00071/03930] R129/2000/r129-2000-nl1-2021-05 (92.7s)
12:37:25 [00072/03930] R129/2000/r129-2000-nl1-2022-01-rev0 (58.1s)
12:37:33 [00073/03930] R129/2000/r129-2000-nl1-2021-06 (83.0s)
12:38:26 [00074/03930] R129/2000/r129-2000-nl1-2023-02-rev0 (61.3s)
12:38:39 [00075/03930] R129/2000/r129-2000-nl1-2023-02-rev1 (66.4s)
12:38:44 [00076/03930] R129/2000/r129-2000-nl1-2023-01-rev0 (107.4s)
12:39:07 [00077/03930] R129/2000/r129-2000-nl1-2021-02 (262.6s)
12:39:17 [00078/03930] R129/2000/r129-2000-nl1-2023-04-rev0 (37.5s)
12:39:31 [00079/03930] R129/2000/r129-2000-nl1-2021-02-rev1 (306.6s)
12:39:49 [00080/03930] R129/2000/r129-2000-nl1-2024-01-rev0 (64.5s)
12:40:30 [00081/03930] R129/2000/r129-2000-nl1-2024-02-rev1 (72.8s)
12:40:40 [00082/03930] R129/2000/r129-2000-nl1-2024-01-rev1 (92.8s)
12:40:56 [00083/03930] R129/2000/r129-2000-nl1-2023-03-rev0 (149.8s)
12:41:13 [00084/03930] R129/2000/r129-2000-nl1-2024-04-rev0 (102.1s)
12:41:17 [00085/03930] R129/2000/r129-2000-no1-2006-03 (36.9s)
12:41:28 [00086/03930] R129/2000/r129-2000-no1-2006-02 (58.2s)
12:41:52 [00087/03930] R129/2000/r129-2000-no1-2007-01 (55.5s)
12:42:13 [00088/03930] R129/2000/r129-2000-no1-2007-02 (60.0s)
12:42:15 [00089/03930] R129/2000/r129-2000-no1-2007-03 (58.4s)
12:42:17 [00090/03930] R129/2000/r129-2000-nl1-2024-04-rev1 (147.7s)
12:43:02 [00091/03930] R134/2003/r134-2003-dk1-2009-01 (93.6s)
12:43:29 [00092/03930] R137/2012/r137-2012-cn2-2018-02 (72.6s)
12:43:33 [00093/03930] R134/2003/r134-2003-dk3-2011-01 (101.8s)
12:43:54 [00094/03930] R134/2003/r134-2003-nl1-2008-01 (98.9s)
12:44:36 [00095/03930] R134/2003/r134-2003-nl1-2008-01-rev1 (142.1s)
12:45:00 [00096/03930] R137/2012/r137-2012-cz1-2023-03 (86.3s)
12:45:56 [00097/03930] R137/2012/r137-2012-cz1-2023-02 (146.6s)
12:46:05 [00098/03930] R137/2012/r137-2012-cz1-2024-02 (130.6s)
12:46:27 [00099/03930] R137/2012/r137-2012-cz1-2024-03 (111.7s)
12:47:45 [00100/03930] R137/2012/r137-2012-it2-2024-01-rev1 (99.8s)
12:47:50 [00101/03930] R137/2012/r137-2012-cz1-2022-01-rev1 (288.3s)
12:48:06 [00102/03930] R137/2012/r137-2012-cz1-2024-04 (185.9s)
12:48:09 [00103/03930] R137/2012/r137-2012-it2-2024-01-rev02 (133.3s)
12:48:20 [00104/03930] R137/2012/r137-2012-it2-2025-01-rev1 (112.9s)
12:49:23 [00105/03930] R137/2012/r137-2012-it2-2025-02 (97.9s)
12:50:19 [00106/03930] R137/2012/r137-2012-it2-2025-03 (149.0s)
FAIL R137/2012/r137-2012-nl1-2015-05: API error for R137/2012/r137-2012-nl1-2015-05: {"error" => "HTTP 429: {\"type\":\"error\",\"error\":{\"type\":\"rate_limit_error\",\"code\":\"1302\",\"message\":\"[1302][Rate limit reached for requests][20261007125040d87ae58bf0824a21]\"},\"request_id
12:50:54 [00108/03930] R137/2012/r137-2012-nl1-2015-03 (153.7s)
12:52:41 [00109/03930] R137/2012/r137-2012-nl1-2015-06 (109.8s)
12:54:18 [00110/03930] R137/2012/r137-2012-nl1-2015-04 (295.3s)
12:54:39 [00111/03930] R137/2012/r137-2012-nl1-2015-09-rev3 (118.5s)
FAIL R137/2012/r137-2012-nl1-2015-01: expected ',' or ']' after array value at line 397 column 224
12:55:38 [00113/03930] R137/2012/r137-2012-nl1-2015-08 (284.1s)
12:55:39 [00114/03930] R137/2012/r137-2012-nl1-2015-10 (80.7s)
FAIL R137/2012/r137-2012-nl1-2014-03-rev1: API error for R137/2012/r137-2012-nl1-2014-03-rev1: {"id" => "msg_2026100712481088af2dfd87604613", "type" => "message", "role" => "assistant", "model" => "glm-5.3-flash", "content" => [{"type" => "thinking", "thinking" => "Let me analyze this OIML ce
12:56:51 [00116/03930] R137/2012/r137-2012-nl1-2016-06 (116.0s)
12:57:19 [00117/03930] R137/2012/r137-2012-nl1-2016-09-rev2 (100.5s)
FAIL R137/2012/r137-2012-nl1-2016-10: API error for R137/2012/r137-2012-nl1-2016-10: {"error" => "HTTP 429: {\"type\":\"error\",\"error\":{\"type\":\"rate_limit_error\",\"code\":\"1302\",\"message\":\"[1302][Rate limit reached for requests][20261007125712bc7477421d0f4c64]\"},\"request_id
12:57:32 [00119/03930] R137/2012/r137-2012-nl1-2016-09 (41.7s)
FAIL R137/2012/r137-2012-nl1-2016-15-annex1: API error for R137/2012/r137-2012-nl1-2016-15-annex1: {"error" => "HTTP 429: {\"type\":\"error\",\"error\":{\"type\":\"rate_limit_error\",\"code\":\"1302\",\"message\":\"[1302][Rate limit reached for requests][20261007125753c9b334609d7b46d9]\"},\"req
12:59:50 [00121/03930] R137/2012/r137-2012-nl1-2016-01-rev1 (310.2s)
12:59:55 [00122/03930] R137/2012/r137-2012-nl1-2016-14 (151.7s)
13:00:11 [00123/03930] R137/2012/r137-2012-nl1-2016-18 (125.7s)
13:00:22 [00124/03930] R137/2012/r137-2012-nl1-2016-13 (183.4s)
13:01:41 [00125/03930] R137/2012/r137-2012-nl1-2017-05 (90.4s)
13:02:31 [00126/03930] R137/2012/r137-2012-nl1-2017-04 (155.9s)
13:02:39 [00127/03930] R137/2012/r137-2012-nl1-2016-07 (421.5s)
13:03:00 [00128/03930] R137/2012/r137-2012-nl1-2017-08-rev1 (78.8s)
13:03:25 [00129/03930] R137/2012/r137-2012-nl1-2017-06 (182.4s)
13:04:10 [00130/03930] R137/2012/r137-2012-nl1-2017-08-rev2 (98.4s)
13:04:33 [00131/03930] R137/2012/r137-2012-nl1-2017-08 (113.2s)
13:04:36 [00132/03930] R137/2012/r137-2012-nl1-2018-02-rev1 (95.9s)
13:04:50 [00133/03930] R137/2012/r137-2012-nl1-2018-02 (85.7s)
13:05:35 [00134/03930] R137/2012/r137-2012-nl1-2018-06 (59.2s)
13:06:31 [00135/03930] R137/2012/r137-2012-nl1-2018-08 (100.5s)
FAIL R137/2012/r137-2012-nl1-2017-01: API error for R137/2012/r137-2012-nl1-2017-01: {"id" => "msg_20261007125954f83e89ab1cd440ce", "type" => "message", "role" => "assistant", "model" => "glm-5.3-flash", "content" => [{"type" => "thinking", "thinking" => "Let me analyze this OIML certifi
13:08:12 [00137/03930] R137/2012/r137-2012-nl1-2018-14 (76.9s)
13:09:04 [00138/03930] R137/2012/r137-2012-nl1-2018-09-rev1 (209.5s)
13:10:06 [00139/03930] R137/2012/r137-2012-nl1-2018-12 (214.7s)
13:10:40 [00140/03930] R137/2012/r137-2012-nl1-2018-15 (147.4s)
FAIL R137/2012/r137-2012-nl1-2018-05: API error for R137/2012/r137-2012-nl1-2018-05: {"id" => "msg_20261007130437adddad545a834260", "type" => "message", "role" => "assistant", "model" => "glm-5.3-flash", "content" => [{"type" => "thinking", "thinking" => "Let me analyze this OIML certifi
FAIL R137/2012/r137-2012-nl1-2018-04: API error for R137/2012/r137-2012-nl1-2018-04: {"id" => "msg_2026100713041458a92010b8b9450e", "type" => "message", "role" => "assistant", "model" => "glm-5.3-flash", "content" => [{"type" => "thinking", "thinking" => "Let me analyze this OIML certifi
13:13:27 [00143/03930] R137/2012/r137-2012-nl1-2018-17 (262.6s)
13:13:27 [00144/03930] R137/2012/r137-2012-nl1-2019-01 (201.7s)
13:14:01 [00145/03930] R137/2012/r137-2012-nl1-2019-06 (98.1s)
13:14:56 [00146/03930] R137/2012/r137-2012-nl1-2019-02 (256.2s)
13:15:27 [00147/03930] R137/2012/r137-2012-nl1-2019-12 (86.7s)
13:16:41 [00148/03930] R137/2012/r137-2012-nl1-2019-09 (193.9s)
13:16:47 [00149/03930] R137/2012/r137-2012-nl1-2019-14-rev1 (111.3s)
13:17:00 [00150/03930] R137/2012/r137-2012-nl1-2019-14 (92.5s)
13:17:49 [00151/03930] R137/2012/r137-2012-nl1-2019-04 (371.8s)
13:17:50 [00152/03930] R137/2012/r137-2012-nl1-2020-01 (68.2s)
13:18:05 [00153/03930] R137/2012/r137-2012-nl1-2019-08 (278.1s)
13:20:55 [00154/03930] R137/2012/r137-2012-nl1-2020-04-rev2 (234.7s)
13:21:59 [00155/03930] R137/2012/r137-2012-nl1-2020-04-rev3 (250.6s)
13:22:17 [00156/03930] R137/2012/r137-2012-nl1-2020-03 (329.9s)
13:22:22 [00157/03930] R137/2012/r137-2012-nl1-2020-04-rev4 (272.5s)
13:23:29 [00158/03930] R137/2012/r137-2012-nl1-2020-04-rev5 (323.5s)
13:25:03 [00159/03930] R137/2012/r137-2012-nl1-2020-04 (160.6s)
13:25:42 [00160/03930] R137/2012/r137-2012-nl1-2020-04-rev7 (223.1s)
13:26:08 [00161/03930] R137/2012/r137-2012-nl1-2020-04-rev6 (313.0s)
13:26:20 [00162/03930] R137/2012/r137-2012-nl1-2020-05 (171.5s)
13:26:37 [00163/03930] R137/2012/r137-2012-nl1-2020-04-rev9 (259.9s)
13:28:38 [00164/03930] R137/2012/r137-2012-nl1-2020-09-rev1 (120.5s)
13:29:16 [00165/03930] R137/2012/r137-2012-nl1-2020-07-rev3 (253.3s)
13:30:46 [00166/03930] R137/2012/r137-2012-nl1-2020-07 (266.1s)
FAIL R137/2012/r137-2012-nl1-2020-07-rev6: expected ',' or ']' after array value at line 197 column 85
FAIL R137/2012/r137-2012-nl1-2020-07-rev4: expected ',' or ']' after array value at line 149 column 57
13:34:22 [00169/03930] R137/2012/r137-2012-nl1-2020-10-rev11 (305.6s)
13:34:41 [00170/03930] R137/2012/r137-2012-nl1-2020-09 (363.2s)
13:36:43 [00171/03930] R137/2012/r137-2012-nl1-2020-10-rev13 (213.9s)
13:37:11 [00172/03930] R137/2012/r137-2012-nl1-2020-10-rev12 (384.7s)
13:39:17 [00173/03930] R137/2012/r137-2012-nl1-2020-10-rev14 (335.6s)
13:39:34 [00174/03930] R137/2012/r137-2012-nl1-2020-10-rev8 (171.0s)
13:39:43 [00175/03930] R137/2012/r137-2012-nl1-2020-10-rev5 (321.0s)
FAIL R137/2012/r137-2012-nl1-2020-11-rev10: API error for R137/2012/r137-2012-nl1-2020-11-rev10: {"error" => "HTTP 429: {\"type\":\"error\",\"error\":{\"type\":\"rate_limit_error\",\"code\":\"1302\",\"message\":\"[1302][Rate limit reached for requests][20261007134004cb806e9b7f9648f5]\"},\"requ
13:40:37 [00177/03930] R137/2012/r137-2012-nl1-2020-10-rev7 (356.6s)
FAIL R137/2012/r137-2012-nl1-2020-12-rev1: API error for R137/2012/r137-2012-nl1-2020-12-rev1: {"error" => "HTTP 429: {\"type\":\"error\",\"error\":{\"type\":\"rate_limit_error\",\"code\":\"1302\",\"message\":\"[1302][Rate limit reached for requests][20261007134058c0e4e0e80b1d4710]\"},\"reque
13:42:17 [00179/03930] R137/2012/r137-2012-nl1-2020-11-rev1 (162.4s)
13:42:26 [00180/03930] R137/2012/r137-2012-nl1-2020-10 (188.3s)
13:43:01 [00181/03930] R137/2012/r137-2012-nl1-2020-12-rev2 (111.3s)
13:43:16 [00182/03930] R137/2012/r137-2012-nl1-2020-10-rev9 (365.1s)
13:44:33 [00183/03930] R137/2012/r137-2012-nl1-2020-12-rev3 (136.6s)
13:44:59 [00184/03930] R137/2012/r137-2012-nl1-2020-12 (153.3s)
13:46:52 [00185/03930] R137/2012/r137-2012-nl1-2020-13-rev2 (231.1s)
13:47:02 [00186/03930] R137/2012/r137-2012-nl1-2020-11-rev5 (406.8s)
13:48:03 [00187/03930] R137/2012/r137-2012-nl1-2020-14-rev2 (287.4s)
13:49:13 [00188/03930] R137/2012/r137-2012-nl1-2020-14-rev3 (279.7s)
13:49:26 [00189/03930] R137/2012/r137-2012-nl1-2020-14-rev4 (267.5s)
13:51:35 [00190/03930] R137/2012/r137-2012-nl1-2020-15-rev1 (141.7s)
13:51:53 [00191/03930] R137/2012/r137-2012-nl1-2020-14-rev7 (300.2s)
13:52:20 [00192/03930] R137/2012/r137-2012-nl1-2020-14-rev8 (318.0s)
13:53:16 [00193/03930] R137/2012/r137-2012-nl1-2020-15-rev3 (230.2s)
13:53:32 [00194/03930] R137/2012/r137-2012-nl1-2020-14 (328.4s)
13:53:48 [00195/03930] R137/2012/r137-2012-nl1-2021-01 (87.3s)
FAIL R137/2012/r137-2012-nl1-2021-06-rev1: API error for R137/2012/r137-2012-nl1-2021-06-rev1: {"error" => "HTTP 429: {\"type\":\"error\",\"error\":{\"type\":\"rate_limit_error\",\"code\":\"1302\",\"message\":\"[1302][Rate limit reached for requests][202610071354083503f4caea5f42d1]\"},\"reque
13:54:42 [00197/03930] R137/2012/r137-2012-nl1-2021-04 (69.7s)
13:55:37 [00198/03930] R137/2012/r137-2012-nl1-2022-01 (55.4s)
13:57:38 [00199/03930] R137/2012/r137-2012-nl1-2020-16-rev3 (363.1s)
13:57:45 [00200/03930] R137/2012/r137-2012-nl1-2022-02 (127.8s)
13:58:26 [00201/03930] R137/2012/r137-2012-nl1-2020-16 (393.7s)
13:59:06 [00202/03930] R137/2012/r137-2012-nl1-2021-02 (349.0s)
13:59:25 [00203/03930] R137/2012/r137-2012-nl1-2022-04-rev0 (58.9s)
14:00:35 [00204/03930] R137/2012/r137-2012-nl1-2021-06 (375.2s)
14:02:11 [00205/03930] R137/2012/r137-2012-nl1-2023-01-rev0 (185.6s)
14:03:01 [00206/03930] R137/2012/r137-2012-nl1-2023-01-rev1 (215.4s)
14:03:05 [00207/03930] R137/2012/r137-2012-nl1-2022-03-rev0 (326.9s)
14:03:20 [00208/03930] R137/2012/r137-2012-nl1-2022-03-rev2 (335.5s)
14:03:46 [00209/03930] R137/2012/r137-2012-nl1-2023-01-rev2 (191.2s)
14:04:35 [00210/03930] R137/2012/r137-2012-nl1-2023-02-rev1 (143.8s)
14:04:50 [00211/03930] R137/2012/r137-2012-nl1-2023-05-rev0 (90.1s)
14:07:12 [00212/03930] R137/2012/r137-2012-nl1-2024-04-rev0 (141.8s)
14:07:20 [00213/03930] R137/2012/r137-2012-nl1-2023-04-rev0 (258.9s)
14:08:25 [00214/03930] R137/2012/r137-2012-nl1-2023-04-rev3 (320.4s)
14:08:36 [00215/03930] R137/2012/r137-2012-nl1-2024-01-rev0 (240.6s)
14:09:01 [00216/03930] R137/2012/r137-2012-nl1-2023-06-rev0 (314.9s)
14:10:14 [00217/03930] R137/2012/r137-2012-nl1-2024-10-rev0 (108.6s)
14:10:29 [00218/03930] R137/2012/r137-2012-nl1-2024-08-rev0 (189.2s)
14:10:48 [00219/03930] R137/2012/r137-2012-nl1-2024-07-rev0 (215.7s)
14:10:52 [00220/03930] R137/2012/r137-2012-nl1-2024-10-rev1 (136.5s)
14:12:51 [00221/03930] R137/2012/r137-2012-nl1-2025-04-rev1 (123.3s)
14:13:36 [00222/03930] R137/2012/r137-2012-nl1-2025-05-rev0 (163.6s)
14:14:52 [00223/03930] R137/2012/r137-2012-nl1-2025-01-rev0 (278.2s)
14:15:03 [00224/03930] R137/2012/r137-2012-nl1-2024-12-rev0 (362.4s)
14:15:19 [00225/03930] R137/2012/r137-2012-nl1-2025-07-rev0 (147.5s)
14:17:59 [00226/03930] R137/2012/r137-2012-nl1-2026-02-rev0 (263.5s)
14:18:12 [00227/03930] R139/2014/r139-2014-cz1-2016-02 (188.7s)
FAIL R137/2012/r137-2012-nl1-2025-03-rev0: expected ',' or ']' after array value at line 98 column 58
14:19:44 [00229/03930] R139/2014/r139-2014-cz1-2018-01-rev2 (265.1s)
14:20:45 [00230/03930] R139/2014/r139-2014-nl1-2017-01 (139.6s)
14:21:57 [00231/03930] R139/2014/r139-2014-cz1-2016-01 (425.1s)
14:22:38 [00232/03930] R139/2014/r139-2014-nl1-2017-02-rev1 (173.9s)
14:22:48 [00233/03930] R139/2014/r139-2014-cz1-2018-01 (289.0s)
14:23:17 [00234/03930] R139/2014/r139-2014-cz1-2020-01 (305.2s)
14:23:40 [00235/03930] R139/2014/r139-2014-nl1-2017-02 (175.6s)
14:24:20 [00236/03930] R139/2014/r139-2014-nl1-2018-02 (91.5s)
14:25:56 [00237/03930] R49/2003/r049-2003-de1-2006-01-rev1 (158.9s)
14:27:03 [00238/03930] R139/2014/r139-2014-nl1-2017-03 (305.5s)
14:27:14 [00239/03930] R49/2003/r049-2003-de1-2006-01 (213.3s)
14:28:01 [00240/03930] R139/2014/r139-2014-nl1-2018-01 (323.4s)
14:28:20 [00241/03930] R49/2003/r049-2003-de1-2007-02 (143.9s)
14:29:01 [00242/03930] R49/2003/r049-2003-fr2-2006-01 (107.0s)
14:29:33 [00243/03930] R49/2003/r049-2003-fr2-2005-01 (150.3s)
14:30:30 [00244/03930] R49/2003/r049-2003-fr2-2006-03 (130.0s)
14:30:44 [00245/03930] R49/2003/r049-2003-fr2-2006-02 (162.3s)
14:30:44 [00246/03930] R49/2003/r049-2003-de1-2007-01 (384.1s)
14:32:00 [00247/03930] R49/2006/r049-2006-au1-2009-01 (75.9s)
14:32:39 [00248/03930] R49/2003/r049-2003-fr2-2006-04 (218.0s)
14:34:01 [00249/03930] R49/2003/r049-2003-nl1-2006-01 (210.5s)
14:34:21 [00250/03930] R49/2006/r049-2006-ch1-2007-01 (141.2s)
14:35:16 [00251/03930] R49/2003/r049-2003-nl1-2012-04 (272.8s)
14:35:34 [00252/03930] R49/2006/r049-2006-ch1-2007-02 (175.7s)
14:35:42 [00253/03930] R49/2003/r049-2003-nl1-2006-01-rev1 (369.6s)
14:36:51 [00254/03930] R49/2006/r049-2006-ch1-2007-04 (95.1s)
14:36:55 [00255/03930] R49/2006/r049-2006-ch1-2007-03 (174.9s)
14:37:18 [00256/03930] R49/2006/r049-2006-ch1-2007-04-rev1 (177.3s)
14:37:30 [00257/03930] R49/2006/r049-2006-ch1-2007-05-rev1 (115.5s)
14:38:07 [00258/03930] R49/2006/r049-2006-ch1-2007-05 (145.0s)
14:38:48 [00259/03930] R49/2006/r049-2006-ch1-2008-04 (89.7s)
14:39:36 [00260/03930] R49/2006/r049-2006-ch1-2009-01 (125.8s)
14:39:43 [00261/03930] R49/2006/r049-2006-ch1-2008-01 (171.2s)
14:40:21 [00262/03930] R49/2006/r049-2006-ch1-2009-02 (133.9s)
14:40:23 [00263/03930] R49/2006/r049-2006-ch1-2009-03 (95.3s)
14:42:04 [00264/03930] R49/2006/r049-2006-cz1-2010-01 (102.7s)
14:42:29 [00265/03930] R49/2006/r049-2006-ch1-2008-02 (333.1s)
14:42:34 [00266/03930] R49/2006/r049-2006-ch1-2010-01 (171.1s)
14:43:56 [00267/03930] R49/2006/r049-2006-ch1-2009-04 (260.6s)
14:43:57 [00268/03930] R49/2006/r049-2006-cz1-2010-02 (213.7s)
14:46:18 [00269/03930] R49/2006/r049-2006-cz1-2010-03 (253.6s)
14:47:17 [00270/03930] R49/2006/r049-2006-cz1-2011-02 (200.1s)
14:48:07 [00271/03930] R49/2006/r049-2006-cz1-2010-04 (338.8s)
FAIL R49/2006/r049-2006-cz1-2011-01-rev1: expected ',' or ']' after array value at line 144 column 153
FAIL R49/2006/r049-2006-cz1-2011-01: expected ',' or '}' after object value, got: EOF at line 446 column 4
14:50:37 [00274/03930] R49/2006/r049-2006-cz1-2011-03 (259.7s)
14:52:19 [00275/03930] R49/2006/r049-2006-cz1-2012-03 (199.0s)
14:52:40 [00276/03930] R49/2006/r049-2006-cz1-2012-02 (273.1s)
14:53:23 [00277/03930] R49/2006/r049-2006-cz1-2014-01 (171.6s)
FAIL R49/2006/r049-2006-cz1-2012-01: expected ',' or ']' after array value at line 353 column 933
14:55:04 [00279/03930] R49/2006/r049-2006-cz1-2014-03 (143.9s)
14:56:02 [00280/03930] R49/2006/r049-2006-cz1-2014-02-rev1 (325.0s)
14:56:36 [00281/03930] R49/2006/r049-2006-cz1-2014-02 (257.3s)
14:56:41 [00282/03930] R49/2006/r049-2006-cz1-2014-05 (146.6s)
14:57:11 [00283/03930] R49/2006/r049-2006-cz1-2014-04 (228.2s)
14:57:27 [00284/03930] R49/2006/r049-2006-de1-2007-03-rev1 (143.2s)
14:59:06 [00285/03930] R49/2006/r049-2006-de1-2007-03-rev3 (149.7s)
14:59:11 [00286/03930] R49/2006/r049-2006-de1-2007-03 (119.8s)
14:59:19 [00287/03930] R49/2006/r049-2006-de1-2007-03-rev2 (196.5s)
14:59:25 [00288/03930] R49/2006/r049-2006-de1-2007-03-rev4 (163.7s)
15:02:18 [00289/03930] R49/2006/r049-2006-de1-2008-02-rev1 (187.3s)
15:03:27 [00290/03930] R49/2006/r049-2006-de1-2008-02-rev2 (242.3s)
15:03:42 [00291/03930] R49/2006/r049-2006-de1-2008-02-rev10 (263.4s)
FAIL R49/2006/r049-2006-de1-2008-01-rev1: expected ',' or ']' after array value at line 176 column 71
FAIL R49/2006/r049-2006-de1-2008-01-rev2: expected ',' or ']' after array value at line 125 column 8
15:06:16 [00294/03930] R49/2006/r049-2006-de1-2008-02-rev3 (238.1s)
15:06:53 [00295/03930] R49/2006/r049-2006-de1-2008-02-rev4 (205.5s)
15:07:41 [00296/03930] R49/2006/r049-2006-de1-2008-02-rev5 (238.4s)
15:07:57 [00297/03930] R49/2006/r049-2006-de1-2008-02-rev6 (155.8s)
FAIL R49/2006/r049-2006-de1-2008-02: API error for R49/2006/r049-2006-de1-2008-02: {"error" => "HTTP 429: {\"type\":\"error\",\"error\":{\"type\":\"rate_limit_error\",\"code\":\"1302\",\"message\":\"[1302][Rate limit reached for requests][20261007150801c579c519ab8a4a7e]\"},\"request_id\
15:09:19 [00299/03930] R49/2006/r049-2006-de1-2008-02-rev8 (183.2s)
15:09:57 [00300/03930] R49/2006/r049-2006-de1-2008-02-rev7 (229.9s)
15:09:58 [00301/03930] R49/2006/r049-2006-de1-2008-02-rev9 (185.2s)
15:11:01 [00302/03930] R49/2006/r049-2006-de1-2008-03-rev1 (184.9s)
15:11:39 [00303/03930] R49/2006/r049-2006-de1-2008-04-rev1 (206.4s)
15:12:56 [00304/03930] R49/2006/r049-2006-de1-2010-01 (177.8s)
15:13:46 [00305/03930] R49/2006/r049-2006-de1-2009-01-rev01 (266.2s)
15:15:08 [00306/03930] R49/2006/r049-2006-de1-2010-03-rev1 (246.8s)
15:15:12 [00307/03930] R49/2006/r049-2006-de1-2010-03-rev2 (212.8s)
15:15:48 [00308/03930] R49/2006/r049-2006-de1-2010-01-rev1 (351.6s)
15:16:01 [00309/03930] R49/2006/r049-2006-de1-2010-03-rev3 (185.1s)
FAIL R49/2006/r049-2006-de1-2012-03-rev1: API error for R49/2006/r049-2006-de1-2012-03-rev1: {"error" => "HTTP 429: {\"type\":\"error\",\"error\":{\"type\":\"rate_limit_error\",\"code\":\"1302\",\"message\":\"[1302][Rate limit reached for requests][20261007151622756940960389458c]\"},\"reques
15:16:59 [00311/03930] R49/2006/r049-2006-de1-2011-02 (193.2s)
15:18:57 [00312/03930] R49/2006/r049-2006-de1-2012-02 (189.1s)
15:19:12 [00313/03930] R49/2006/r049-2006-de1-2012-01 (243.8s)
15:19:47 [00314/03930] R49/2006/r049-2006-de1-2012-02-rev1 (274.9s)
15:20:47 [00315/03930] R49/2006/r049-2006-de1-2012-03 (254.2s)
15:23:09 [00316/03930] R49/2006/r049-2006-de1-2013-01 (202.0s)
15:23:36 [00317/03930] R49/2006/r049-2006-de1-2012-06 (278.6s)
15:23:47 [00318/03930] R49/2006/r049-2006-de1-2013-01-rev1 (274.9s)
FAIL R49/2006/r049-2006-de1-2012-05: expected ',' or ']' after array value at line 311 column 287
15:25:19 [00320/03930] R49/2006/r049-2006-de1-2013-02-rev1 (271.7s)
15:27:07 [00321/03930] R49/2006/r049-2006-de1-2013-02 (238.3s)
15:27:50 [00322/03930] R49/2006/r049-2006-de1-2015-03 (151.1s)
15:28:30 [00323/03930] R49/2006/r049-2006-de1-2015-01 (283.0s)
15:29:13 [00324/03930] R49/2006/r049-2006-de1-2015-02 (260.3s)
15:30:22 [00325/03930] R49/2006/r049-2006-dk2-2010-01-annex1 (195.0s)
FAIL R49/2006/r049-2006-de1-2014-01: expected ',' or ']' after array value at line 156 column 74
15:30:37 [00327/03930] R49/2006/r049-2006-es1-2010-02 (127.4s)
15:31:04 [00328/03930] R49/2006/r049-2006-fr2-2008-01 (110.4s)
15:32:29 [00329/03930] R49/2006/r049-2006-dk2-2010-01 (278.9s)
15:33:13 [00330/03930] R49/2006/r049-2006-fr2-2008-02-rev2 (170.6s)
15:33:25 [00331/03930] R49/2006/r049-2006-fr2-2008-02-rev3 (178.3s)
15:33:44 [00332/03930] R49/2006/r049-2006-fr2-2008-03 (186.2s)
15:34:13 [00333/03930] R49/2006/r049-2006-fr2-2008-05-rev1 (104.2s)
15:34:51 [00334/03930] R49/2006/r049-2006-fr2-2008-05-rev2 (98.4s)
FAIL R49/2006/r049-2006-fr2-2009-01-rev3: API error for R49/2006/r049-2006-fr2-2009-01-rev3: {"error" => "HTTP 429: {\"type\":\"error\",\"error\":{\"type\":\"rate_limit_error\",\"code\":\"1302\",\"message\":\"[1302][Rate limit reached for requests][202610071535123f3bb07147fb4ea9]\"},\"reques
15:35:50 [00336/03930] R49/2006/r049-2006-fr2-2008-04-rev1 (286.8s)
15:37:11 [00337/03930] R49/2006/r049-2006-fr2-2008-06 (226.0s)
15:38:28 [00338/03930] R49/2006/r049-2006-fr2-2009-01 (184.4s)
15:38:56 [00339/03930] R49/2006/r049-2006-fr2-2009-01-rev1 (312.2s)
15:39:22 [00340/03930] R49/2006/r049-2006-fr2-2009-02 (211.4s)
15:40:24 [00341/03930] R49/2006/r049-2006-fr2-2009-01-rev2 (370.4s)
15:42:02 [00342/03930] R49/2006/r049-2006-fr2-2009-04 (213.9s)
15:42:29 [00343/03930] R49/2006/r049-2006-fr2-2009-05 (213.3s)
15:42:46 [00344/03930] R49/2006/r049-2006-fr2-2009-03 (334.7s)
15:43:37 [00345/03930] R49/2006/r049-2006-fr2-2009-06 (193.1s)
15:43:46 [00346/03930] R49/2006/r049-2006-fr2-2009-06-rev1 (264.2s)
15:44:08 [00347/03930] R49/2006/r049-2006-fr2-2009-07-rev1 (125.7s)
15:44:48 [00348/03930] R49/2006/r049-2006-fr2-2009-07-rev2 (139.2s)
15:45:06 [00349/03930] R49/2006/r049-2006-fr2-2010-03-rev1 (88.8s)
15:46:02 [00350/03930] R49/2006/r049-2006-fr2-2010-01-rev1 (195.8s)
15:46:14 [00351/03930] R49/2006/r049-2006-fr2-2010-03 (147.6s)
15:46:43 [00352/03930] R49/2006/r049-2006-fr2-2010-05 (114.4s)
15:48:04 [00353/03930] R49/2006/r049-2006-fr2-2011-02-rev1 (110.2s)
15:49:09 [00354/03930] R49/2006/r049-2006-fr2-2010-07 (187.1s)
15:49:11 [00355/03930] R49/2006/r049-2006-fr2-2010-04 (303.2s)
15:49:15 [00356/03930] R49/2006/r049-2006-fr2-2010-06 (248.9s)
15:49:37 [00357/03930] R49/2006/r049-2006-fr2-2011-04 (173.9s)
15:49:59 [00358/03930] R49/2006/r049-2006-fr2-2012-01 (114.9s)
15:51:03 [00359/03930] R49/2006/r049-2006-fr2-2012-03-rev0 (108.7s)
15:51:16 [00360/03930] R49/2006/r049-2006-fr2-2012-02-rev0 (127.5s)
15:51:32 [00361/03930] R49/2006/r049-2006-fr2-2013-01-rev1 (92.9s)
15:52:39 [00362/03930] R49/2006/r049-2006-fr2-2012-04-rev4 (182.2s)
15:52:58 [00363/03930] R49/2006/r049-2006-fr2-2014-02 (86.3s)
15:53:01 [00364/03930] R49/2006/r049-2006-fr2-2013-02 (117.7s)
15:53:01 [00365/03930] R49/2006/r049-2006-fr2-2014-01 (104.8s)
15:54:08 [00366/03930] R49/2006/r049-2006-fr2-2012-02-rev1 (297.1s)
15:54:52 [00367/03930] R49/2006/r049-2006-fr2-2014-03 (111.4s)
15:55:18 [00368/03930] R49/2006/r049-2006-fr2-2014-03-rev2 (139.9s)
15:55:36 [00369/03930] R49/2006/r049-2006-fr2-2014-03-rev1 (177.0s)
15:56:10 [00370/03930] R49/2006/r049-2006-gb1-2007-01-annex1 (77.4s)
15:57:57 [00371/03930] R49/2006/r049-2006-gb1-2007-01-rev1 (158.6s)
15:58:46 [00372/03930] R49/2006/r049-2006-gb1-2007-01-rev2 (190.5s)
15:59:21 [00373/03930] R49/2006/r049-2006-gb1-2007-01-rev4-annex2 (83.9s)
FAIL R49/2006/r049-2006-gb1-2007-01: API error for R49/2006/r049-2006-gb1-2007-01: {"error" => "HTTP 429: {\"type\":\"error\",\"error\":{\"type\":\"rate_limit_error\",\"code\":\"1302\",\"message\":\"[1302][Rate limit reached for requests][202610071559416aea12dce22f4d2e]\"},\"request_id\
16:00:04 [00375/03930] R49/2006/r049-2006-gb1-2007-01-rev3 (234.4s)
FAIL R49/2006/r049-2006-gb1-2008-01-rev1: API error for R49/2006/r049-2006-gb1-2008-01-rev1: {"error" => "HTTP 429: {\"type\":\"error\",\"error\":{\"type\":\"rate_limit_error\",\"code\":\"1302\",\"message\":\"[1302][Rate limit reached for requests][20261007160014eab9297d01d3498b]\"},\"reques
16:01:00 [00377/03930] R49/2006/r049-2006-fr2-2015-01 (412.4s)
16:01:02 [00378/03930] R49/2006/r049-2006-fr2-2015-01-rev3 (480.4s)
16:02:12 [00379/03930] R49/2006/r049-2006-gb1-2007-01-rev4 (205.9s)
16:02:57 [00380/03930] R49/2006/r049-2006-gb1-2008-01 (151.4s)
16:03:15 [00381/03930] R49/2006/r049-2006-gb1-2008-01-rev2 (190.8s)
FAIL R49/2006/r049-2006-gb1-2009-01-rev4: API error for R49/2006/r049-2006-gb1-2009-01-rev4: {"error" => "HTTP 429: {\"type\":\"error\",\"error\":{\"type\":\"rate_limit_error\",\"code\":\"1302\",\"message\":\"[1302][Rate limit reached for requests][20261007160317b37fd4e32cf0487a]\"},\"reques
16:05:11 [00383/03930] R49/2006/r049-2006-gb1-2009-01-rev1 (250.3s)
16:05:32 [00384/03930] R49/2006/r049-2006-gb1-2009-01-rev2 (270.1s)
16:06:59 [00385/03930] R49/2006/r049-2006-gb1-2009-01-rev3 (286.5s)
16:07:45 [00386/03930] R49/2006/r049-2006-gb1-2009-01-rev5 (269.6s)
16:08:12 [00387/03930] R49/2006/r049-2006-gb1-2009-01 (283.2s)
16:09:19 [00388/03930] R49/2006/r049-2006-gb1-2010-01-rev1 (248.3s)
16:10:38 [00389/03930] R49/2006/r049-2006-gb1-2010-01-rev2 (306.2s)
16:11:22 [00390/03930] R49/2006/r049-2006-gb1-2010-01 (263.6s)
16:11:46 [00391/03930] R49/2006/r049-2006-gb1-2010-02 (242.0s)
16:12:03 [00392/03930] R49/2006/r049-2006-gb1-2010-03 (230.6s)
FAIL R49/2006/r049-2006-gb1-2011-02: API error for R49/2006/r049-2006-gb1-2011-02: {"error" => "HTTP 429: {\"type\":\"error\",\"error\":{\"type\":\"rate_limit_error\",\"code\":\"1302\",\"message\":\"[1302][Rate limit reached for requests][20261007161224c65fded4207145da]\"},\"request_id\
16:12:52 [00394/03930] R49/2006/r049-2006-gb1-2010-04-rev1 (213.1s)
16:13:46 [00395/03930] R49/2006/r049-2006-gb1-2010-04 (187.5s)
16:15:07 [00396/03930] R49/2006/r049-2006-gb1-2010-05-rev1 (225.3s)
16:15:48 [00397/03930] R49/2006/r049-2006-gb1-2011-01 (241.3s)
16:15:54 [00398/03930] R49/2006/r049-2006-gb1-2011-03-rev2 (181.9s)
16:16:30 [00399/03930] R49/2006/r049-2006-gb1-2011-03-rev1 (234.3s)
16:16:40 [00400/03930] R49/2006/r049-2006-gb1-2011-03 (174.2s)
16:17:26 [00401/03930] R49/2006/r049-2006-gb1-2014-01 (138.2s)
16:18:10 [00402/03930] R49/2006/r049-2006-gb1-2014-02 (142.0s)
16:18:56 [00403/03930] R49/2006/r049-2006-it1-2013-02 (136.7s)
16:19:06 [00404/03930] R49/2006/r049-2006-it1-2013-01 (156.6s)
16:19:08 [00405/03930] R49/2006/r049-2006-gb1-2015-01 (194.1s)
16:19:32 [00406/03930] R49/2006/r049-2006-jp1-2014-01 (82.4s)
16:21:37 [00407/03930] R49/2006/r049-2006-it1-2014-01 (251.8s)
16:22:43 [00408/03930] R49/2006/r049-2006-nl1-2010-01 (215.4s)
16:23:23 [00409/03930] R49/2006/r049-2006-nl1-2006-01-rev2 (266.7s)
16:23:49 [00410/03930] R49/2006/r049-2006-nl1-2009-01 (282.2s)
16:26:02 [00411/03930] R49/2006/r049-2006-nl1-2011-03 (158.8s)
FAIL R49/2006/r049-2006-nl1-2011-01: expected ',' or ']' after array value at line 164 column 225
16:27:25 [00413/03930] R49/2006/r049-2006-nl1-2011-02 (281.7s)
FAIL R49/2006/r049-2006-nl1-2011-02-rev1: expected ',' or ']' after array value at line 436 column 242
FAIL R49/2006/r049-2006-nl1-2012-01-rev1: expected ',' or '}' after object value, got: EOF at line 484 column 217
16:32:05 [00416/03930] R49/2006/r049-2006-nl1-2012-01-rev2 (363.4s)
16:33:23 [00417/03930] R49/2006/r049-2006-nl1-2012-01-rev3 (411.9s)
16:33:39 [00418/03930] R49/2006/r049-2006-nl1-2012-01-rev5 (303.6s)
FAIL R49/2006/r049-2006-nl1-2012-01-rev4: expected ',' or ']' after array value at line 396 column 59
16:37:55 [00420/03930] R49/2006/r049-2006-nl1-2012-01-rev6 (473.2s)
16:37:58 [00421/03930] R49/2006/r049-2006-nl1-2012-01-rev7 (352.4s)
16:39:24 [00422/03930] R49/2006/r049-2006-nl1-2012-01 (327.3s)
16:39:26 [00423/03930] R49/2006/r049-2006-nl1-2012-01-rev8 (363.1s)
FAIL R49/2006/r049-2006-nl1-2012-01-rev9: expected ',' or '}' after object value, got: EOF at line 494 column 4
16:44:08 [00425/03930] R49/2006/r049-2006-nl1-2012-03-rev2 (283.4s)
FAIL R49/2006/r049-2006-nl1-2012-03-rev1: expected ',' or ']' after array value at line 446 column 6
FAIL R49/2006/r049-2006-nl1-2012-02: expected ',' or ']' after array value at line 446 column 251
FAIL R49/2006/r049-2006-nl1-2012-03: expected ',' or ']' after array value at line 482 column 6
16:45:48 [00429/03930] R49/2006/r049-2006-nl1-2012-04-rev1 (367.6s)
