mds: 4765; already have yaml: 1016; to extract: 3749
19:45:24 [00004/03749] R117/1995/r117-1995-jp1-2011-01-rev5-annex1 (0.0s)
19:45:24 [00005/03749] R117/1995/r117-1995-se1-2013-01-rev1-annex1 (0.0s)
19:45:24 [00006/03749] R117/1995/r117-1995-gb1-2013-01-annex02 (0.0s)
19:45:24 [00007/03749] R117/1995/r117-1995-ru1-2003-01-rev4-annex01 (0.0s)
19:46:51 [00008/03749] R117/2007/r117-2007-au1-2016-01 (86.8s)
19:47:26 [00009/03749] R117/2007/r117-2007-au1-2016-1-annex1 (122.2s)
19:48:56 [00010/03749] R117/2007/r117-2007-cn1-2017-01 (125.4s)
19:49:08 [00011/03749] R117/2007/r117-2007-cn2-2019-01 (101.9s)
19:49:57 [00012/03749] R117/1995/r117-1995-se1-2013-01 (273.4s)
19:51:41 [00013/03749] R117/2007/r117-2007-cz1-2016-01 (165.0s)
19:51:49 [00014/03749] R117/2007/r117-2007-cz1-2019-01 (161.1s)
19:52:29 [00015/03749] R117/2007/r117-2007-cz1-2019-02 (151.8s)
19:56:43 [00016/03749] R117/2007/r117-2007-fr2-2017-02 (253.7s)
19:57:17 [00017/03749] R117/2007/r117-2007-cz1-2019-03 (336.3s)
20:00:44 [00018/03749] R117/1995/r117-1995-se1-2013-01-rev1 (919.7s)
20:01:08 [00019/03749] R117/2007/r117-2007-fr2-2017-01 (559.3s)
20:02:41 [00020/03749] R117/2007/r117-2007-gb1-2016-03 (357.8s)
20:03:10 [00021/03749] R117/2007/r117-2007-gb1-2016-04 (352.5s)
20:03:34 [00022/03749] R117/2007/r117-2007-gb1-2016-06 (145.2s)
20:03:40 [00023/03749] R117/2007/r117-2007-gb1-2016-05 (176.6s)
20:05:37 [00024/03749] R117/2007/r117-2007-gb1-2017-01-rev0-annex01 (176.0s)
20:06:40 [00025/03749] R117/2007/r117-2007-gb1-2017-01 (209.8s)
20:06:45 [00026/03749] R117/2007/r117-2007-gb1-2017-02-rev0-annex01 (191.1s)
20:07:11 [00027/03749] R117/2007/r117-2007-gb1-2017-02 (211.0s)
20:07:59 [00028/03749] R117/2007/r117-2007-gb1-2017-03 (142.3s)
20:08:57 [00029/03749] R117/2007/r117-2007-gb1-2018-01 (132.5s)
20:10:24 [00030/03749] R117/2007/r117-2007-gb1-2019-01-rev1 (192.9s)
20:11:33 [00031/03749] R117/2007/r117-2007-gb1-2019-02-rev1 (155.6s)
20:11:36 [00032/03749] R117/2007/r117-2007-gb1-2019-01 (217.5s)
20:11:52 [00033/03749] R117/2007/r117-2007-gb1-2017-04 (312.6s)
20:12:58 [00034/03749] R117/2007/r117-2007-gb1-2019-02 (153.9s)
20:14:20 [00035/03749] R117/2007/r117-2007-jp1-2017-01 (147.7s)
20:14:40 [00036/03749] R117/2007/r117-2007-gb1-2019-03 (187.7s)
20:16:14 [00037/03749] R117/2007/r117-2007-nl1-2015-01-rev1 (196.2s)
20:16:33 [00038/03749] R117/2007/r117-2007-nl1-2015-01 (112.1s)
20:16:46 [00039/03749] R117/2007/r117-2007-nl1-2015-01-rev2 (145.4s)
20:17:21 [00040/03749] R117/2007/r117-2007-jp1-2017-01-rev1 (344.4s)
20:19:21 [00041/03749] R117/2007/r117-2007-nl1-2015-02 (187.2s)
20:19:27 [00042/03749] R117/2007/r117-2007-nl1-2015-03-rev1 (174.0s)
FAIL R117/2007/r117-2007-nl1-2016-01-rev1: expected ',' or '}' after object value, got: '.replace("\"",' at line 265 column 22
20:20:45 [00044/03749] R117/2007/r117-2007-nl1-2016-01 (203.7s)
20:22:46 [00045/03749] R117/2007/r117-2007-nl1-2016-02-rev1 (204.6s)
20:23:22 [00046/03749] R117/2007/r117-2007-nl1-2016-03-rev1 (215.5s)
20:23:30 [00047/03749] R117/2007/r117-2007-nl1-2016-02 (243.6s)
20:24:58 [00048/03749] R117/2007/r117-2007-nl1-2016-03 (253.8s)
20:27:21 [00049/03749] R117/2007/r117-2007-nl1-2016-05-rev1 (230.6s)
20:27:53 [00050/03749] R117/2007/r117-2007-nl1-2016-04 (270.3s)
20:28:05 [00051/03749] R117/2007/r117-2007-nl1-2016-05-rev2 (186.7s)
20:28:06 [00052/03749] R117/2007/r117-2007-nl1-2016-04-rev1 (320.2s)
20:29:09 [00053/03749] R117/2007/r117-2007-nl1-2017-03 (62.9s)
20:29:29 [00054/03749] R117/2007/r117-2007-nl1-2017-02 (83.9s)
20:30:08 [00055/03749] R117/2007/r117-2007-nl1-2016-05 (166.9s)
20:32:24 [00056/03749] R117/2007/r117-2007-nl1-2018-01 (136.2s)
20:32:36 [00057/03749] R117/2007/r117-2007-nl1-2017-01 (283.5s)
20:32:37 [00058/03749] R117/2007/r117-2007-nl1-2017-04-rev1 (207.6s)
20:35:51 [00059/03749] R117/2007/r117-2007-nl1-2017-04 (382.4s)
20:38:11 [00060/03749] R117/2007/r117-2007-nl1-2018-03-rev1 (335.3s)
20:38:36 [00061/03749] R117/2007/r117-2007-nl1-2018-03-rev2 (359.0s)
20:41:06 [00062/03749] R117/2007/r117-2007-nl1-2018-03 (314.4s)
20:41:29 [00063/03749] R117/2007/r117-2007-nl1-2018-02-rev0 (545.3s)
20:43:07 [00064/03749] R117/2007/r117-2007-nl1-2018-05-rev1 (271.5s)
20:43:10 [00065/03749] R117/2007/r117-2007-nl1-2018-04 (298.9s)
20:45:18 [00066/03749] R117/2007/r117-2007-nl1-2018-05 (252.5s)
20:45:32 [00067/03749] R117/2007/r117-2007-nl1-2019-03 (145.2s)
20:46:38 [00068/03749] R117/2007/r117-2007-nl1-2019-04 (208.0s)
20:48:08 [00069/03749] R117/2007/r117-2007-nl1-2019-06 (155.7s)
20:48:57 [00070/03749] R117/2007/r117-2007-nl1-2019-05 (218.9s)
20:50:09 [00071/03749] R117/2007/r117-2007-nl1-2019-07 (210.9s)
20:50:21 [00072/03749] R117/2007/r117-2007-nl1-2019-02 (531.6s)
20:51:37 [00073/03749] R117/2007/r117-2007-nl1-2020-03 (76.1s)
20:51:53 [00074/03749] R117/2007/r117-2007-nl1-2020-02 (104.1s)
20:53:48 [00075/03749] R117/2007/r117-2007-nl1-2019-10 (290.6s)
20:57:08 [00076/03749] R117/2007/r117-2007-nl1-2020-04-rev1 (331.1s)
20:58:14 [00077/03749] R117/2007/r117-2007-nl1-2020-04-rev2 (380.3s)
20:59:02 [00078/03749] R117/2007/r117-2007-nl1-2020-04-rev3 (314.4s)
21:00:18 [00079/03749] R117/2007/r117-2007-nl1-2020-04 (190.4s)
21:04:23 [00080/03749] R117/2007/r117-2007-nl1-2020-05-rev1 (368.8s)
21:05:27 [00081/03749] R117/2007/r117-2007-nl1-2020-05-rev2 (385.3s)
21:07:12 [00082/03749] R117/2007/r117-2007-nl1-2020-06 (169.9s)
21:07:52 [00083/03749] R117/2007/r117-2007-nl1-2020-05 (453.4s)
21:15:21 [00084/03749] R117/2007/r117-2007-nl1-2019-08 (1633.1s)
21:15:36 [00085/03749] R117/2007/r117-2007-nl1-2020-07-rev2 (503.3s)
21:22:21 [00086/03749] R117/2007/r117-2007-nl1-2020-07-rev1 (1013.7s)
21:24:08 [00087/03749] R117/2007/r117-2007-nl1-2020-07 (512.0s)
