targets: 40
09:55:08 OK R137/2012/r137-2012-nl1-2018-04 (2 chunks, 617s)
09:55:56 OK R137/2012/r137-2012-nl1-2015-01 (2 chunks, 664s)
10:06:34 OK R137/2012/r137-2012-nl1-2020-07-rev4 (3 chunks, 686s)
10:09:11 OK R49/2006/r049-2006-cz1-2011-01-rev1 (2 chunks, 795s)
10:10:29 OK R137/2012/r137-2012-nl1-2014-03-rev1 (3 chunks, 1537s)
10:17:58 OK R49/2006/r049-2006-nl1-2019-03 (2 chunks, 527s)
10:22:04 OK R137/2012/r137-2012-nl1-2018-05 (3 chunks, 2232s)
10:23:17 OK R49/2006/r049-2006-de1-2014-01 (3 chunks, 1004s)
10:35:15 OK R49/2013/r049-2013-nl1-2020-01-rev2 (3 chunks, 1037s)
10:42:21 OK R49/2013/r049-2013-nl1-2020-01-rev5 (4 chunks, 1217s)
10:44:01 OK R49/2013/r049-2013-cz1-2022-02 (7 chunks, 2012s)
10:46:11 OK R49/2013/r049-2013-nl1-2020-01-rev6 (4 chunks, 1374s)
FAIL R49/2013/r049-2013-nl1-2020-01: part 2 of R49/2013/r049-2013-nl1-2020-01: {"error" => "HTTP 429: {\"type\":\"error\",\"error\":{\"type\":\"rate_limit_error\",\"code\":\"1302\",\"message\":\"[1302][Rate limit reached for requests][20
10:58:16 OK R49/2013/r49-2013-cz1-2024-06 (3 chunks, 855s)
11:07:57 OK R49/2013/r49-2013-nl1-2020-01-rev10 (4 chunks, 1305s)
11:08:29 OK R49/2013/r49-2013-nl1-2020-01-rev11 (4 chunks, 1313s)
FAIL R49/2013/r49-2013-cz1-2024-02-rev3: part 6 of R49/2013/r49-2013-cz1-2024-02-rev3: {"error" => "HTTP 429: {\"type\":\"error\",\"error\":{\"type\":\"rate_limit_error\",\"code\":\"1302\",\"message\":\"[1302][Rate limit reached for requests
11:18:16 OK R49/2013/r49-2013-nl1-2020-01-rev12 (4 chunks, 1200s)
11:26:26 OK R49/2013/r49-2013-nl1-2020-01-rev14 (4 chunks, 1077s)
11:27:19 OK R49/2013/r49-2013-nl1-2020-01-rev13 (4 chunks, 1162s)
11:39:38 OK R49/2013/r49-2013-nl1-2020-01-rev15 (4 chunks, 1568s)
11:40:02 OK R49/2013/r49-2013-nl1-2020-01-rev7 (4 chunks, 1306s)
11:45:54 OK R49/2013/r49-2013-nl1-2020-01-rev9 (4 chunks, 1115s)
11:48:36 OK R49/2013/r49-2013-nl1-2020-02-rev3 (2 chunks, 514s)
11:48:42 OK R49/2013/r49-2013-nl1-2020-02-rev2 (2 chunks, 544s)
11:51:15 OK R49/2013/r49-2013-nl1-2020-01-rev8 (4 chunks, 1488s)
11:53:51 OK R49/2013/r49-2013-nl1-2021-03-rev10 (2 chunks, 478s)
11:55:24 OK R49/2013/r49-2013-nl1-2021-03-rev6 (2 chunks, 409s)
11:58:50 OK R49/2013/r49-2013-nl1-2021-03-rev7 (2 chunks, 607s)
12:06:05 OK R49/2013/r49-2013-sk1-2020-02-rev1 (4 chunks, 891s)
12:08:37 OK R51/2006/r051-2006-de1-2007-05 (1 chunks, 588s)
12:08:48 OK R49/2013/r49-2013-sk1-2023-02-rev1 (4 chunks, 897s)
12:13:24 OK R51/2006/r051-2006-gb1-2009-04-rev2 (2 chunks, 439s)
12:14:15 OK R49/2013/r49-2013-sk1-2023-02-rev3 (4 chunks, 1131s)
12:18:04 OK R76/1992/r076-1992-gb1-2010-04-rev2 (1 chunks, 567s)
12:18:08 OK R76/1992/r076-1992-gb1-2010-04-rev3 (2 chunks, 560s)
12:20:03 OK R85/2008/r085-2008-gb1-2011-01-rev1 (1 chunks, 115s)
12:20:33 OK R76/2006/r076-2006-ch1-2019-04-rev3 (2 chunks, 429s)
12:22:31 OK R76/2006/r076-2006-gb1-2012-05-rev2 (2 chunks, 495s)
12:24:42 OK R76/2006/r076-2006-gb1-2018-07 (2 chunks, 398s)
done: 38 ok, 2 failed
