raws with blocked pages: 12
R76/1992/r076-1992-nl1-2008-14 page 1: attacking
  page 1: still blocked
R76/1992/r076-1992-nl1-2008-29 page 1: attacking
  page 1: still blocked
R76/2006/r076-2006-dk3-2017-09 page 1: attacking
  page 1: still blocked
R76/2006/r076-2006-gb1-2012-10-rev1 page 1: attacking
  page 1: still blocked
R76/2006/r076-2006-gb1-2012-10-rev1 page 3: attacking
  page 3: still blocked
R76/2006/r076-2006-gb1-2012-10 page 1: attacking
  page 1: still blocked
R76/2006/r076-2006-nl1-2017-22 page 1: attacking
  page 1: still blocked
R76/2006/r076-2006-nl1-2018-29 page 1: attacking
  page 1: still blocked
R76/2006/r076-2006-nl1-2021-15 page 1: attacking
  page 1: still blocked
R76/2006/r76-2006-dk2-2023-07 page 1: attacking
  page 1: still blocked
R76/2006/r76-2006-dk2-2023-08 page 1: attacking
  page 1: still blocked
R76/2006/r76-2006-nl1-2023-09-rev0 page 1: attacking
  page 1: still blocked
R76/2006/r76-2006-nl1-2023-09-rev1 page 1: attacking
  page 1: still blocked
recovered pages: 0; still blocked: 13
